Java HotSpot(TM) 64-Bit Server VM (25.221-b11) for windows-amd64 JRE (1.8.0_221-b11), built on Jul  4 2019 04:39:29 by "java_re" with MS VC++ 10.0 (VS2010)
Memory: 4k page, physical 8191824k(2347112k free), swap 16434056k(3415236k free)
CommandLine flags: -XX:InitialHeapSize=2147483648 -XX:MaxHeapSize=2147483648 -XX:MaxNewSize=715829248 -XX:MaxTenuringThreshold=6 -XX:NewSize=715829248 -XX:OldPLABSize=16 -XX:OldSize=1431654400 -XX:+PrintGC -XX:+PrintGCDateStamps -XX:+PrintGCDetails -XX:+PrintGCTimeStamps -XX:+UseCompressedClassPointers -XX:+UseCompressedOops -XX:+UseConcMarkSweepGC -XX:-UseLargePagesIndividualAllocation -XX:+UseParNewGC 
2020-11-15T18:54:43.304+0800: 0.264: [GC (Allocation Failure) 2020-11-15T18:54:43.304+0800: 0.264: [ParNew: 559232K->69888K(629120K), 0.0309804 secs] 559232K->150810K(2027264K), 0.0311025 secs] [Times: user=0.13 sys=0.19, real=0.03 secs] 
2020-11-15T18:54:43.421+0800: 0.381: [GC (Allocation Failure) 2020-11-15T18:54:43.421+0800: 0.381: [ParNew: 629120K->69887K(629120K), 0.0394959 secs] 710042K->277352K(2027264K), 0.0395495 secs] [Times: user=0.17 sys=0.14, real=0.04 secs] 
2020-11-15T18:54:43.535+0800: 0.496: [GC (Allocation Failure) 2020-11-15T18:54:43.535+0800: 0.496: [ParNew: 629119K->69888K(629120K), 0.0564331 secs] 836584K->411176K(2027264K), 0.0565157 secs] [Times: user=0.58 sys=0.03, real=0.06 secs] 
2020-11-15T18:54:43.670+0800: 0.630: [GC (Allocation Failure) 2020-11-15T18:54:43.670+0800: 0.630: [ParNew: 629120K->69886K(629120K), 0.0541482 secs] 970408K->542915K(2027264K), 0.0542353 secs] [Times: user=0.42 sys=0.03, real=0.05 secs] 
2020-11-15T18:54:43.799+0800: 0.760: [GC (Allocation Failure) 2020-11-15T18:54:43.799+0800: 0.760: [ParNew: 629118K->69888K(629120K), 0.0574737 secs] 1102147K->659212K(2027264K), 0.0575380 secs] [Times: user=0.55 sys=0.05, real=0.06 secs] 
2020-11-15T18:54:43.938+0800: 0.899: [GC (Allocation Failure) 2020-11-15T18:54:43.938+0800: 0.899: [ParNew: 629120K->69887K(629120K), 0.0647420 secs] 1218444K->794270K(2027264K), 0.0648294 secs] [Times: user=0.56 sys=0.05, real=0.07 secs] 
2020-11-15T18:54:44.004+0800: 0.964: [GC (CMS Initial Mark) [1 CMS-initial-mark: 724383K(1398144K)] 805715K(2027264K), 0.0001959 secs] [Times: user=0.00 sys=0.00, real=0.00 secs] 
2020-11-15T18:54:44.004+0800: 0.964: [CMS-concurrent-mark-start]
2020-11-15T18:54:44.007+0800: 0.968: [CMS-concurrent-mark: 0.004/0.004 secs] [Times: user=0.00 sys=0.00, real=0.00 secs] 
2020-11-15T18:54:44.007+0800: 0.968: [CMS-concurrent-preclean-start]
2020-11-15T18:54:44.009+0800: 0.970: [CMS-concurrent-preclean: 0.002/0.002 secs] [Times: user=0.00 sys=0.00, real=0.00 secs] 
2020-11-15T18:54:44.009+0800: 0.970: [CMS-concurrent-abortable-preclean-start]
2020-11-15T18:54:44.082+0800: 1.042: [GC (Allocation Failure) 2020-11-15T18:54:44.082+0800: 1.043: [ParNew2020-11-15T18:54:44.111+0800: 1.071: [CMS-concurrent-abortable-preclean: 0.001/0.101 secs] [Times: user=0.38 sys=0.02, real=0.10 secs] 
: 629119K->69887K(629120K), 0.0615545 secs] 1353502K->919811K(2027264K), 0.0616181 secs] [Times: user=0.58 sys=0.03, real=0.06 secs] 
2020-11-15T18:54:44.144+0800: 1.104: [GC (CMS Final Remark) [YG occupancy: 81491 K (629120 K)]2020-11-15T18:54:44.144+0800: 1.104: [Rescan (parallel) , 0.0006621 secs]2020-11-15T18:54:44.144+0800: 1.105: [weak refs processing, 0.0000092 secs]2020-11-15T18:54:44.144+0800: 1.105: [class unloading, 0.0001831 secs]2020-11-15T18:54:44.145+0800: 1.105: [scrub symbol table, 0.0002523 secs]2020-11-15T18:54:44.145+0800: 1.105: [scrub string table, 0.0000993 secs][1 CMS-remark: 849923K(1398144K)] 931414K(2027264K), 0.0012610 secs] [Times: user=0.00 sys=0.00, real=0.00 secs] 
2020-11-15T18:54:44.145+0800: 1.106: [CMS-concurrent-sweep-start]
Heap
 par new generation   total 629120K, used 92676K [0x0000000080000000, 0x00000000aaaa0000, 0x00000000aaaa0000)
  eden space 559232K,   4% used [0x0000000080000000, 0x0000000081641128, 0x00000000a2220000)
  from space 69888K,  99% used [0x00000000a6660000, 0x00000000aaa9fee0, 0x00000000aaaa0000)
  to   space 69888K,   0% used [0x00000000a2220000, 0x00000000a2220000, 0x00000000a6660000)
 concurrent mark-sweep generation total 1398144K, used 704864K [0x00000000aaaa0000, 0x0000000100000000, 0x0000000100000000)
 Metaspace       used 2645K, capacity 4486K, committed 4864K, reserved 1056768K
  class space    used 292K, capacity 386K, committed 512K, reserved 1048576K
