Java HotSpot(TM) 64-Bit Server VM (25.221-b11) for windows-amd64 JRE (1.8.0_221-b11), built on Jul  4 2019 04:39:29 by "java_re" with MS VC++ 10.0 (VS2010)
Memory: 4k page, physical 8191824k(2335752k free), swap 16434056k(3391700k free)
CommandLine flags: -XX:InitialHeapSize=1073741824 -XX:MaxHeapSize=1073741824 -XX:MaxNewSize=357916672 -XX:MaxTenuringThreshold=6 -XX:NewSize=357916672 -XX:OldPLABSize=16 -XX:OldSize=715825152 -XX:+PrintGC -XX:+PrintGCDateStamps -XX:+PrintGCDetails -XX:+PrintGCTimeStamps -XX:+UseCompressedClassPointers -XX:+UseCompressedOops -XX:+UseConcMarkSweepGC -XX:-UseLargePagesIndividualAllocation -XX:+UseParNewGC 
2020-11-15T18:54:42.008+0800: 0.168: [GC (Allocation Failure) 2020-11-15T18:54:42.008+0800: 0.169: [ParNew: 279616K->34943K(314560K), 0.0177347 secs] 279616K->86590K(1013632K), 0.0178563 secs] [Times: user=0.09 sys=0.06, real=0.02 secs] 
2020-11-15T18:54:42.070+0800: 0.230: [GC (Allocation Failure) 2020-11-15T18:54:42.070+0800: 0.230: [ParNew: 314559K->34944K(314560K), 0.0246505 secs] 366206K->169710K(1013632K), 0.0247049 secs] [Times: user=0.19 sys=0.09, real=0.03 secs] 
2020-11-15T18:54:42.137+0800: 0.296: [GC (Allocation Failure) 2020-11-15T18:54:42.137+0800: 0.296: [ParNew: 314560K->34944K(314560K), 0.0313329 secs] 449326K->245522K(1013632K), 0.0314083 secs] [Times: user=0.28 sys=0.02, real=0.03 secs] 
2020-11-15T18:54:42.208+0800: 0.367: [GC (Allocation Failure) 2020-11-15T18:54:42.208+0800: 0.367: [ParNew: 314560K->34944K(314560K), 0.0316608 secs] 525138K->323217K(1013632K), 0.0317154 secs] [Times: user=0.31 sys=0.00, real=0.03 secs] 
2020-11-15T18:54:42.279+0800: 0.438: [GC (Allocation Failure) 2020-11-15T18:54:42.279+0800: 0.438: [ParNew: 314560K->34942K(314560K), 0.0360692 secs] 602833K->410132K(1013632K), 0.0361332 secs] [Times: user=0.25 sys=0.03, real=0.04 secs] 
2020-11-15T18:54:42.315+0800: 0.475: [GC (CMS Initial Mark) [1 CMS-initial-mark: 375190K(699072K)] 416561K(1013632K), 0.0007332 secs] [Times: user=0.00 sys=0.00, real=0.00 secs] 
2020-11-15T18:54:42.316+0800: 0.475: [CMS-concurrent-mark-start]
2020-11-15T18:54:42.318+0800: 0.477: [CMS-concurrent-mark: 0.002/0.002 secs] [Times: user=0.00 sys=0.00, real=0.00 secs] 
2020-11-15T18:54:42.318+0800: 0.477: [CMS-concurrent-preclean-start]
2020-11-15T18:54:42.319+0800: 0.479: [CMS-concurrent-preclean: 0.001/0.001 secs] [Times: user=0.00 sys=0.00, real=0.00 secs] 
2020-11-15T18:54:42.319+0800: 0.479: [CMS-concurrent-abortable-preclean-start]
2020-11-15T18:54:42.369+0800: 0.529: [GC (Allocation Failure) 2020-11-15T18:54:42.370+0800: 0.529: [ParNew: 314558K->34943K(314560K), 0.0370525 secs] 689748K->492691K(1013632K), 0.0371568 secs] [Times: user=0.41 sys=0.03, real=0.04 secs] 
2020-11-15T18:54:42.449+0800: 0.608: [GC (Allocation Failure) 2020-11-15T18:54:42.449+0800: 0.608: [ParNew: 314559K->34942K(314560K), 0.0313819 secs] 772307K->566135K(1013632K), 0.0314396 secs] [Times: user=0.30 sys=0.02, real=0.03 secs] 
2020-11-15T18:54:42.520+0800: 0.680: [GC (Allocation Failure) 2020-11-15T18:54:42.520+0800: 0.680: [ParNew: 314558K->34943K(314560K), 0.0323594 secs] 845751K->645174K(1013632K), 0.0324185 secs] [Times: user=0.28 sys=0.01, real=0.03 secs] 
2020-11-15T18:54:42.590+0800: 0.751: [GC (Allocation Failure) 2020-11-15T18:54:42.590+0800: 0.751: [ParNew: 314559K->34942K(314560K), 0.0304481 secs] 924790K->715983K(1013632K), 0.0305200 secs] [Times: user=0.17 sys=0.00, real=0.03 secs] 
2020-11-15T18:54:42.622+0800: 0.781: [CMS-concurrent-abortable-preclean: 0.007/0.303 secs] [Times: user=1.34 sys=0.06, real=0.30 secs] 
2020-11-15T18:54:42.622+0800: 0.782: [GC (CMS Final Remark) [YG occupancy: 40746 K (314560 K)]2020-11-15T18:54:42.622+0800: 0.782: [Rescan (parallel) , 0.0006175 secs]2020-11-15T18:54:42.623+0800: 0.782: [weak refs processing, 0.0000133 secs]2020-11-15T18:54:42.623+0800: 0.782: [class unloading, 0.0002216 secs]2020-11-15T18:54:42.623+0800: 0.783: [scrub symbol table, 0.0002841 secs]2020-11-15T18:54:42.624+0800: 0.783: [scrub string table, 0.0000993 secs][1 CMS-remark: 681040K(699072K)] 721787K(1013632K), 0.0012928 secs] [Times: user=0.00 sys=0.00, real=0.00 secs] 
2020-11-15T18:54:42.624+0800: 0.783: [CMS-concurrent-sweep-start]
2020-11-15T18:54:42.625+0800: 0.784: [CMS-concurrent-sweep: 0.001/0.001 secs] [Times: user=0.00 sys=0.00, real=0.00 secs] 
2020-11-15T18:54:42.625+0800: 0.784: [CMS-concurrent-reset-start]
2020-11-15T18:54:42.627+0800: 0.786: [CMS-concurrent-reset: 0.002/0.002 secs] [Times: user=0.00 sys=0.00, real=0.00 secs] 
2020-11-15T18:54:42.665+0800: 0.825: [GC (Allocation Failure) 2020-11-15T18:54:42.665+0800: 0.825: [ParNew: 314558K->34943K(314560K), 0.0196167 secs] 866339K->659745K(1013632K), 0.0196718 secs] [Times: user=0.31 sys=0.00, real=0.02 secs] 
2020-11-15T18:54:42.685+0800: 0.845: [GC (CMS Initial Mark) [1 CMS-initial-mark: 624802K(699072K)] 660033K(1013632K), 0.0002917 secs] [Times: user=0.00 sys=0.00, real=0.00 secs] 
2020-11-15T18:54:42.686+0800: 0.845: [CMS-concurrent-mark-start]
2020-11-15T18:54:42.688+0800: 0.847: [CMS-concurrent-mark: 0.002/0.002 secs] [Times: user=0.00 sys=0.00, real=0.00 secs] 
2020-11-15T18:54:42.688+0800: 0.847: [CMS-concurrent-preclean-start]
2020-11-15T18:54:42.689+0800: 0.848: [CMS-concurrent-preclean: 0.001/0.001 secs] [Times: user=0.00 sys=0.00, real=0.00 secs] 
2020-11-15T18:54:42.689+0800: 0.848: [CMS-concurrent-abortable-preclean-start]
2020-11-15T18:54:42.728+0800: 0.888: [GC (Allocation Failure) 2020-11-15T18:54:42.728+0800: 0.888: [ParNew: 314559K->314559K(314560K), 0.0000144 secs]2020-11-15T18:54:42.728+0800: 0.888: [CMS2020-11-15T18:54:42.728+0800: 0.888: [CMS-concurrent-abortable-preclean: 0.001/0.040 secs] [Times: user=0.03 sys=0.00, real=0.04 secs] 
 (concurrent mode failure): 624802K->359067K(699072K), 0.0663045 secs] 939361K->359067K(1013632K), [Metaspace: 2638K->2638K(1056768K)], 0.0663935 secs] [Times: user=0.08 sys=0.00, real=0.07 secs] 
2020-11-15T18:54:42.835+0800: 0.994: [GC (Allocation Failure) 2020-11-15T18:54:42.835+0800: 0.994: [ParNew: 279616K->34943K(314560K), 0.0154523 secs] 638683K->441151K(1013632K), 0.0155438 secs] [Times: user=0.16 sys=0.00, real=0.01 secs] 
2020-11-15T18:54:42.890+0800: 1.049: [GC (Allocation Failure) 2020-11-15T18:54:42.890+0800: 1.049: [ParNew: 314559K->34943K(314560K), 0.0204730 secs] 720767K->520052K(1013632K), 0.0205274 secs] [Times: user=0.09 sys=0.02, real=0.02 secs] 
2020-11-15T18:54:42.910+0800: 1.070: [GC (CMS Initial Mark) [1 CMS-initial-mark: 485109K(699072K)] 525888K(1013632K), 0.0007716 secs] [Times: user=0.00 sys=0.00, real=0.00 secs] 
2020-11-15T18:54:42.911+0800: 1.071: [CMS-concurrent-mark-start]
Heap
 par new generation   total 314560K, used 46372K [0x00000000c0000000, 0x00000000d5550000, 0x00000000d5550000)
  eden space 279616K,   4% used [0x00000000c0000000, 0x00000000c0b293a8, 0x00000000d1110000)
  from space 34944K,  99% used [0x00000000d1110000, 0x00000000d332fe80, 0x00000000d3330000)
  to   space 34944K,   0% used [0x00000000d3330000, 0x00000000d3330000, 0x00000000d5550000)
 concurrent mark-sweep generation total 699072K, used 485109K [0x00000000d5550000, 0x0000000100000000, 0x0000000100000000)
 Metaspace       used 2645K, capacity 4486K, committed 4864K, reserved 1056768K
  class space    used 292K, capacity 386K, committed 512K, reserved 1048576K
