Java HotSpot(TM) 64-Bit Server VM (25.221-b11) for windows-amd64 JRE (1.8.0_221-b11), built on Jul  4 2019 04:39:29 by "java_re" with MS VC++ 10.0 (VS2010)
Memory: 4k page, physical 8191824k(2379284k free), swap 16434056k(3409000k free)
CommandLine flags: -XX:InitialHeapSize=134217728 -XX:MaxHeapSize=134217728 -XX:MaxNewSize=44740608 -XX:MaxTenuringThreshold=6 -XX:NewSize=44740608 -XX:OldPLABSize=16 -XX:OldSize=89477120 -XX:+PrintGC -XX:+PrintGCDateStamps -XX:+PrintGCDetails -XX:+PrintGCTimeStamps -XX:+UseCompressedClassPointers -XX:+UseCompressedOops -XX:+UseConcMarkSweepGC -XX:-UseLargePagesIndividualAllocation -XX:+UseParNewGC 
2020-11-15T18:54:01.735+0800: 0.086: [GC (Allocation Failure) 2020-11-15T18:54:01.735+0800: 0.086: [ParNew: 34944K->4350K(39296K), 0.0032139 secs] 34944K->10740K(126720K), 0.0033322 secs] [Times: user=0.00 sys=0.00, real=0.00 secs] 
2020-11-15T18:54:01.747+0800: 0.097: [GC (Allocation Failure) 2020-11-15T18:54:01.747+0800: 0.097: [ParNew: 39294K->4352K(39296K), 0.0055551 secs] 45684K->25394K(126720K), 0.0056054 secs] [Times: user=0.00 sys=0.00, real=0.01 secs] 
2020-11-15T18:54:01.760+0800: 0.110: [GC (Allocation Failure) 2020-11-15T18:54:01.760+0800: 0.110: [ParNew: 39296K->4343K(39296K), 0.0048909 secs] 60338K->35844K(126720K), 0.0049358 secs] [Times: user=0.14 sys=0.00, real=0.00 secs] 
2020-11-15T18:54:01.771+0800: 0.121: [GC (Allocation Failure) 2020-11-15T18:54:01.771+0800: 0.121: [ParNew: 39221K->4351K(39296K), 0.0055774 secs] 70723K->48314K(126720K), 0.0056229 secs] [Times: user=0.00 sys=0.00, real=0.01 secs] 
2020-11-15T18:54:01.777+0800: 0.127: [GC (CMS Initial Mark) [1 CMS-initial-mark: 43963K(87424K)] 49234K(126720K), 0.0006995 secs] [Times: user=0.00 sys=0.00, real=0.00 secs] 
2020-11-15T18:54:01.777+0800: 0.128: [CMS-concurrent-mark-start]
2020-11-15T18:54:01.778+0800: 0.128: [CMS-concurrent-mark: 0.001/0.001 secs] [Times: user=0.05 sys=0.02, real=0.00 secs] 
2020-11-15T18:54:01.778+0800: 0.129: [CMS-concurrent-preclean-start]
2020-11-15T18:54:01.778+0800: 0.129: [CMS-concurrent-preclean: 0.000/0.000 secs] [Times: user=0.00 sys=0.00, real=0.00 secs] 
2020-11-15T18:54:01.778+0800: 0.129: [CMS-concurrent-abortable-preclean-start]
2020-11-15T18:54:01.783+0800: 0.133: [GC (Allocation Failure) 2020-11-15T18:54:01.783+0800: 0.133: [ParNew: 39295K->4350K(39296K), 0.0057304 secs] 83258K->62101K(126720K), 0.0057686 secs] [Times: user=0.00 sys=0.00, real=0.01 secs] 
2020-11-15T18:54:01.794+0800: 0.145: [GC (Allocation Failure) 2020-11-15T18:54:01.794+0800: 0.145: [ParNew: 39261K->4347K(39296K), 0.0069225 secs] 97013K->72684K(126720K), 0.0069587 secs] [Times: user=0.00 sys=0.00, real=0.01 secs] 
2020-11-15T18:54:01.807+0800: 0.157: [GC (Allocation Failure) 2020-11-15T18:54:01.807+0800: 0.157: [ParNew: 39291K->4350K(39296K), 0.0047647 secs] 107628K->83051K(126720K), 0.0048075 secs] [Times: user=0.16 sys=0.00, real=0.00 secs] 
2020-11-15T18:54:01.817+0800: 0.168: [GC (Allocation Failure) 2020-11-15T18:54:01.817+0800: 0.168: [ParNew: 39168K->39168K(39296K), 0.0000136 secs]2020-11-15T18:54:01.817+0800: 0.168: [CMS2020-11-15T18:54:01.817+0800: 0.168: [CMS-concurrent-abortable-preclean: 0.001/0.039 secs] [Times: user=0.17 sys=0.00, real=0.04 secs] 
 (concurrent mode failure): 78700K->87308K(87424K), 0.0171870 secs] 117869K->89321K(126720K), [Metaspace: 2638K->2638K(1056768K)], 0.0172654 secs] [Times: user=0.02 sys=0.00, real=0.02 secs] 
2020-11-15T18:54:01.840+0800: 0.191: [Full GC (Allocation Failure) 2020-11-15T18:54:01.840+0800: 0.191: [CMS: 87422K->86719K(87424K), 0.0164501 secs] 126712K->98137K(126720K), [Metaspace: 2638K->2638K(1056768K)], 0.0165095 secs] [Times: user=0.02 sys=0.00, real=0.02 secs] 
2020-11-15T18:54:01.857+0800: 0.207: [GC (CMS Initial Mark) [1 CMS-initial-mark: 86719K(87424K)] 98203K(126720K), 0.0001119 secs] [Times: user=0.00 sys=0.00, real=0.00 secs] 
2020-11-15T18:54:01.857+0800: 0.207: [CMS-concurrent-mark-start]
2020-11-15T18:54:01.858+0800: 0.208: [CMS-concurrent-mark: 0.001/0.001 secs] [Times: user=0.00 sys=0.00, real=0.00 secs] 
2020-11-15T18:54:01.858+0800: 0.208: [CMS-concurrent-preclean-start]
2020-11-15T18:54:01.858+0800: 0.209: [CMS-concurrent-preclean: 0.001/0.001 secs] [Times: user=0.00 sys=0.00, real=0.00 secs] 
2020-11-15T18:54:01.859+0800: 0.209: [CMS-concurrent-abortable-preclean-start]
2020-11-15T18:54:01.859+0800: 0.209: [CMS-concurrent-abortable-preclean: 0.000/0.000 secs] [Times: user=0.00 sys=0.00, real=0.00 secs] 
2020-11-15T18:54:01.859+0800: 0.209: [GC (CMS Final Remark) [YG occupancy: 21950 K (39296 K)]2020-11-15T18:54:01.859+0800: 0.209: [Rescan (parallel) , 0.0001268 secs]2020-11-15T18:54:01.859+0800: 0.209: [weak refs processing, 0.0000108 secs]2020-11-15T18:54:01.859+0800: 0.209: [class unloading, 0.0002227 secs]2020-11-15T18:54:01.859+0800: 0.209: [scrub symbol table, 0.0003305 secs]2020-11-15T18:54:01.860+0800: 0.210: [scrub string table, 0.0001628 secs][1 CMS-remark: 86719K(87424K)] 108670K(126720K), 0.0009115 secs] [Times: user=0.00 sys=0.00, real=0.00 secs] 
2020-11-15T18:54:01.860+0800: 0.210: [CMS-concurrent-sweep-start]
2020-11-15T18:54:01.860+0800: 0.210: [CMS-concurrent-sweep: 0.000/0.000 secs] [Times: user=0.00 sys=0.00, real=0.00 secs] 
2020-11-15T18:54:01.860+0800: 0.210: [CMS-concurrent-reset-start]
2020-11-15T18:54:01.860+0800: 0.210: [CMS-concurrent-reset: 0.000/0.000 secs] [Times: user=0.00 sys=0.00, real=0.00 secs] 
2020-11-15T18:54:01.862+0800: 0.212: [GC (Allocation Failure) 2020-11-15T18:54:01.862+0800: 0.213: [ParNew: 39283K->39283K(39296K), 0.0000138 secs]2020-11-15T18:54:01.862+0800: 0.213: [CMS: 86719K->87300K(87424K), 0.0165640 secs] 126002K->104360K(126720K), [Metaspace: 2638K->2638K(1056768K)], 0.0166309 secs] [Times: user=0.02 sys=0.00, real=0.02 secs] 
2020-11-15T18:54:01.879+0800: 0.229: [GC (CMS Initial Mark) [1 CMS-initial-mark: 87300K(87424K)] 105044K(126720K), 0.0001210 secs] [Times: user=0.00 sys=0.00, real=0.00 secs] 
2020-11-15T18:54:01.879+0800: 0.229: [CMS-concurrent-mark-start]
2020-11-15T18:54:01.879+0800: 0.230: [CMS-concurrent-mark: 0.001/0.001 secs] [Times: user=0.00 sys=0.00, real=0.00 secs] 
2020-11-15T18:54:01.879+0800: 0.230: [CMS-concurrent-preclean-start]
2020-11-15T18:54:01.880+0800: 0.231: [CMS-concurrent-preclean: 0.001/0.001 secs] [Times: user=0.00 sys=0.00, real=0.00 secs] 
2020-11-15T18:54:01.880+0800: 0.231: [CMS-concurrent-abortable-preclean-start]
2020-11-15T18:54:01.880+0800: 0.231: [CMS-concurrent-abortable-preclean: 0.000/0.000 secs] [Times: user=0.00 sys=0.00, real=0.00 secs] 
2020-11-15T18:54:01.881+0800: 0.231: [GC (CMS Final Remark) [YG occupancy: 28589 K (39296 K)]2020-11-15T18:54:01.881+0800: 0.231: [Rescan (parallel) , 0.0004732 secs]2020-11-15T18:54:01.881+0800: 0.231: [weak refs processing, 0.0000094 secs]2020-11-15T18:54:01.881+0800: 0.231: [class unloading, 0.0001857 secs]2020-11-15T18:54:01.881+0800: 0.232: [scrub symbol table, 0.0002869 secs]2020-11-15T18:54:01.882+0800: 0.232: [scrub string table, 0.0001018 secs][1 CMS-remark: 87300K(87424K)] 115890K(126720K), 0.0011031 secs] [Times: user=0.00 sys=0.00, real=0.00 secs] 
2020-11-15T18:54:01.882+0800: 0.232: [CMS-concurrent-sweep-start]
2020-11-15T18:54:01.882+0800: 0.232: [CMS-concurrent-sweep: 0.000/0.000 secs] [Times: user=0.00 sys=0.00, real=0.00 secs] 
2020-11-15T18:54:01.882+0800: 0.232: [CMS-concurrent-reset-start]
2020-11-15T18:54:01.882+0800: 0.232: [CMS-concurrent-reset: 0.000/0.000 secs] [Times: user=0.00 sys=0.00, real=0.00 secs] 
2020-11-15T18:54:01.884+0800: 0.234: [GC (Allocation Failure) 2020-11-15T18:54:01.884+0800: 0.234: [ParNew: 38776K->38776K(39296K), 0.0000114 secs]2020-11-15T18:54:01.884+0800: 0.234: [CMS: 87201K->87387K(87424K), 0.0174976 secs] 125977K->112345K(126720K), [Metaspace: 2638K->2638K(1056768K)], 0.0175646 secs] [Times: user=0.02 sys=0.00, real=0.02 secs] 
2020-11-15T18:54:01.902+0800: 0.252: [GC (CMS Initial Mark) [1 CMS-initial-mark: 87387K(87424K)] 113506K(126720K), 0.0007046 secs] [Times: user=0.00 sys=0.02, real=0.00 secs] 
2020-11-15T18:54:01.903+0800: 0.253: [CMS-concurrent-mark-start]
2020-11-15T18:54:01.903+0800: 0.253: [CMS-concurrent-mark: 0.001/0.001 secs] [Times: user=0.00 sys=0.00, real=0.00 secs] 
2020-11-15T18:54:01.903+0800: 0.253: [CMS-concurrent-preclean-start]
2020-11-15T18:54:01.904+0800: 0.254: [CMS-concurrent-preclean: 0.001/0.001 secs] [Times: user=0.00 sys=0.00, real=0.00 secs] 
2020-11-15T18:54:01.904+0800: 0.254: [CMS-concurrent-abortable-preclean-start]
2020-11-15T18:54:01.904+0800: 0.254: [CMS-concurrent-abortable-preclean: 0.000/0.000 secs] [Times: user=0.00 sys=0.00, real=0.00 secs] 
2020-11-15T18:54:01.904+0800: 0.254: [GC (CMS Final Remark) [YG occupancy: 32666 K (39296 K)]2020-11-15T18:54:01.904+0800: 0.254: [Rescan (parallel) , 0.0005712 secs]2020-11-15T18:54:01.904+0800: 0.255: [weak refs processing, 0.0000089 secs]2020-11-15T18:54:01.904+0800: 0.255: [class unloading, 0.0002475 secs]2020-11-15T18:54:01.905+0800: 0.255: [scrub symbol table, 0.0003042 secs]2020-11-15T18:54:01.905+0800: 0.255: [scrub string table, 0.0001031 secs][1 CMS-remark: 87387K(87424K)] 120053K(126720K), 0.0012806 secs] [Times: user=0.00 sys=0.00, real=0.00 secs] 
2020-11-15T18:54:01.905+0800: 0.255: [CMS-concurrent-sweep-start]
2020-11-15T18:54:01.905+0800: 0.256: [CMS-concurrent-sweep: 0.000/0.000 secs] [Times: user=0.00 sys=0.00, real=0.00 secs] 
2020-11-15T18:54:01.905+0800: 0.256: [CMS-concurrent-reset-start]
2020-11-15T18:54:01.906+0800: 0.256: [CMS-concurrent-reset: 0.000/0.000 secs] [Times: user=0.00 sys=0.00, real=0.00 secs] 
2020-11-15T18:54:01.906+0800: 0.257: [GC (Allocation Failure) 2020-11-15T18:54:01.906+0800: 0.257: [ParNew: 39272K->39272K(39296K), 0.0000113 secs]2020-11-15T18:54:01.906+0800: 0.257: [CMS: 86700K->87407K(87424K), 0.0177512 secs] 125973K->114174K(126720K), [Metaspace: 2638K->2638K(1056768K)], 0.0178103 secs] [Times: user=0.02 sys=0.00, real=0.02 secs] 
2020-11-15T18:54:01.925+0800: 0.275: [GC (CMS Initial Mark) [1 CMS-initial-mark: 87407K(87424K)] 114690K(126720K), 0.0004248 secs] [Times: user=0.00 sys=0.00, real=0.00 secs] 
2020-11-15T18:54:01.925+0800: 0.275: [CMS-concurrent-mark-start]
2020-11-15T18:54:01.925+0800: 0.276: [CMS-concurrent-mark: 0.001/0.001 secs] [Times: user=0.00 sys=0.00, real=0.00 secs] 
2020-11-15T18:54:01.925+0800: 0.276: [CMS-concurrent-preclean-start]
2020-11-15T18:54:01.926+0800: 0.276: [CMS-concurrent-preclean: 0.000/0.000 secs] [Times: user=0.00 sys=0.00, real=0.00 secs] 
2020-11-15T18:54:01.926+0800: 0.276: [CMS-concurrent-abortable-preclean-start]
2020-11-15T18:54:01.926+0800: 0.276: [CMS-concurrent-abortable-preclean: 0.000/0.000 secs] [Times: user=0.00 sys=0.00, real=0.00 secs] 
2020-11-15T18:54:01.926+0800: 0.276: [GC (CMS Final Remark) [YG occupancy: 33293 K (39296 K)]2020-11-15T18:54:01.926+0800: 0.276: [Rescan (parallel) , 0.0003863 secs]2020-11-15T18:54:01.926+0800: 0.277: [weak refs processing, 0.0000094 secs]2020-11-15T18:54:01.926+0800: 0.277: [class unloading, 0.0001788 secs]2020-11-15T18:54:01.927+0800: 0.277: [scrub symbol table, 0.0002639 secs]2020-11-15T18:54:01.927+0800: 0.277: [scrub string table, 0.0000987 secs][1 CMS-remark: 87407K(87424K)] 120700K(126720K), 0.0009840 secs] [Times: user=0.00 sys=0.00, real=0.00 secs] 
2020-11-15T18:54:01.927+0800: 0.277: [CMS-concurrent-sweep-start]
2020-11-15T18:54:01.927+0800: 0.277: [CMS-concurrent-sweep: 0.000/0.000 secs] [Times: user=0.00 sys=0.00, real=0.00 secs] 
2020-11-15T18:54:01.927+0800: 0.277: [CMS-concurrent-reset-start]
2020-11-15T18:54:01.927+0800: 0.278: [CMS-concurrent-reset: 0.000/0.000 secs] [Times: user=0.00 sys=0.00, real=0.00 secs] 
2020-11-15T18:54:01.928+0800: 0.278: [GC (Allocation Failure) 2020-11-15T18:54:01.928+0800: 0.278: [ParNew: 38881K->38881K(39296K), 0.0000107 secs]2020-11-15T18:54:01.928+0800: 0.278: [CMS: 87407K->87160K(87424K), 0.0169101 secs] 126289K->117717K(126720K), [Metaspace: 2638K->2638K(1056768K)], 0.0169692 secs] [Times: user=0.02 sys=0.00, real=0.02 secs] 
2020-11-15T18:54:01.945+0800: 0.295: [GC (CMS Initial Mark) [1 CMS-initial-mark: 87160K(87424K)] 119199K(126720K), 0.0007532 secs] [Times: user=0.00 sys=0.00, real=0.00 secs] 
2020-11-15T18:54:01.946+0800: 0.296: [CMS-concurrent-mark-start]
2020-11-15T18:54:01.947+0800: 0.297: [CMS-concurrent-mark: 0.001/0.001 secs] [Times: user=0.00 sys=0.00, real=0.00 secs] 
2020-11-15T18:54:01.947+0800: 0.297: [CMS-concurrent-preclean-start]
2020-11-15T18:54:01.947+0800: 0.297: [Full GC (Allocation Failure) 2020-11-15T18:54:01.947+0800: 0.297: [CMS2020-11-15T18:54:01.947+0800: 0.297: [CMS-concurrent-preclean: 0.000/0.000 secs] [Times: user=0.00 sys=0.00, real=0.00 secs] 
 (concurrent mode failure): 87160K->87121K(87424K), 0.0162426 secs] 126031K->119754K(126720K), [Metaspace: 2638K->2638K(1056768K)], 0.0162885 secs] [Times: user=0.01 sys=0.00, real=0.02 secs] 
2020-11-15T18:54:01.963+0800: 0.314: [Full GC (Allocation Failure) 2020-11-15T18:54:01.963+0800: 0.314: [CMS: 87121K->87298K(87424K), 0.0159237 secs] 126125K->122331K(126720K), [Metaspace: 2638K->2638K(1056768K)], 0.0159717 secs] [Times: user=0.02 sys=0.00, real=0.02 secs] 
2020-11-15T18:54:01.980+0800: 0.330: [GC (CMS Initial Mark) [1 CMS-initial-mark: 87298K(87424K)] 123122K(126720K), 0.0005172 secs] [Times: user=0.00 sys=0.00, real=0.00 secs] 
2020-11-15T18:54:01.980+0800: 0.331: [CMS-concurrent-mark-start]
2020-11-15T18:54:01.981+0800: 0.332: [CMS-concurrent-mark: 0.001/0.001 secs] [Times: user=0.01 sys=0.00, real=0.00 secs] 
2020-11-15T18:54:01.981+0800: 0.332: [CMS-concurrent-preclean-start]
2020-11-15T18:54:01.982+0800: 0.332: [Full GC (Allocation Failure) 2020-11-15T18:54:01.982+0800: 0.332: [CMS2020-11-15T18:54:01.982+0800: 0.332: [CMS-concurrent-preclean: 0.000/0.001 secs] [Times: user=0.00 sys=0.00, real=0.00 secs] 
 (concurrent mode failure): 87298K->87284K(87424K), 0.0156337 secs] 126524K->122734K(126720K), [Metaspace: 2638K->2638K(1056768K)], 0.0156760 secs] [Times: user=0.02 sys=0.00, real=0.01 secs] 
2020-11-15T18:54:01.998+0800: 0.348: [Full GC (Allocation Failure) 2020-11-15T18:54:01.998+0800: 0.348: [CMS: 87284K->87038K(87424K), 0.0126509 secs] 126468K->123458K(126720K), [Metaspace: 2638K->2638K(1056768K)], 0.0126921 secs] [Times: user=0.00 sys=0.00, real=0.01 secs] 
2020-11-15T18:54:02.011+0800: 0.361: [GC (CMS Initial Mark) [1 CMS-initial-mark: 87038K(87424K)] 123602K(126720K), 0.0004631 secs] [Times: user=0.00 sys=0.00, real=0.00 secs] 
2020-11-15T18:54:02.011+0800: 0.362: [CMS-concurrent-mark-start]
2020-11-15T18:54:02.012+0800: 0.362: [CMS-concurrent-mark: 0.000/0.000 secs] [Times: user=0.00 sys=0.00, real=0.00 secs] 
2020-11-15T18:54:02.012+0800: 0.362: [CMS-concurrent-preclean-start]
2020-11-15T18:54:02.012+0800: 0.362: [Full GC (Allocation Failure) 2020-11-15T18:54:02.012+0800: 0.362: [CMS2020-11-15T18:54:02.012+0800: 0.363: [CMS-concurrent-preclean: 0.000/0.000 secs] [Times: user=0.02 sys=0.00, real=0.00 secs] 
 (concurrent mode failure): 87038K->87038K(87424K), 0.0016433 secs] 126079K->123556K(126720K), [Metaspace: 2638K->2638K(1056768K)], 0.0016713 secs] [Times: user=0.00 sys=0.00, real=0.00 secs] 
2020-11-15T18:54:02.014+0800: 0.364: [Full GC (Allocation Failure) 2020-11-15T18:54:02.014+0800: 0.364: [CMS: 87038K->86939K(87424K), 0.0066498 secs] 125845K->124532K(126720K), [Metaspace: 2638K->2638K(1056768K)], 0.0066770 secs] [Times: user=0.00 sys=0.00, real=0.01 secs] 
2020-11-15T18:54:02.021+0800: 0.371: [GC (CMS Initial Mark) [1 CMS-initial-mark: 86939K(87424K)] 125308K(126720K), 0.0003051 secs] [Times: user=0.00 sys=0.00, real=0.00 secs] 
2020-11-15T18:54:02.021+0800: 0.371: [CMS-concurrent-mark-start]
2020-11-15T18:54:02.021+0800: 0.372: [Full GC (Allocation Failure) 2020-11-15T18:54:02.021+0800: 0.372: [CMS2020-11-15T18:54:02.023+0800: 0.373: [CMS-concurrent-mark: 0.001/0.002 secs] [Times: user=0.00 sys=0.00, real=0.00 secs] 
 (concurrent mode failure): 87103K->86939K(87424K), 0.0030944 secs] 126356K->124648K(126720K), [Metaspace: 2638K->2638K(1056768K)], 0.0031200 secs] [Times: user=0.00 sys=0.00, real=0.00 secs] 
2020-11-15T18:54:02.025+0800: 0.375: [Full GC (Allocation Failure) 2020-11-15T18:54:02.025+0800: 0.375: [CMS: 87155K->87011K(87424K), 0.0011165 secs] 126443K->125743K(126720K), [Metaspace: 2638K->2638K(1056768K)], 0.0011371 secs] [Times: user=0.00 sys=0.00, real=0.00 secs] 
2020-11-15T18:54:02.026+0800: 0.376: [GC (CMS Initial Mark) [1 CMS-initial-mark: 87227K(87424K)] 126462K(126720K), 0.0003033 secs] [Times: user=0.00 sys=0.00, real=0.00 secs] 
2020-11-15T18:54:02.026+0800: 0.377: [CMS-concurrent-mark-start]
2020-11-15T18:54:02.026+0800: 0.377: [Full GC (Allocation Failure) 2020-11-15T18:54:02.026+0800: 0.377: [CMS2020-11-15T18:54:02.028+0800: 0.379: [CMS-concurrent-mark: 0.000/0.002 secs] [Times: user=0.00 sys=0.00, real=0.00 secs] 
 (concurrent mode failure): 87293K->87260K(87424K), 0.0035741 secs] 126528K->126441K(126720K), [Metaspace: 2638K->2638K(1056768K)], 0.0035955 secs] [Times: user=0.00 sys=0.00, real=0.00 secs] 
2020-11-15T18:54:02.030+0800: 0.381: [Full GC (Allocation Failure) 2020-11-15T18:54:02.030+0800: 0.381: [CMS: 87260K->87241K(87424K), 0.0132039 secs] 126441K->126422K(126720K), [Metaspace: 2638K->2638K(1056768K)], 0.0132356 secs] [Times: user=0.00 sys=0.00, real=0.01 secs] 
Heap
 par new generation   total 39296K, used 39218K [0x00000000f8000000, 0x00000000faaa0000, 0x00000000faaa0000)
  eden space 34944K, 100% used [0x00000000f8000000, 0x00000000fa220000, 0x00000000fa220000)
  from space 4352K,  98% used [0x00000000fa660000, 0x00000000faa8ca20, 0x00000000faaa0000)
  to   space 4352K,   0% used [0x00000000fa220000, 0x00000000fa220000, 0x00000000fa660000)
 concurrent mark-sweep generation total 87424K, used 87241K [0x00000000faaa0000, 0x0000000100000000, 0x0000000100000000)
 Metaspace       used 2668K, capacity 4486K, committed 4864K, reserved 1056768K
  class space    used 295K, capacity 386K, committed 512K, reserved 1048576K
