Java HotSpot(TM) 64-Bit Server VM (25.221-b11) for windows-amd64 JRE (1.8.0_221-b11), built on Jul  4 2019 04:39:29 by "java_re" with MS VC++ 10.0 (VS2010)
Memory: 4k page, physical 8191824k(2361740k free), swap 16434056k(3394784k free)
CommandLine flags: -XX:InitialHeapSize=134217728 -XX:MaxHeapSize=134217728 -XX:MaxNewSize=44740608 -XX:MaxTenuringThreshold=6 -XX:NewSize=44740608 -XX:OldPLABSize=16 -XX:OldSize=89477120 -XX:+PrintGC -XX:+PrintGCDateStamps -XX:+PrintGCDetails -XX:+PrintGCTimeStamps -XX:+UseCompressedClassPointers -XX:+UseCompressedOops -XX:+UseConcMarkSweepGC -XX:-UseLargePagesIndividualAllocation -XX:+UseParNewGC 
2020-11-15T18:54:40.232+0800: 0.083: [GC (Allocation Failure) 2020-11-15T18:54:40.232+0800: 0.083: [ParNew: 34944K->4352K(39296K), 0.0034251 secs] 34944K->12216K(126720K), 0.0036525 secs] [Times: user=0.00 sys=0.00, real=0.00 secs] 
2020-11-15T18:54:40.244+0800: 0.095: [GC (Allocation Failure) 2020-11-15T18:54:40.244+0800: 0.095: [ParNew: 39296K->4350K(39296K), 0.0039402 secs] 47160K->23719K(126720K), 0.0039860 secs] [Times: user=0.03 sys=0.13, real=0.00 secs] 
2020-11-15T18:54:40.256+0800: 0.107: [GC (Allocation Failure) 2020-11-15T18:54:40.256+0800: 0.107: [ParNew: 39294K->4344K(39296K), 0.0058596 secs] 58663K->38404K(126720K), 0.0059084 secs] [Times: user=0.00 sys=0.00, real=0.01 secs] 
2020-11-15T18:54:40.268+0800: 0.119: [GC (Allocation Failure) 2020-11-15T18:54:40.268+0800: 0.119: [ParNew: 39225K->4342K(39296K), 0.0057255 secs] 73285K->51167K(126720K), 0.0057739 secs] [Times: user=0.00 sys=0.00, real=0.01 secs] 
2020-11-15T18:54:40.274+0800: 0.125: [GC (CMS Initial Mark) [1 CMS-initial-mark: 46824K(87424K)] 53262K(126720K), 0.0006010 secs] [Times: user=0.00 sys=0.00, real=0.00 secs] 
2020-11-15T18:54:40.274+0800: 0.126: [CMS-concurrent-mark-start]
2020-11-15T18:54:40.276+0800: 0.126: [CMS-concurrent-mark: 0.001/0.001 secs] [Times: user=0.00 sys=0.00, real=0.00 secs] 
2020-11-15T18:54:40.276+0800: 0.126: [CMS-concurrent-preclean-start]
2020-11-15T18:54:40.276+0800: 0.126: [CMS-concurrent-preclean: 0.000/0.000 secs] [Times: user=0.00 sys=0.00, real=0.00 secs] 
2020-11-15T18:54:40.276+0800: 0.126: [CMS-concurrent-abortable-preclean-start]
2020-11-15T18:54:40.280+0800: 0.131: [GC (Allocation Failure) 2020-11-15T18:54:40.280+0800: 0.131: [ParNew: 39286K->4348K(39296K), 0.0053140 secs] 86111K->62827K(126720K), 0.0053607 secs] [Times: user=0.00 sys=0.00, real=0.01 secs] 
2020-11-15T18:54:40.291+0800: 0.142: [GC (Allocation Failure) 2020-11-15T18:54:40.291+0800: 0.142: [ParNew: 39292K->4350K(39296K), 0.0057143 secs] 97771K->76763K(126720K), 0.0057553 secs] [Times: user=0.14 sys=0.02, real=0.01 secs] 
2020-11-15T18:54:40.302+0800: 0.153: [GC (Allocation Failure) 2020-11-15T18:54:40.302+0800: 0.153: [ParNew: 39267K->39267K(39296K), 0.0000235 secs]2020-11-15T18:54:40.302+0800: 0.153: [CMS2020-11-15T18:54:40.302+0800: 0.153: [CMS-concurrent-abortable-preclean: 0.000/0.027 secs] [Times: user=0.16 sys=0.02, real=0.03 secs] 
 (concurrent mode failure): 72413K->80346K(87424K), 0.0158893 secs] 111680K->80346K(126720K), [Metaspace: 2638K->2638K(1056768K)], 0.0159985 secs] [Times: user=0.02 sys=0.00, real=0.01 secs] 
2020-11-15T18:54:40.324+0800: 0.175: [GC (Allocation Failure) 2020-11-15T18:54:40.324+0800: 0.175: [ParNew: 34941K->34941K(39296K), 0.0000141 secs]2020-11-15T18:54:40.324+0800: 0.175: [CMS: 80346K->87304K(87424K), 0.0162651 secs] 115288K->89162K(126720K), [Metaspace: 2638K->2638K(1056768K)], 0.0163401 secs] [Times: user=0.02 sys=0.00, real=0.02 secs] 
2020-11-15T18:54:40.341+0800: 0.191: [GC (CMS Initial Mark) [1 CMS-initial-mark: 87304K(87424K)] 89877K(126720K), 0.0001418 secs] [Times: user=0.00 sys=0.00, real=0.00 secs] 
2020-11-15T18:54:40.341+0800: 0.191: [CMS-concurrent-mark-start]
2020-11-15T18:54:40.341+0800: 0.192: [CMS-concurrent-mark: 0.000/0.000 secs] [Times: user=0.00 sys=0.00, real=0.00 secs] 
2020-11-15T18:54:40.341+0800: 0.192: [CMS-concurrent-preclean-start]
2020-11-15T18:54:40.342+0800: 0.192: [CMS-concurrent-preclean: 0.000/0.000 secs] [Times: user=0.00 sys=0.00, real=0.00 secs] 
2020-11-15T18:54:40.342+0800: 0.192: [CMS-concurrent-abortable-preclean-start]
2020-11-15T18:54:40.342+0800: 0.192: [CMS-concurrent-abortable-preclean: 0.000/0.000 secs] [Times: user=0.00 sys=0.00, real=0.00 secs] 
2020-11-15T18:54:40.342+0800: 0.192: [GC (CMS Final Remark) [YG occupancy: 7374 K (39296 K)]2020-11-15T18:54:40.342+0800: 0.192: [Rescan (parallel) , 0.0006386 secs]2020-11-15T18:54:40.342+0800: 0.193: [weak refs processing, 0.0000089 secs]2020-11-15T18:54:40.342+0800: 0.193: [class unloading, 0.0001974 secs]2020-11-15T18:54:40.343+0800: 0.193: [scrub symbol table, 0.0003261 secs]2020-11-15T18:54:40.343+0800: 0.194: [scrub string table, 0.0001003 secs][1 CMS-remark: 87304K(87424K)] 94679K(126720K), 0.0013165 secs] [Times: user=0.00 sys=0.00, real=0.00 secs] 
2020-11-15T18:54:40.343+0800: 0.194: [CMS-concurrent-sweep-start]
2020-11-15T18:54:40.343+0800: 0.194: [CMS-concurrent-sweep: 0.000/0.000 secs] [Times: user=0.00 sys=0.00, real=0.00 secs] 
2020-11-15T18:54:40.343+0800: 0.194: [CMS-concurrent-reset-start]
2020-11-15T18:54:40.344+0800: 0.194: [CMS-concurrent-reset: 0.000/0.000 secs] [Times: user=0.00 sys=0.00, real=0.00 secs] 
2020-11-15T18:54:40.348+0800: 0.199: [GC (Allocation Failure) 2020-11-15T18:54:40.348+0800: 0.199: [ParNew: 39091K->39091K(39296K), 0.0000135 secs]2020-11-15T18:54:40.348+0800: 0.199: [CMS: 87304K->87041K(87424K), 0.0187081 secs] 126396K->99525K(126720K), [Metaspace: 2638K->2638K(1056768K)], 0.0187757 secs] [Times: user=0.02 sys=0.00, real=0.02 secs] 
2020-11-15T18:54:40.367+0800: 0.218: [GC (CMS Initial Mark) [1 CMS-initial-mark: 87041K(87424K)] 100746K(126720K), 0.0006374 secs] [Times: user=0.00 sys=0.00, real=0.00 secs] 
2020-11-15T18:54:40.368+0800: 0.219: [CMS-concurrent-mark-start]
2020-11-15T18:54:40.368+0800: 0.219: [CMS-concurrent-mark: 0.000/0.000 secs] [Times: user=0.00 sys=0.00, real=0.00 secs] 
2020-11-15T18:54:40.368+0800: 0.219: [CMS-concurrent-preclean-start]
2020-11-15T18:54:40.369+0800: 0.220: [CMS-concurrent-preclean: 0.001/0.001 secs] [Times: user=0.00 sys=0.00, real=0.00 secs] 
2020-11-15T18:54:40.369+0800: 0.220: [CMS-concurrent-abortable-preclean-start]
2020-11-15T18:54:40.369+0800: 0.220: [CMS-concurrent-abortable-preclean: 0.000/0.000 secs] [Times: user=0.00 sys=0.00, real=0.00 secs] 
2020-11-15T18:54:40.369+0800: 0.220: [GC (CMS Final Remark) [YG occupancy: 19537 K (39296 K)]2020-11-15T18:54:40.369+0800: 0.220: [Rescan (parallel) , 0.0004815 secs]2020-11-15T18:54:40.370+0800: 0.220: [weak refs processing, 0.0000084 secs]2020-11-15T18:54:40.370+0800: 0.220: [class unloading, 0.0001640 secs]2020-11-15T18:54:40.370+0800: 0.220: [scrub symbol table, 0.0002652 secs]2020-11-15T18:54:40.370+0800: 0.221: [scrub string table, 0.0000975 secs][1 CMS-remark: 87041K(87424K)] 106579K(126720K), 0.0010624 secs] [Times: user=0.00 sys=0.00, real=0.00 secs] 
2020-11-15T18:54:40.370+0800: 0.221: [CMS-concurrent-sweep-start]
2020-11-15T18:54:40.370+0800: 0.221: [CMS-concurrent-sweep: 0.000/0.000 secs] [Times: user=0.00 sys=0.00, real=0.00 secs] 
2020-11-15T18:54:40.370+0800: 0.221: [CMS-concurrent-reset-start]
2020-11-15T18:54:40.370+0800: 0.221: [CMS-concurrent-reset: 0.000/0.000 secs] [Times: user=0.00 sys=0.00, real=0.00 secs] 
2020-11-15T18:54:40.374+0800: 0.224: [GC (Allocation Failure) 2020-11-15T18:54:40.374+0800: 0.224: [ParNew: 38708K->38708K(39296K), 0.0000128 secs]2020-11-15T18:54:40.374+0800: 0.224: [CMS: 87041K->86841K(87424K), 0.0169868 secs] 125749K->106358K(126720K), [Metaspace: 2638K->2638K(1056768K)], 0.0170516 secs] [Times: user=0.02 sys=0.00, real=0.02 secs] 
2020-11-15T18:54:40.391+0800: 0.242: [GC (CMS Initial Mark) [1 CMS-initial-mark: 86841K(87424K)] 107094K(126720K), 0.0003566 secs] [Times: user=0.00 sys=0.00, real=0.00 secs] 
2020-11-15T18:54:40.391+0800: 0.242: [CMS-concurrent-mark-start]
2020-11-15T18:54:40.391+0800: 0.243: [CMS-concurrent-mark: 0.001/0.001 secs] [Times: user=0.00 sys=0.00, real=0.00 secs] 
2020-11-15T18:54:40.391+0800: 0.243: [CMS-concurrent-preclean-start]
2020-11-15T18:54:40.391+0800: 0.243: [CMS-concurrent-preclean: 0.000/0.000 secs] [Times: user=0.00 sys=0.00, real=0.00 secs] 
2020-11-15T18:54:40.391+0800: 0.243: [CMS-concurrent-abortable-preclean-start]
2020-11-15T18:54:40.391+0800: 0.243: [CMS-concurrent-abortable-preclean: 0.000/0.000 secs] [Times: user=0.00 sys=0.00, real=0.00 secs] 
2020-11-15T18:54:40.392+0800: 0.243: [GC (CMS Final Remark) [YG occupancy: 27711 K (39296 K)]2020-11-15T18:54:40.392+0800: 0.243: [Rescan (parallel) , 0.0004349 secs]2020-11-15T18:54:40.392+0800: 0.244: [weak refs processing, 0.0000085 secs]2020-11-15T18:54:40.392+0800: 0.244: [class unloading, 0.0002365 secs]2020-11-15T18:54:40.393+0800: 0.244: [scrub symbol table, 0.0002643 secs]2020-11-15T18:54:40.393+0800: 0.244: [scrub string table, 0.0000979 secs][1 CMS-remark: 86841K(87424K)] 114552K(126720K), 0.0010858 secs] [Times: user=0.00 sys=0.00, real=0.00 secs] 
2020-11-15T18:54:40.393+0800: 0.244: [CMS-concurrent-sweep-start]
2020-11-15T18:54:40.393+0800: 0.244: [CMS-concurrent-sweep: 0.000/0.000 secs] [Times: user=0.00 sys=0.00, real=0.00 secs] 
2020-11-15T18:54:40.393+0800: 0.245: [CMS-concurrent-reset-start]
2020-11-15T18:54:40.393+0800: 0.245: [CMS-concurrent-reset: 0.000/0.000 secs] [Times: user=0.00 sys=0.00, real=0.00 secs] 
2020-11-15T18:54:40.395+0800: 0.246: [GC (Allocation Failure) 2020-11-15T18:54:40.395+0800: 0.246: [ParNew: 38971K->38971K(39296K), 0.0000111 secs]2020-11-15T18:54:40.395+0800: 0.246: [CMS: 86841K->87398K(87424K), 0.0164856 secs] 125812K->109869K(126720K), [Metaspace: 2638K->2638K(1056768K)], 0.0165435 secs] [Times: user=0.01 sys=0.00, real=0.02 secs] 
2020-11-15T18:54:40.411+0800: 0.263: [GC (CMS Initial Mark) [1 CMS-initial-mark: 87398K(87424K)] 110895K(126720K), 0.0006618 secs] [Times: user=0.00 sys=0.00, real=0.00 secs] 
2020-11-15T18:54:40.412+0800: 0.264: [CMS-concurrent-mark-start]
2020-11-15T18:54:40.413+0800: 0.264: [CMS-concurrent-mark: 0.001/0.001 secs] [Times: user=0.00 sys=0.00, real=0.00 secs] 
2020-11-15T18:54:40.413+0800: 0.264: [CMS-concurrent-preclean-start]
2020-11-15T18:54:40.413+0800: 0.265: [CMS-concurrent-preclean: 0.000/0.000 secs] [Times: user=0.00 sys=0.00, real=0.00 secs] 
2020-11-15T18:54:40.413+0800: 0.265: [CMS-concurrent-abortable-preclean-start]
2020-11-15T18:54:40.413+0800: 0.265: [CMS-concurrent-abortable-preclean: 0.000/0.000 secs] [Times: user=0.00 sys=0.00, real=0.00 secs] 
2020-11-15T18:54:40.414+0800: 0.265: [GC (CMS Final Remark) [YG occupancy: 34463 K (39296 K)]2020-11-15T18:54:40.414+0800: 0.265: [Rescan (parallel) , 0.0005579 secs]2020-11-15T18:54:40.414+0800: 0.266: [weak refs processing, 0.0000087 secs]2020-11-15T18:54:40.414+0800: 0.266: [class unloading, 0.0001892 secs]2020-11-15T18:54:40.414+0800: 0.266: [scrub symbol table, 0.0002923 secs]2020-11-15T18:54:40.415+0800: 0.266: [scrub string table, 0.0001020 secs][1 CMS-remark: 87398K(87424K)] 121861K(126720K), 0.0011946 secs] [Times: user=0.00 sys=0.00, real=0.00 secs] 
2020-11-15T18:54:40.415+0800: 0.266: [CMS-concurrent-sweep-start]
2020-11-15T18:54:40.415+0800: 0.267: [CMS-concurrent-sweep: 0.000/0.000 secs] [Times: user=0.00 sys=0.00, real=0.00 secs] 
2020-11-15T18:54:40.415+0800: 0.267: [CMS-concurrent-reset-start]
2020-11-15T18:54:40.415+0800: 0.267: [CMS-concurrent-reset: 0.000/0.000 secs] [Times: user=0.00 sys=0.00, real=0.00 secs] 
2020-11-15T18:54:40.417+0800: 0.267: [GC (Allocation Failure) 2020-11-15T18:54:40.417+0800: 0.267: [ParNew: 39124K->39124K(39296K), 0.0000107 secs]2020-11-15T18:54:40.417+0800: 0.267: [CMS: 87183K->87362K(87424K), 0.0169714 secs] 126307K->112498K(126720K), [Metaspace: 2638K->2638K(1056768K)], 0.0170317 secs] [Times: user=0.02 sys=0.00, real=0.02 secs] 
2020-11-15T18:54:40.433+0800: 0.285: [GC (CMS Initial Mark) [1 CMS-initial-mark: 87362K(87424K)] 113193K(126720K), 0.0006123 secs] [Times: user=0.02 sys=0.00, real=0.00 secs] 
2020-11-15T18:54:40.435+0800: 0.285: [CMS-concurrent-mark-start]
2020-11-15T18:54:40.435+0800: 0.286: [CMS-concurrent-mark: 0.001/0.001 secs] [Times: user=0.00 sys=0.00, real=0.00 secs] 
2020-11-15T18:54:40.435+0800: 0.286: [CMS-concurrent-preclean-start]
2020-11-15T18:54:40.435+0800: 0.286: [CMS-concurrent-preclean: 0.000/0.000 secs] [Times: user=0.00 sys=0.00, real=0.00 secs] 
2020-11-15T18:54:40.435+0800: 0.286: [CMS-concurrent-abortable-preclean-start]
2020-11-15T18:54:40.435+0800: 0.286: [CMS-concurrent-abortable-preclean: 0.000/0.000 secs] [Times: user=0.00 sys=0.00, real=0.00 secs] 
2020-11-15T18:54:40.435+0800: 0.286: [GC (CMS Final Remark) [YG occupancy: 32392 K (39296 K)]2020-11-15T18:54:40.435+0800: 0.286: [Rescan (parallel) , 0.0002519 secs]2020-11-15T18:54:40.436+0800: 0.287: [weak refs processing, 0.0000086 secs]2020-11-15T18:54:40.436+0800: 0.287: [class unloading, 0.0001942 secs]2020-11-15T18:54:40.436+0800: 0.287: [scrub symbol table, 0.0002557 secs]2020-11-15T18:54:40.436+0800: 0.287: [scrub string table, 0.0000984 secs][1 CMS-remark: 87362K(87424K)] 119754K(126720K), 0.0008540 secs] [Times: user=0.00 sys=0.00, real=0.00 secs] 
2020-11-15T18:54:40.436+0800: 0.287: [CMS-concurrent-sweep-start]
2020-11-15T18:54:40.437+0800: 0.288: [CMS-concurrent-sweep: 0.000/0.000 secs] [Times: user=0.00 sys=0.00, real=0.00 secs] 
2020-11-15T18:54:40.437+0800: 0.288: [CMS-concurrent-reset-start]
2020-11-15T18:54:40.437+0800: 0.288: [CMS-concurrent-reset: 0.000/0.000 secs] [Times: user=0.00 sys=0.00, real=0.00 secs] 
2020-11-15T18:54:40.438+0800: 0.289: [GC (Allocation Failure) 2020-11-15T18:54:40.438+0800: 0.289: [ParNew: 39281K->39281K(39296K), 0.0000114 secs]2020-11-15T18:54:40.438+0800: 0.289: [CMS: 87362K->86917K(87424K), 0.0194595 secs] 126643K->116963K(126720K), [Metaspace: 2638K->2638K(1056768K)], 0.0195152 secs] [Times: user=0.02 sys=0.00, real=0.02 secs] 
2020-11-15T18:54:40.458+0800: 0.309: [GC (CMS Initial Mark) [1 CMS-initial-mark: 86917K(87424K)] 117251K(126720K), 0.0003430 secs] [Times: user=0.00 sys=0.00, real=0.00 secs] 
2020-11-15T18:54:40.458+0800: 0.309: [CMS-concurrent-mark-start]
2020-11-15T18:54:40.459+0800: 0.310: [CMS-concurrent-mark: 0.001/0.001 secs] [Times: user=0.00 sys=0.00, real=0.00 secs] 
2020-11-15T18:54:40.459+0800: 0.310: [CMS-concurrent-preclean-start]
2020-11-15T18:54:40.459+0800: 0.310: [CMS-concurrent-preclean: 0.001/0.001 secs] [Times: user=0.00 sys=0.00, real=0.00 secs] 
2020-11-15T18:54:40.459+0800: 0.310: [CMS-concurrent-abortable-preclean-start]
2020-11-15T18:54:40.459+0800: 0.310: [CMS-concurrent-abortable-preclean: 0.000/0.000 secs] [Times: user=0.00 sys=0.00, real=0.00 secs] 
2020-11-15T18:54:40.459+0800: 0.310: [GC (CMS Final Remark) [YG occupancy: 38167 K (39296 K)]2020-11-15T18:54:40.460+0800: 0.310: [Rescan (parallel) , 0.0001008 secs]2020-11-15T18:54:40.460+0800: 0.310: [weak refs processing, 0.0000096 secs]2020-11-15T18:54:40.460+0800: 0.310: [class unloading, 0.0001835 secs]2020-11-15T18:54:40.460+0800: 0.311: [scrub symbol table, 0.0002822 secs]2020-11-15T18:54:40.460+0800: 0.311: [scrub string table, 0.0001014 secs][1 CMS-remark: 86917K(87424K)] 125084K(126720K), 0.0007229 secs] [Times: user=0.00 sys=0.00, real=0.00 secs] 
2020-11-15T18:54:40.460+0800: 0.311: [CMS-concurrent-sweep-start]
2020-11-15T18:54:40.460+0800: 0.311: [CMS-concurrent-sweep: 0.000/0.000 secs] [Times: user=0.00 sys=0.00, real=0.00 secs] 
2020-11-15T18:54:40.460+0800: 0.311: [CMS-concurrent-reset-start]
2020-11-15T18:54:40.460+0800: 0.311: [GC (Allocation Failure) 2020-11-15T18:54:40.460+0800: 0.311: [ParNew: 39208K->39208K(39296K), 0.0000109 secs]2020-11-15T18:54:40.460+0800: 0.311: [CMS2020-11-15T18:54:40.461+0800: 0.311: [CMS-concurrent-reset: 0.000/0.000 secs] [Times: user=0.00 sys=0.00, real=0.00 secs] 
: 86917K->86825K(87424K), 0.0137615 secs] 126125K->121110K(126720K), [Metaspace: 2638K->2638K(1056768K)], 0.0138122 secs] [Times: user=0.02 sys=0.00, real=0.01 secs] 
2020-11-15T18:54:40.475+0800: 0.326: [Full GC (Allocation Failure) 2020-11-15T18:54:40.475+0800: 0.326: [CMS: 87276K->86793K(87424K), 0.0129961 secs] 126550K->122344K(126720K), [Metaspace: 2638K->2638K(1056768K)], 0.0130330 secs] [Times: user=0.02 sys=0.00, real=0.01 secs] 
2020-11-15T18:54:40.488+0800: 0.339: [GC (CMS Initial Mark) [1 CMS-initial-mark: 86793K(87424K)] 122620K(126720K), 0.0001941 secs] [Times: user=0.00 sys=0.00, real=0.00 secs] 
2020-11-15T18:54:40.488+0800: 0.339: [CMS-concurrent-mark-start]
2020-11-15T18:54:40.488+0800: 0.340: [CMS-concurrent-mark: 0.001/0.001 secs] [Times: user=0.00 sys=0.00, real=0.00 secs] 
2020-11-15T18:54:40.488+0800: 0.340: [CMS-concurrent-preclean-start]
2020-11-15T18:54:40.488+0800: 0.340: [Full GC (Allocation Failure) 2020-11-15T18:54:40.488+0800: 0.340: [CMS2020-11-15T18:54:40.489+0800: 0.340: [CMS-concurrent-preclean: 0.000/0.000 secs] [Times: user=0.00 sys=0.00, real=0.00 secs] 
 (concurrent mode failure): 86793K->87341K(87424K), 0.0091561 secs] 125748K->123612K(126720K), [Metaspace: 2638K->2638K(1056768K)], 0.0091943 secs] [Times: user=0.01 sys=0.00, real=0.01 secs] 
2020-11-15T18:54:40.498+0800: 0.350: [Full GC (Allocation Failure) 2020-11-15T18:54:40.498+0800: 0.350: [CMS: 87416K->87323K(87424K), 0.0108975 secs] 126668K->124342K(126720K), [Metaspace: 2638K->2638K(1056768K)], 0.0109384 secs] [Times: user=0.00 sys=0.00, real=0.01 secs] 
2020-11-15T18:54:40.509+0800: 0.361: [GC (CMS Initial Mark) [1 CMS-initial-mark: 87323K(87424K)] 125251K(126720K), 0.0006067 secs] [Times: user=0.00 sys=0.00, real=0.00 secs] 
2020-11-15T18:54:40.510+0800: 0.361: [CMS-concurrent-mark-start]
2020-11-15T18:54:40.510+0800: 0.362: [Full GC (Allocation Failure) 2020-11-15T18:54:40.510+0800: 0.362: [CMS2020-11-15T18:54:40.512+0800: 0.363: [CMS-concurrent-mark: 0.001/0.002 secs] [Times: user=0.00 sys=0.00, real=0.00 secs] 
 (concurrent mode failure): 87323K->87303K(87424K), 0.0198169 secs] 126067K->124485K(126720K), [Metaspace: 2638K->2638K(1056768K)], 0.0198567 secs] [Times: user=0.02 sys=0.00, real=0.02 secs] 
2020-11-15T18:54:40.531+0800: 0.382: [Full GC (Allocation Failure) 2020-11-15T18:54:40.531+0800: 0.382: [CMS: 87303K->87303K(87424K), 0.0014603 secs] 126384K->125123K(126720K), [Metaspace: 2638K->2638K(1056768K)], 0.0014886 secs] [Times: user=0.00 sys=0.00, real=0.00 secs] 
2020-11-15T18:54:40.532+0800: 0.383: [GC (CMS Initial Mark) [1 CMS-initial-mark: 87303K(87424K)] 125919K(126720K), 0.0002943 secs] [Times: user=0.00 sys=0.00, real=0.00 secs] 
2020-11-15T18:54:40.533+0800: 0.384: [CMS-concurrent-mark-start]
2020-11-15T18:54:40.533+0800: 0.384: [Full GC (Allocation Failure) 2020-11-15T18:54:40.533+0800: 0.384: [CMS2020-11-15T18:54:40.535+0800: 0.386: [CMS-concurrent-mark: 0.000/0.002 secs] [Times: user=0.00 sys=0.00, real=0.00 secs] 
 (concurrent mode failure): 87303K->87300K(87424K), 0.0051243 secs] 126363K->126125K(126720K), [Metaspace: 2638K->2638K(1056768K)], 0.0051507 secs] [Times: user=0.00 sys=0.00, real=0.01 secs] 
2020-11-15T18:54:40.538+0800: 0.389: [Full GC (Allocation Failure) 2020-11-15T18:54:40.538+0800: 0.389: [CMS: 87300K->87300K(87424K), 0.0012701 secs] 126490K->126269K(126720K), [Metaspace: 2638K->2638K(1056768K)], 0.0012977 secs] [Times: user=0.00 sys=0.00, real=0.00 secs] 
2020-11-15T18:54:40.540+0800: 0.391: [GC (CMS Initial Mark) [1 CMS-initial-mark: 87300K(87424K)] 126521K(126720K), 0.0005769 secs] [Times: user=0.00 sys=0.00, real=0.00 secs] 
2020-11-15T18:54:40.540+0800: 0.391: [CMS-concurrent-mark-start]
2020-11-15T18:54:40.541+0800: 0.392: [Full GC (Allocation Failure) 2020-11-15T18:54:40.541+0800: 0.392: [CMS2020-11-15T18:54:40.542+0800: 0.393: [CMS-concurrent-mark: 0.000/0.002 secs] [Times: user=0.00 sys=0.00, real=0.00 secs] 
 (concurrent mode failure): 87372K->87372K(87424K), 0.0026293 secs] 126629K->126053K(126720K), [Metaspace: 2638K->2638K(1056768K)], 0.0026544 secs] [Times: user=0.00 sys=0.00, real=0.00 secs] 
2020-11-15T18:54:40.543+0800: 0.394: [Full GC (Allocation Failure) 2020-11-15T18:54:40.543+0800: 0.394: [CMS: 87372K->87196K(87424K), 0.0122683 secs] 126340K->125981K(126720K), [Metaspace: 2638K->2638K(1056768K)], 0.0123061 secs] [Times: user=0.01 sys=0.00, real=0.01 secs] 
2020-11-15T18:54:40.556+0800: 0.407: [Full GC (Allocation Failure) 2020-11-15T18:54:40.556+0800: 0.407: [CMS: 87196K->87176K(87424K), 0.0129917 secs] 125981K->125962K(126720K), [Metaspace: 2638K->2638K(1056768K)], 0.0130249 secs] [Times: user=0.02 sys=0.00, real=0.01 secs] 
Heap
 par new generation   total 39296K, used 39045K [0x00000000f8000000, 0x00000000faaa0000, 0x00000000faaa0000)
  eden space 34944K, 100% used [0x00000000f8000000, 0x00000000fa220000, 0x00000000fa220000)
  from space 4352K,  94% used [0x00000000fa220000, 0x00000000fa6216f0, 0x00000000fa660000)
  to   space 4352K,   0% used [0x00000000fa660000, 0x00000000fa660000, 0x00000000faaa0000)
 concurrent mark-sweep generation total 87424K, used 87176K [0x00000000faaa0000, 0x0000000100000000, 0x0000000100000000)
 Metaspace       used 2668K, capacity 4486K, committed 4864K, reserved 1056768K
  class space    used 295K, capacity 386K, committed 512K, reserved 1048576K
