Java HotSpot(TM) 64-Bit Server VM (25.221-b11) for windows-amd64 JRE (1.8.0_221-b11), built on Jul  4 2019 04:39:29 by "java_re" with MS VC++ 10.0 (VS2010)
Memory: 4k page, physical 8191824k(2304108k free), swap 16224012k(3143628k free)
CommandLine flags: -XX:InitialHeapSize=2147483648 -XX:MaxHeapSize=2147483648 -XX:+PrintGC -XX:+PrintGCDateStamps -XX:+PrintGCDetails -XX:+PrintGCTimeStamps -XX:+UseCompressedClassPointers -XX:+UseCompressedOops -XX:+UseG1GC -XX:-UseLargePagesIndividualAllocation 
2020-11-15T19:00:40.622+0800: 0.152: [GC pause (G1 Evacuation Pause) (young), 0.0086398 secs]
   [Parallel Time: 6.9 ms, GC Workers: 10]
      [GC Worker Start (ms): Min: 151.9, Avg: 152.0, Max: 152.1, Diff: 0.2]
      [Ext Root Scanning (ms): Min: 0.1, Avg: 0.2, Max: 0.3, Diff: 0.2, Sum: 1.6]
      [Update RS (ms): Min: 0.4, Avg: 0.4, Max: 0.4, Diff: 0.1, Sum: 4.2]
         [Processed Buffers: Min: 6, Avg: 6.1, Max: 7, Diff: 1, Sum: 61]
      [Scan RS (ms): Min: 0.0, Avg: 0.0, Max: 0.0, Diff: 0.0, Sum: 0.1]
      [Code Root Scanning (ms): Min: 0.0, Avg: 0.0, Max: 0.0, Diff: 0.0, Sum: 0.0]
      [Object Copy (ms): Min: 5.1, Avg: 5.4, Max: 5.6, Diff: 0.4, Sum: 53.7]
      [Termination (ms): Min: 0.0, Avg: 0.2, Max: 0.4, Diff: 0.4, Sum: 2.1]
         [Termination Attempts: Min: 1, Avg: 1.0, Max: 1, Diff: 0, Sum: 10]
      [GC Worker Other (ms): Min: 0.0, Avg: 0.0, Max: 0.0, Diff: 0.0, Sum: 0.2]
      [GC Worker Total (ms): Min: 6.1, Avg: 6.2, Max: 6.3, Diff: 0.2, Sum: 61.8]
      [GC Worker End (ms): Min: 158.2, Avg: 158.2, Max: 158.2, Diff: 0.0]
   [Code Root Fixup: 0.0 ms]
   [Code Root Purge: 0.0 ms]
   [Clear CT: 0.5 ms]
   [Other: 1.3 ms]
      [Choose CSet: 0.0 ms]
      [Ref Proc: 0.5 ms]
      [Ref Enq: 0.0 ms]
      [Redirty Cards: 0.2 ms]
      [Humongous Register: 0.2 ms]
      [Humongous Reclaim: 0.0 ms]
      [Free CSet: 0.0 ms]
   [Eden: 102.0M(102.0M)->0.0B(89.0M) Survivors: 0.0B->13.0M Heap: 127.9M(2048.0M)->40.8M(2048.0M)]
 [Times: user=0.00 sys=0.00, real=0.01 secs] 
2020-11-15T19:00:40.652+0800: 0.182: [GC pause (G1 Evacuation Pause) (young), 0.0097550 secs]
   [Parallel Time: 7.7 ms, GC Workers: 10]
      [GC Worker Start (ms): Min: 182.6, Avg: 182.7, Max: 182.7, Diff: 0.2]
      [Ext Root Scanning (ms): Min: 0.1, Avg: 0.1, Max: 0.2, Diff: 0.2, Sum: 1.3]
      [Update RS (ms): Min: 0.3, Avg: 0.4, Max: 0.4, Diff: 0.1, Sum: 4.1]
         [Processed Buffers: Min: 5, Avg: 6.7, Max: 8, Diff: 3, Sum: 67]
      [Scan RS (ms): Min: 0.0, Avg: 0.0, Max: 0.0, Diff: 0.0, Sum: 0.1]
      [Code Root Scanning (ms): Min: 0.0, Avg: 0.0, Max: 0.0, Diff: 0.0, Sum: 0.0]
      [Object Copy (ms): Min: 6.5, Avg: 6.7, Max: 6.9, Diff: 0.3, Sum: 67.1]
      [Termination (ms): Min: 0.0, Avg: 0.2, Max: 0.3, Diff: 0.3, Sum: 1.7]
         [Termination Attempts: Min: 1, Avg: 1.0, Max: 1, Diff: 0, Sum: 10]
      [GC Worker Other (ms): Min: 0.0, Avg: 0.0, Max: 0.1, Diff: 0.1, Sum: 0.4]
      [GC Worker Total (ms): Min: 7.4, Avg: 7.5, Max: 7.6, Diff: 0.3, Sum: 74.7]
      [GC Worker End (ms): Min: 190.1, Avg: 190.1, Max: 190.2, Diff: 0.1]
   [Code Root Fixup: 0.0 ms]
   [Code Root Purge: 0.0 ms]
   [Clear CT: 0.7 ms]
   [Other: 1.3 ms]
      [Choose CSet: 0.0 ms]
      [Ref Proc: 0.4 ms]
      [Ref Enq: 0.0 ms]
      [Redirty Cards: 0.6 ms]
      [Humongous Register: 0.1 ms]
      [Humongous Reclaim: 0.0 ms]
      [Free CSet: 0.0 ms]
   [Eden: 89.0M(89.0M)->0.0B(89.0M) Survivors: 13.0M->13.0M Heap: 146.8M(2048.0M)->69.5M(2048.0M)]
 [Times: user=0.02 sys=0.00, real=0.01 secs] 
2020-11-15T19:00:40.686+0800: 0.216: [GC pause (G1 Evacuation Pause) (young), 0.0096787 secs]
   [Parallel Time: 7.5 ms, GC Workers: 10]
      [GC Worker Start (ms): Min: 215.8, Avg: 215.9, Max: 216.0, Diff: 0.2]
      [Ext Root Scanning (ms): Min: 0.0, Avg: 0.1, Max: 0.2, Diff: 0.2, Sum: 0.6]
      [Update RS (ms): Min: 0.1, Avg: 0.1, Max: 0.2, Diff: 0.1, Sum: 1.0]
         [Processed Buffers: Min: 1, Avg: 1.5, Max: 2, Diff: 1, Sum: 15]
      [Scan RS (ms): Min: 0.0, Avg: 0.0, Max: 0.0, Diff: 0.0, Sum: 0.1]
      [Code Root Scanning (ms): Min: 0.0, Avg: 0.0, Max: 0.0, Diff: 0.0, Sum: 0.0]
      [Object Copy (ms): Min: 6.9, Avg: 7.0, Max: 7.1, Diff: 0.3, Sum: 69.9]
      [Termination (ms): Min: 0.0, Avg: 0.1, Max: 0.3, Diff: 0.3, Sum: 1.5]
         [Termination Attempts: Min: 1, Avg: 1.0, Max: 1, Diff: 0, Sum: 10]
      [GC Worker Other (ms): Min: 0.0, Avg: 0.0, Max: 0.0, Diff: 0.0, Sum: 0.1]
      [GC Worker Total (ms): Min: 7.2, Avg: 7.3, Max: 7.4, Diff: 0.2, Sum: 73.1]
      [GC Worker End (ms): Min: 223.3, Avg: 223.3, Max: 223.3, Diff: 0.0]
   [Code Root Fixup: 0.0 ms]
   [Code Root Purge: 0.0 ms]
   [Clear CT: 0.9 ms]
   [Other: 1.3 ms]
      [Choose CSet: 0.0 ms]
      [Ref Proc: 0.2 ms]
      [Ref Enq: 0.0 ms]
      [Redirty Cards: 0.7 ms]
      [Humongous Register: 0.1 ms]
      [Humongous Reclaim: 0.1 ms]
      [Free CSet: 0.0 ms]
   [Eden: 89.0M(89.0M)->0.0B(89.0M) Survivors: 13.0M->13.0M Heap: 185.0M(2048.0M)->105.6M(2048.0M)]
 [Times: user=0.00 sys=0.00, real=0.01 secs] 
2020-11-15T19:00:40.715+0800: 0.245: [GC pause (G1 Evacuation Pause) (young), 0.0084887 secs]
   [Parallel Time: 6.5 ms, GC Workers: 10]
      [GC Worker Start (ms): Min: 245.2, Avg: 245.2, Max: 245.3, Diff: 0.1]
      [Ext Root Scanning (ms): Min: 0.1, Avg: 0.1, Max: 0.2, Diff: 0.1, Sum: 1.1]
      [Update RS (ms): Min: 0.1, Avg: 0.1, Max: 0.2, Diff: 0.0, Sum: 1.3]
         [Processed Buffers: Min: 0, Avg: 2.0, Max: 3, Diff: 3, Sum: 20]
      [Scan RS (ms): Min: 0.0, Avg: 0.0, Max: 0.0, Diff: 0.0, Sum: 0.1]
      [Code Root Scanning (ms): Min: 0.0, Avg: 0.0, Max: 0.0, Diff: 0.0, Sum: 0.0]
      [Object Copy (ms): Min: 5.5, Avg: 5.6, Max: 5.7, Diff: 0.2, Sum: 56.3]
      [Termination (ms): Min: 0.0, Avg: 0.1, Max: 0.2, Diff: 0.2, Sum: 1.1]
         [Termination Attempts: Min: 1, Avg: 1.3, Max: 3, Diff: 2, Sum: 13]
      [GC Worker Other (ms): Min: 0.0, Avg: 0.0, Max: 0.0, Diff: 0.0, Sum: 0.1]
      [GC Worker Total (ms): Min: 6.0, Avg: 6.0, Max: 6.1, Diff: 0.1, Sum: 60.0]
      [GC Worker End (ms): Min: 251.2, Avg: 251.2, Max: 251.2, Diff: 0.0]
   [Code Root Fixup: 0.0 ms]
   [Code Root Purge: 0.0 ms]
   [Clear CT: 0.5 ms]
   [Other: 1.5 ms]
      [Choose CSet: 0.0 ms]
      [Ref Proc: 0.4 ms]
      [Ref Enq: 0.0 ms]
      [Redirty Cards: 0.8 ms]
      [Humongous Register: 0.1 ms]
      [Humongous Reclaim: 0.0 ms]
      [Free CSet: 0.0 ms]
   [Eden: 89.0M(89.0M)->0.0B(96.0M) Survivors: 13.0M->13.0M Heap: 223.3M(2048.0M)->138.5M(2048.0M)]
 [Times: user=0.00 sys=0.00, real=0.01 secs] 
2020-11-15T19:00:40.745+0800: 0.275: [GC pause (G1 Evacuation Pause) (young), 0.0092567 secs]
   [Parallel Time: 7.6 ms, GC Workers: 10]
      [GC Worker Start (ms): Min: 275.6, Avg: 275.6, Max: 275.7, Diff: 0.1]
      [Ext Root Scanning (ms): Min: 0.1, Avg: 0.1, Max: 0.2, Diff: 0.1, Sum: 1.1]
      [Update RS (ms): Min: 0.1, Avg: 0.2, Max: 0.2, Diff: 0.1, Sum: 1.6]
         [Processed Buffers: Min: 1, Avg: 2.5, Max: 3, Diff: 2, Sum: 25]
      [Scan RS (ms): Min: 0.0, Avg: 0.0, Max: 0.0, Diff: 0.0, Sum: 0.1]
      [Code Root Scanning (ms): Min: 0.0, Avg: 0.0, Max: 0.0, Diff: 0.0, Sum: 0.0]
      [Object Copy (ms): Min: 6.7, Avg: 6.8, Max: 6.9, Diff: 0.2, Sum: 68.0]
      [Termination (ms): Min: 0.0, Avg: 0.1, Max: 0.2, Diff: 0.2, Sum: 1.3]
         [Termination Attempts: Min: 1, Avg: 1.0, Max: 1, Diff: 0, Sum: 10]
      [GC Worker Other (ms): Min: 0.0, Avg: 0.0, Max: 0.0, Diff: 0.0, Sum: 0.1]
      [GC Worker Total (ms): Min: 7.2, Avg: 7.2, Max: 7.3, Diff: 0.1, Sum: 72.1]
      [GC Worker End (ms): Min: 282.8, Avg: 282.8, Max: 282.8, Diff: 0.0]
   [Code Root Fixup: 0.0 ms]
   [Code Root Purge: 0.0 ms]
   [Clear CT: 0.4 ms]
   [Other: 1.2 ms]
      [Choose CSet: 0.0 ms]
      [Ref Proc: 0.4 ms]
      [Ref Enq: 0.0 ms]
      [Redirty Cards: 0.4 ms]
      [Humongous Register: 0.1 ms]
      [Humongous Reclaim: 0.1 ms]
      [Free CSet: 0.0 ms]
   [Eden: 96.0M(96.0M)->0.0B(124.0M) Survivors: 13.0M->14.0M Heap: 254.2M(2048.0M)->167.3M(2048.0M)]
 [Times: user=0.09 sys=0.05, real=0.01 secs] 
2020-11-15T19:00:40.786+0800: 0.315: [GC pause (G1 Evacuation Pause) (young), 0.0115716 secs]
   [Parallel Time: 9.7 ms, GC Workers: 10]
      [GC Worker Start (ms): Min: 315.6, Avg: 315.7, Max: 315.8, Diff: 0.2]
      [Ext Root Scanning (ms): Min: 0.0, Avg: 0.1, Max: 0.2, Diff: 0.2, Sum: 0.7]
      [Update RS (ms): Min: 0.1, Avg: 0.1, Max: 0.2, Diff: 0.0, Sum: 1.4]
         [Processed Buffers: Min: 0, Avg: 2.3, Max: 4, Diff: 4, Sum: 23]
      [Scan RS (ms): Min: 0.0, Avg: 0.0, Max: 0.0, Diff: 0.0, Sum: 0.1]
      [Code Root Scanning (ms): Min: 0.0, Avg: 0.0, Max: 0.0, Diff: 0.0, Sum: 0.0]
      [Object Copy (ms): Min: 8.7, Avg: 8.8, Max: 9.0, Diff: 0.3, Sum: 88.3]
      [Termination (ms): Min: 0.0, Avg: 0.1, Max: 0.3, Diff: 0.3, Sum: 1.5]
         [Termination Attempts: Min: 1, Avg: 1.4, Max: 2, Diff: 1, Sum: 14]
      [GC Worker Other (ms): Min: 0.0, Avg: 0.0, Max: 0.0, Diff: 0.0, Sum: 0.2]
      [GC Worker Total (ms): Min: 9.2, Avg: 9.2, Max: 9.3, Diff: 0.2, Sum: 92.2]
      [GC Worker End (ms): Min: 324.9, Avg: 324.9, Max: 324.9, Diff: 0.0]
   [Code Root Fixup: 0.0 ms]
   [Code Root Purge: 0.0 ms]
   [Clear CT: 0.8 ms]
   [Other: 1.1 ms]
      [Choose CSet: 0.0 ms]
      [Ref Proc: 0.3 ms]
      [Ref Enq: 0.0 ms]
      [Redirty Cards: 0.5 ms]
      [Humongous Register: 0.1 ms]
      [Humongous Reclaim: 0.1 ms]
      [Free CSet: 0.0 ms]
   [Eden: 124.0M(124.0M)->0.0B(251.0M) Survivors: 14.0M->18.0M Heap: 324.7M(2048.0M)->212.6M(2048.0M)]
 [Times: user=0.05 sys=0.11, real=0.01 secs] 
2020-11-15T19:00:40.869+0800: 0.399: [GC pause (G1 Evacuation Pause) (young), 0.0172536 secs]
   [Parallel Time: 16.4 ms, GC Workers: 10]
      [GC Worker Start (ms): Min: 399.2, Avg: 399.2, Max: 399.2, Diff: 0.1]
      [Ext Root Scanning (ms): Min: 0.1, Avg: 0.1, Max: 0.1, Diff: 0.1, Sum: 1.1]
      [Update RS (ms): Min: 0.1, Avg: 0.2, Max: 0.5, Diff: 0.4, Sum: 1.8]
         [Processed Buffers: Min: 0, Avg: 2.2, Max: 3, Diff: 3, Sum: 22]
      [Scan RS (ms): Min: 0.0, Avg: 0.0, Max: 0.0, Diff: 0.0, Sum: 0.2]
      [Code Root Scanning (ms): Min: 0.0, Avg: 0.0, Max: 0.0, Diff: 0.0, Sum: 0.0]
      [Object Copy (ms): Min: 15.6, Avg: 15.8, Max: 16.1, Diff: 0.5, Sum: 158.2]
      [Termination (ms): Min: 0.0, Avg: 0.2, Max: 0.4, Diff: 0.4, Sum: 2.2]
         [Termination Attempts: Min: 1, Avg: 1.0, Max: 1, Diff: 0, Sum: 10]
      [GC Worker Other (ms): Min: 0.0, Avg: 0.0, Max: 0.0, Diff: 0.0, Sum: 0.1]
      [GC Worker Total (ms): Min: 16.3, Avg: 16.4, Max: 16.4, Diff: 0.1, Sum: 163.6]
      [GC Worker End (ms): Min: 415.6, Avg: 415.6, Max: 415.6, Diff: 0.0]
   [Code Root Fixup: 0.0 ms]
   [Code Root Purge: 0.0 ms]
   [Clear CT: 0.1 ms]
   [Other: 0.7 ms]
      [Choose CSet: 0.0 ms]
      [Ref Proc: 0.1 ms]
      [Ref Enq: 0.0 ms]
      [Redirty Cards: 0.0 ms]
      [Humongous Register: 0.2 ms]
      [Humongous Reclaim: 0.1 ms]
      [Free CSet: 0.1 ms]
   [Eden: 251.0M(251.0M)->0.0B(158.0M) Survivors: 18.0M->34.0M Heap: 521.5M(2048.0M)->303.4M(2048.0M)]
 [Times: user=0.03 sys=0.13, real=0.02 secs] 
2020-11-15T19:00:40.922+0800: 0.452: [GC pause (G1 Evacuation Pause) (young), 0.0142636 secs]
   [Parallel Time: 13.5 ms, GC Workers: 10]
      [GC Worker Start (ms): Min: 452.5, Avg: 452.5, Max: 452.6, Diff: 0.1]
      [Ext Root Scanning (ms): Min: 0.1, Avg: 0.1, Max: 0.2, Diff: 0.1, Sum: 1.4]
      [Update RS (ms): Min: 0.1, Avg: 0.2, Max: 1.1, Diff: 1.0, Sum: 2.3]
         [Processed Buffers: Min: 0, Avg: 1.9, Max: 3, Diff: 3, Sum: 19]
      [Scan RS (ms): Min: 0.0, Avg: 0.0, Max: 0.0, Diff: 0.0, Sum: 0.2]
      [Code Root Scanning (ms): Min: 0.0, Avg: 0.0, Max: 0.0, Diff: 0.0, Sum: 0.0]
      [Object Copy (ms): Min: 11.9, Avg: 12.8, Max: 13.0, Diff: 1.2, Sum: 127.8]
      [Termination (ms): Min: 0.0, Avg: 0.2, Max: 0.2, Diff: 0.2, Sum: 1.6]
         [Termination Attempts: Min: 1, Avg: 1.0, Max: 1, Diff: 0, Sum: 10]
      [GC Worker Other (ms): Min: 0.0, Avg: 0.0, Max: 0.0, Diff: 0.0, Sum: 0.2]
      [GC Worker Total (ms): Min: 13.3, Avg: 13.4, Max: 13.4, Diff: 0.1, Sum: 133.5]
      [GC Worker End (ms): Min: 465.9, Avg: 465.9, Max: 465.9, Diff: 0.0]
   [Code Root Fixup: 0.0 ms]
   [Code Root Purge: 0.0 ms]
   [Clear CT: 0.1 ms]
   [Other: 0.7 ms]
      [Choose CSet: 0.0 ms]
      [Ref Proc: 0.1 ms]
      [Ref Enq: 0.0 ms]
      [Redirty Cards: 0.1 ms]
      [Humongous Register: 0.2 ms]
      [Humongous Reclaim: 0.1 ms]
      [Free CSet: 0.1 ms]
   [Eden: 158.0M(158.0M)->0.0B(231.0M) Survivors: 34.0M->24.0M Heap: 514.0M(2048.0M)->352.3M(2048.0M)]
 [Times: user=0.05 sys=0.11, real=0.02 secs] 
2020-11-15T19:00:40.989+0800: 0.518: [GC pause (G1 Evacuation Pause) (young), 0.0187400 secs]
   [Parallel Time: 16.8 ms, GC Workers: 10]
      [GC Worker Start (ms): Min: 518.7, Avg: 518.8, Max: 518.9, Diff: 0.2]
      [Ext Root Scanning (ms): Min: 0.0, Avg: 0.1, Max: 0.2, Diff: 0.2, Sum: 0.7]
      [Update RS (ms): Min: 0.1, Avg: 0.3, Max: 1.5, Diff: 1.4, Sum: 2.7]
         [Processed Buffers: Min: 0, Avg: 2.0, Max: 3, Diff: 3, Sum: 20]
      [Scan RS (ms): Min: 0.0, Avg: 0.0, Max: 0.0, Diff: 0.0, Sum: 0.2]
      [Code Root Scanning (ms): Min: 0.0, Avg: 0.0, Max: 0.0, Diff: 0.0, Sum: 0.0]
      [Object Copy (ms): Min: 14.7, Avg: 16.0, Max: 16.2, Diff: 1.6, Sum: 159.8]
      [Termination (ms): Min: 0.0, Avg: 0.1, Max: 0.2, Diff: 0.2, Sum: 1.4]
         [Termination Attempts: Min: 1, Avg: 1.1, Max: 2, Diff: 1, Sum: 11]
      [GC Worker Other (ms): Min: 0.0, Avg: 0.0, Max: 0.1, Diff: 0.0, Sum: 0.3]
      [GC Worker Total (ms): Min: 16.4, Avg: 16.5, Max: 16.7, Diff: 0.2, Sum: 165.1]
      [GC Worker End (ms): Min: 535.3, Avg: 535.3, Max: 535.3, Diff: 0.0]
   [Code Root Fixup: 0.0 ms]
   [Code Root Purge: 0.0 ms]
   [Clear CT: 0.7 ms]
   [Other: 1.2 ms]
      [Choose CSet: 0.0 ms]
      [Ref Proc: 0.3 ms]
      [Ref Enq: 0.0 ms]
      [Redirty Cards: 0.4 ms]
      [Humongous Register: 0.2 ms]
      [Humongous Reclaim: 0.1 ms]
      [Free CSet: 0.1 ms]
   [Eden: 231.0M(231.0M)->0.0B(375.0M) Survivors: 24.0M->32.0M Heap: 644.6M(2048.0M)->426.1M(2048.0M)]
 [Times: user=0.06 sys=0.09, real=0.02 secs] 
2020-11-15T19:00:41.106+0800: 0.636: [GC pause (G1 Evacuation Pause) (young), 0.0324597 secs]
   [Parallel Time: 29.9 ms, GC Workers: 10]
      [GC Worker Start (ms): Min: 636.3, Avg: 636.4, Max: 636.4, Diff: 0.1]
      [Ext Root Scanning (ms): Min: 0.1, Avg: 0.1, Max: 0.1, Diff: 0.1, Sum: 1.0]
      [Update RS (ms): Min: 0.1, Avg: 0.2, Max: 0.8, Diff: 0.7, Sum: 2.3]
         [Processed Buffers: Min: 0, Avg: 2.5, Max: 3, Diff: 3, Sum: 25]
      [Scan RS (ms): Min: 0.0, Avg: 0.0, Max: 0.1, Diff: 0.1, Sum: 0.3]
      [Code Root Scanning (ms): Min: 0.0, Avg: 0.0, Max: 0.0, Diff: 0.0, Sum: 0.0]
      [Object Copy (ms): Min: 28.6, Avg: 29.0, Max: 29.3, Diff: 0.6, Sum: 290.3]
      [Termination (ms): Min: 0.0, Avg: 0.2, Max: 0.4, Diff: 0.4, Sum: 1.7]
         [Termination Attempts: Min: 1, Avg: 1.0, Max: 1, Diff: 0, Sum: 10]
      [GC Worker Other (ms): Min: 0.0, Avg: 0.1, Max: 0.2, Diff: 0.2, Sum: 0.9]
      [GC Worker Total (ms): Min: 29.6, Avg: 29.7, Max: 29.8, Diff: 0.3, Sum: 296.6]
      [GC Worker End (ms): Min: 665.9, Avg: 666.0, Max: 666.1, Diff: 0.2]
   [Code Root Fixup: 0.0 ms]
   [Code Root Purge: 0.0 ms]
   [Clear CT: 0.9 ms]
   [Other: 1.7 ms]
      [Choose CSet: 0.0 ms]
      [Ref Proc: 0.5 ms]
      [Ref Enq: 0.0 ms]
      [Redirty Cards: 0.5 ms]
      [Humongous Register: 0.2 ms]
      [Humongous Reclaim: 0.2 ms]
      [Free CSet: 0.2 ms]
   [Eden: 375.0M(375.0M)->0.0B(278.0M) Survivors: 32.0M->51.0M Heap: 891.5M(2048.0M)->518.9M(2048.0M)]
 [Times: user=0.06 sys=0.08, real=0.03 secs] 
2020-11-15T19:00:41.196+0800: 0.726: [GC pause (G1 Evacuation Pause) (young), 0.0303019 secs]
   [Parallel Time: 28.1 ms, GC Workers: 10]
      [GC Worker Start (ms): Min: 726.3, Avg: 726.5, Max: 726.5, Diff: 0.2]
      [Ext Root Scanning (ms): Min: 0.0, Avg: 0.1, Max: 0.2, Diff: 0.2, Sum: 0.6]
      [Update RS (ms): Min: 0.2, Avg: 0.2, Max: 0.3, Diff: 0.1, Sum: 2.4]
         [Processed Buffers: Min: 0, Avg: 3.8, Max: 6, Diff: 6, Sum: 38]
      [Scan RS (ms): Min: 0.0, Avg: 0.0, Max: 0.0, Diff: 0.0, Sum: 0.2]
      [Code Root Scanning (ms): Min: 0.0, Avg: 0.0, Max: 0.0, Diff: 0.0, Sum: 0.0]
      [Object Copy (ms): Min: 27.0, Avg: 27.3, Max: 27.5, Diff: 0.5, Sum: 272.7]
      [Termination (ms): Min: 0.0, Avg: 0.3, Max: 0.6, Diff: 0.6, Sum: 2.5]
         [Termination Attempts: Min: 1, Avg: 1.0, Max: 1, Diff: 0, Sum: 10]
      [GC Worker Other (ms): Min: 0.0, Avg: 0.0, Max: 0.0, Diff: 0.0, Sum: 0.3]
      [GC Worker Total (ms): Min: 27.8, Avg: 27.9, Max: 28.0, Diff: 0.2, Sum: 278.7]
      [GC Worker End (ms): Min: 754.3, Avg: 754.3, Max: 754.3, Diff: 0.0]
   [Code Root Fixup: 0.0 ms]
   [Code Root Purge: 0.0 ms]
   [Clear CT: 0.8 ms]
   [Other: 1.4 ms]
      [Choose CSet: 0.0 ms]
      [Ref Proc: 0.2 ms]
      [Ref Enq: 0.0 ms]
      [Redirty Cards: 0.5 ms]
      [Humongous Register: 0.1 ms]
      [Humongous Reclaim: 0.2 ms]
      [Free CSet: 0.3 ms]
   [Eden: 278.0M(278.0M)->0.0B(408.0M) Survivors: 51.0M->42.0M Heap: 871.9M(2048.0M)->590.9M(2048.0M)]
 [Times: user=0.19 sys=0.09, real=0.03 secs] 
2020-11-15T19:00:41.318+0800: 0.847: [GC pause (G1 Evacuation Pause) (young), 0.0387365 secs]
   [Parallel Time: 37.2 ms, GC Workers: 10]
      [GC Worker Start (ms): Min: 847.5, Avg: 847.6, Max: 847.7, Diff: 0.1]
      [Ext Root Scanning (ms): Min: 0.0, Avg: 0.1, Max: 0.2, Diff: 0.1, Sum: 0.8]
      [Update RS (ms): Min: 0.2, Avg: 0.4, Max: 1.4, Diff: 1.2, Sum: 3.5]
         [Processed Buffers: Min: 0, Avg: 3.4, Max: 5, Diff: 5, Sum: 34]
      [Scan RS (ms): Min: 0.0, Avg: 0.0, Max: 0.1, Diff: 0.0, Sum: 0.4]
      [Code Root Scanning (ms): Min: 0.0, Avg: 0.0, Max: 0.0, Diff: 0.0, Sum: 0.0]
      [Object Copy (ms): Min: 35.3, Avg: 36.3, Max: 36.7, Diff: 1.4, Sum: 363.4]
      [Termination (ms): Min: 0.0, Avg: 0.2, Max: 0.4, Diff: 0.4, Sum: 2.1]
         [Termination Attempts: Min: 1, Avg: 1.2, Max: 2, Diff: 1, Sum: 12]
      [GC Worker Other (ms): Min: 0.0, Avg: 0.0, Max: 0.0, Diff: 0.0, Sum: 0.3]
      [GC Worker Total (ms): Min: 37.0, Avg: 37.0, Max: 37.1, Diff: 0.1, Sum: 370.5]
      [GC Worker End (ms): Min: 884.7, Avg: 884.7, Max: 884.7, Diff: 0.0]
   [Code Root Fixup: 0.0 ms]
   [Code Root Purge: 0.0 ms]
   [Clear CT: 0.3 ms]
   [Other: 1.2 ms]
      [Choose CSet: 0.0 ms]
      [Ref Proc: 0.1 ms]
      [Ref Enq: 0.0 ms]
      [Redirty Cards: 0.1 ms]
      [Humongous Register: 0.1 ms]
      [Humongous Reclaim: 0.3 ms]
      [Free CSet: 0.4 ms]
   [Eden: 408.0M(408.0M)->0.0B(363.0M) Survivors: 42.0M->57.0M Heap: 1102.5M(2048.0M)->690.5M(2048.0M)]
 [Times: user=0.06 sys=0.25, real=0.04 secs] 
2020-11-15T19:00:41.432+0800: 0.963: [GC pause (G1 Evacuation Pause) (young), 0.0357056 secs]
   [Parallel Time: 30.0 ms, GC Workers: 10]
      [GC Worker Start (ms): Min: 962.9, Avg: 963.0, Max: 963.1, Diff: 0.2]
      [Ext Root Scanning (ms): Min: 0.0, Avg: 0.1, Max: 0.2, Diff: 0.2, Sum: 0.8]
      [Update RS (ms): Min: 0.2, Avg: 0.3, Max: 1.1, Diff: 0.9, Sum: 2.9]
         [Processed Buffers: Min: 0, Avg: 3.0, Max: 4, Diff: 4, Sum: 30]
      [Scan RS (ms): Min: 0.0, Avg: 0.0, Max: 0.1, Diff: 0.0, Sum: 0.4]
      [Code Root Scanning (ms): Min: 0.0, Avg: 0.0, Max: 0.0, Diff: 0.0, Sum: 0.0]
      [Object Copy (ms): Min: 28.4, Avg: 29.1, Max: 29.4, Diff: 1.1, Sum: 291.5]
      [Termination (ms): Min: 0.0, Avg: 0.2, Max: 0.4, Diff: 0.4, Sum: 2.2]
         [Termination Attempts: Min: 1, Avg: 1.2, Max: 2, Diff: 1, Sum: 12]
      [GC Worker Other (ms): Min: 0.0, Avg: 0.1, Max: 0.1, Diff: 0.1, Sum: 0.7]
      [GC Worker Total (ms): Min: 29.8, Avg: 29.8, Max: 29.9, Diff: 0.2, Sum: 298.4]
      [GC Worker End (ms): Min: 992.9, Avg: 992.9, Max: 992.9, Diff: 0.1]
   [Code Root Fixup: 0.0 ms]
   [Code Root Purge: 0.0 ms]
   [Clear CT: 1.5 ms]
   [Other: 4.2 ms]
      [Choose CSet: 0.0 ms]
      [Ref Proc: 1.8 ms]
      [Ref Enq: 0.0 ms]
      [Redirty Cards: 1.8 ms]
      [Humongous Register: 0.1 ms]
      [Humongous Reclaim: 0.2 ms]
      [Free CSet: 0.1 ms]
   [Eden: 363.0M(363.0M)->0.0B(789.0M) Survivors: 57.0M->53.0M Heap: 1126.7M(2048.0M)->767.8M(2048.0M)]
 [Times: user=0.27 sys=0.00, real=0.04 secs] 
2020-11-15T19:00:41.562+0800: 1.091: [GC pause (G1 Humongous Allocation) (young) (initial-mark), 0.0368227 secs]
   [Parallel Time: 34.7 ms, GC Workers: 10]
      [GC Worker Start (ms): Min: 1091.8, Avg: 1092.0, Max: 1092.1, Diff: 0.2]
      [Ext Root Scanning (ms): Min: 0.0, Avg: 0.1, Max: 0.3, Diff: 0.2, Sum: 1.4]
      [Update RS (ms): Min: 0.2, Avg: 0.4, Max: 1.7, Diff: 1.5, Sum: 3.7]
         [Processed Buffers: Min: 0, Avg: 3.1, Max: 4, Diff: 4, Sum: 31]
      [Scan RS (ms): Min: 0.0, Avg: 0.0, Max: 0.1, Diff: 0.0, Sum: 0.5]
      [Code Root Scanning (ms): Min: 0.0, Avg: 0.0, Max: 0.0, Diff: 0.0, Sum: 0.0]
      [Object Copy (ms): Min: 32.1, Avg: 33.6, Max: 34.0, Diff: 1.9, Sum: 336.5]
      [Termination (ms): Min: 0.0, Avg: 0.2, Max: 0.4, Diff: 0.4, Sum: 2.1]
         [Termination Attempts: Min: 1, Avg: 3.6, Max: 5, Diff: 4, Sum: 36]
      [GC Worker Other (ms): Min: 0.0, Avg: 0.1, Max: 0.1, Diff: 0.1, Sum: 0.5]
      [GC Worker Total (ms): Min: 34.3, Avg: 34.5, Max: 34.6, Diff: 0.3, Sum: 344.7]
      [GC Worker End (ms): Min: 1126.4, Avg: 1126.4, Max: 1126.5, Diff: 0.1]
   [Code Root Fixup: 0.0 ms]
   [Code Root Purge: 0.0 ms]
   [Clear CT: 0.5 ms]
   [Other: 1.6 ms]
      [Choose CSet: 0.0 ms]
      [Ref Proc: 0.5 ms]
      [Ref Enq: 0.0 ms]
      [Redirty Cards: 0.3 ms]
      [Humongous Register: 0.2 ms]
      [Humongous Reclaim: 0.2 ms]
      [Free CSet: 0.1 ms]
   [Eden: 408.0M(789.0M)->0.0B(277.0M) Survivors: 53.0M->106.0M Heap: 1269.9M(2048.0M)->843.2M(2048.0M)]
 [Times: user=0.06 sys=0.22, real=0.04 secs] 
2020-11-15T19:00:41.598+0800: 1.128: [GC concurrent-root-region-scan-start]
2020-11-15T19:00:41.598+0800: 1.129: [GC concurrent-root-region-scan-end, 0.0001801 secs]
2020-11-15T19:00:41.598+0800: 1.129: [GC concurrent-mark-start]
2020-11-15T19:00:41.600+0800: 1.130: [GC concurrent-mark-end, 0.0018211 secs]
2020-11-15T19:00:41.600+0800: 1.130: [GC remark 2020-11-15T19:00:41.600+0800: 1.130: [Finalize Marking, 0.0001801 secs] 2020-11-15T19:00:41.601+0800: 1.131: [GC ref-proc, 0.0000712 secs] 2020-11-15T19:00:41.601+0800: 1.131: [Unloading, 0.0003802 secs], 0.0011514 secs]
 [Times: user=0.00 sys=0.00, real=0.00 secs] 
2020-11-15T19:00:41.602+0800: 1.132: [GC cleanup 844M->629M(2048M), 0.0010694 secs]
 [Times: user=0.00 sys=0.00, real=0.00 secs] 
2020-11-15T19:00:41.603+0800: 1.133: [GC concurrent-cleanup-start]
2020-11-15T19:00:41.603+0800: 1.133: [GC concurrent-cleanup-end, 0.0001029 secs]
Heap
 garbage-first heap   total 2097152K, used 644003K [0x0000000080000000, 0x0000000080104000, 0x0000000100000000)
  region size 1024K, 107 young (109568K), 106 survivors (108544K)
 Metaspace       used 2645K, capacity 4486K, committed 4864K, reserved 1056768K
  class space    used 292K, capacity 386K, committed 512K, reserved 1048576K
