Java HotSpot(TM) 64-Bit Server VM (25.221-b11) for windows-amd64 JRE (1.8.0_221-b11), built on Jul  4 2019 04:39:29 by "java_re" with MS VC++ 10.0 (VS2010)
Memory: 4k page, physical 8191824k(2340940k free), swap 16434056k(3394068k free)
CommandLine flags: -XX:InitialHeapSize=536870912 -XX:MaxHeapSize=536870912 -XX:MaxNewSize=178958336 -XX:MaxTenuringThreshold=6 -XX:NewSize=178958336 -XX:OldPLABSize=16 -XX:OldSize=357912576 -XX:+PrintGC -XX:+PrintGCDateStamps -XX:+PrintGCDetails -XX:+PrintGCTimeStamps -XX:+UseCompressedClassPointers -XX:+UseCompressedOops -XX:+UseConcMarkSweepGC -XX:-UseLargePagesIndividualAllocation -XX:+UseParNewGC 
2020-11-15T18:54:40.750+0800: 0.118: [GC (Allocation Failure) 2020-11-15T18:54:40.750+0800: 0.118: [ParNew: 139776K->17470K(157248K), 0.0095065 secs] 139776K->43603K(506816K), 0.0096307 secs] [Times: user=0.00 sys=0.00, real=0.01 secs] 
2020-11-15T18:54:40.781+0800: 0.150: [GC (Allocation Failure) 2020-11-15T18:54:40.781+0800: 0.150: [ParNew: 157246K->17472K(157248K), 0.0148794 secs] 183379K->92168K(506816K), 0.0149448 secs] [Times: user=0.08 sys=0.08, real=0.02 secs] 
2020-11-15T18:54:40.816+0800: 0.186: [GC (Allocation Failure) 2020-11-15T18:54:40.817+0800: 0.186: [ParNew: 157101K->17472K(157248K), 0.0211988 secs] 231797K->144000K(506816K), 0.0212619 secs] [Times: user=0.14 sys=0.02, real=0.02 secs] 
2020-11-15T18:54:40.859+0800: 0.228: [GC (Allocation Failure) 2020-11-15T18:54:40.859+0800: 0.228: [ParNew: 157248K->17471K(157248K), 0.0202844 secs] 283776K->192952K(506816K), 0.0203397 secs] [Times: user=0.16 sys=0.00, real=0.02 secs] 
2020-11-15T18:54:40.879+0800: 0.248: [GC (CMS Initial Mark) [1 CMS-initial-mark: 175481K(349568K)] 195811K(506816K), 0.0006042 secs] [Times: user=0.00 sys=0.00, real=0.00 secs] 
2020-11-15T18:54:40.879+0800: 0.249: [CMS-concurrent-mark-start]
2020-11-15T18:54:40.880+0800: 0.250: [CMS-concurrent-mark: 0.001/0.001 secs] [Times: user=0.00 sys=0.00, real=0.00 secs] 
2020-11-15T18:54:40.880+0800: 0.250: [CMS-concurrent-preclean-start]
2020-11-15T18:54:40.880+0800: 0.250: [CMS-concurrent-preclean: 0.000/0.000 secs] [Times: user=0.00 sys=0.00, real=0.00 secs] 
2020-11-15T18:54:40.880+0800: 0.250: [CMS-concurrent-abortable-preclean-start]
2020-11-15T18:54:40.901+0800: 0.270: [GC (Allocation Failure) 2020-11-15T18:54:40.901+0800: 0.270: [ParNew: 157247K->17469K(157248K), 0.0169987 secs] 332728K->233067K(506816K), 0.0170603 secs] [Times: user=0.16 sys=0.00, real=0.02 secs] 
2020-11-15T18:54:40.939+0800: 0.307: [GC (Allocation Failure) 2020-11-15T18:54:40.939+0800: 0.307: [ParNew: 157245K->17471K(157248K), 0.0201165 secs] 372843K->282961K(506816K), 0.0201765 secs] [Times: user=0.13 sys=0.01, real=0.02 secs] 
2020-11-15T18:54:40.978+0800: 0.348: [GC (Allocation Failure) 2020-11-15T18:54:40.978+0800: 0.348: [ParNew: 157247K->17471K(157248K), 0.0194419 secs] 422737K->330152K(506816K), 0.0195007 secs] [Times: user=0.30 sys=0.00, real=0.02 secs] 
2020-11-15T18:54:41.018+0800: 0.387: [GC (Allocation Failure) 2020-11-15T18:54:41.019+0800: 0.387: [ParNew: 157247K->157247K(157248K), 0.0000225 secs]2020-11-15T18:54:41.019+0800: 0.387: [CMS2020-11-15T18:54:41.019+0800: 0.387: [CMS-concurrent-abortable-preclean: 0.003/0.137 secs] [Times: user=0.67 sys=0.01, real=0.14 secs] 
 (concurrent mode failure): 312680K->254276K(349568K), 0.0452800 secs] 469928K->254276K(506816K), [Metaspace: 2638K->2638K(1056768K)], 0.0454033 secs] [Times: user=0.05 sys=0.00, real=0.05 secs] 
2020-11-15T18:54:41.082+0800: 0.450: [GC (Allocation Failure) 2020-11-15T18:54:41.082+0800: 0.450: [ParNew: 139656K->17469K(157248K), 0.0087995 secs] 393933K->298066K(506816K), 0.0088586 secs] [Times: user=0.00 sys=0.00, real=0.01 secs] 
2020-11-15T18:54:41.090+0800: 0.459: [GC (CMS Initial Mark) [1 CMS-initial-mark: 280596K(349568K)] 301543K(506816K), 0.0004562 secs] [Times: user=0.00 sys=0.00, real=0.00 secs] 
2020-11-15T18:54:41.090+0800: 0.460: [CMS-concurrent-mark-start]
2020-11-15T18:54:41.092+0800: 0.461: [CMS-concurrent-mark: 0.001/0.001 secs] [Times: user=0.00 sys=0.00, real=0.00 secs] 
2020-11-15T18:54:41.092+0800: 0.461: [CMS-concurrent-preclean-start]
2020-11-15T18:54:41.092+0800: 0.461: [CMS-concurrent-preclean: 0.000/0.000 secs] [Times: user=0.00 sys=0.00, real=0.00 secs] 
2020-11-15T18:54:41.092+0800: 0.461: [CMS-concurrent-abortable-preclean-start]
2020-11-15T18:54:41.111+0800: 0.480: [GC (Allocation Failure) 2020-11-15T18:54:41.111+0800: 0.480: [ParNew: 157245K->17471K(157248K), 0.0133608 secs] 437842K->341792K(506816K), 0.0134223 secs] [Times: user=0.16 sys=0.00, real=0.01 secs] 
2020-11-15T18:54:41.144+0800: 0.514: [GC (Allocation Failure) 2020-11-15T18:54:41.144+0800: 0.514: [ParNew: 157247K->157247K(157248K), 0.0000163 secs]2020-11-15T18:54:41.144+0800: 0.514: [CMS2020-11-15T18:54:41.144+0800: 0.514: [CMS-concurrent-abortable-preclean: 0.001/0.053 secs] [Times: user=0.19 sys=0.00, real=0.05 secs] 
 (concurrent mode failure): 324320K->291289K(349568K), 0.0584654 secs] 481568K->291289K(506816K), [Metaspace: 2638K->2638K(1056768K)], 0.0585552 secs] [Times: user=0.06 sys=0.00, real=0.06 secs] 
2020-11-15T18:54:41.223+0800: 0.592: [GC (Allocation Failure) 2020-11-15T18:54:41.223+0800: 0.592: [ParNew: 139776K->17470K(157248K), 0.0081396 secs] 431065K->334622K(506816K), 0.0082427 secs] [Times: user=0.16 sys=0.00, real=0.01 secs] 
2020-11-15T18:54:41.231+0800: 0.600: [GC (CMS Initial Mark) [1 CMS-initial-mark: 317151K(349568K)] 338161K(506816K), 0.0005415 secs] [Times: user=0.00 sys=0.00, real=0.00 secs] 
2020-11-15T18:54:41.232+0800: 0.601: [CMS-concurrent-mark-start]
2020-11-15T18:54:41.232+0800: 0.602: [CMS-concurrent-mark: 0.001/0.001 secs] [Times: user=0.00 sys=0.00, real=0.00 secs] 
2020-11-15T18:54:41.232+0800: 0.602: [CMS-concurrent-preclean-start]
2020-11-15T18:54:41.232+0800: 0.602: [CMS-concurrent-preclean: 0.000/0.000 secs] [Times: user=0.00 sys=0.00, real=0.00 secs] 
2020-11-15T18:54:41.232+0800: 0.602: [CMS-concurrent-abortable-preclean-start]
2020-11-15T18:54:41.252+0800: 0.621: [GC (Allocation Failure) 2020-11-15T18:54:41.252+0800: 0.621: [ParNew: 157246K->157246K(157248K), 0.0000188 secs]2020-11-15T18:54:41.252+0800: 0.621: [CMS2020-11-15T18:54:41.252+0800: 0.621: [CMS-concurrent-abortable-preclean: 0.000/0.019 secs] [Times: user=0.02 sys=0.00, real=0.02 secs] 
 (concurrent mode failure): 317151K->312940K(349568K), 0.0560680 secs] 474398K->312940K(506816K), [Metaspace: 2638K->2638K(1056768K)], 0.0561674 secs] [Times: user=0.05 sys=0.00, real=0.06 secs] 
2020-11-15T18:54:41.327+0800: 0.696: [GC (Allocation Failure) 2020-11-15T18:54:41.328+0800: 0.696: [ParNew: 139776K->17471K(157248K), 0.0138443 secs] 452716K->365935K(506816K), 0.0139407 secs] [Times: user=0.13 sys=0.02, real=0.01 secs] 
2020-11-15T18:54:41.341+0800: 0.710: [GC (CMS Initial Mark) [1 CMS-initial-mark: 348464K(349568K)] 368907K(506816K), 0.0007418 secs] [Times: user=0.00 sys=0.00, real=0.00 secs] 
2020-11-15T18:54:41.342+0800: 0.711: [CMS-concurrent-mark-start]
2020-11-15T18:54:41.344+0800: 0.712: [CMS-concurrent-mark: 0.001/0.001 secs] [Times: user=0.00 sys=0.00, real=0.00 secs] 
2020-11-15T18:54:41.344+0800: 0.712: [CMS-concurrent-preclean-start]
2020-11-15T18:54:41.344+0800: 0.713: [CMS-concurrent-preclean: 0.000/0.000 secs] [Times: user=0.00 sys=0.00, real=0.00 secs] 
2020-11-15T18:54:41.344+0800: 0.713: [CMS-concurrent-abortable-preclean-start]
2020-11-15T18:54:41.344+0800: 0.713: [CMS-concurrent-abortable-preclean: 0.000/0.000 secs] [Times: user=0.00 sys=0.00, real=0.00 secs] 
2020-11-15T18:54:41.344+0800: 0.713: [GC (CMS Final Remark) [YG occupancy: 29896 K (157248 K)]2020-11-15T18:54:41.344+0800: 0.713: [Rescan (parallel) , 0.0004797 secs]2020-11-15T18:54:41.344+0800: 0.713: [weak refs processing, 0.0000087 secs]2020-11-15T18:54:41.344+0800: 0.713: [class unloading, 0.0001872 secs]2020-11-15T18:54:41.344+0800: 0.714: [scrub symbol table, 0.0002836 secs]2020-11-15T18:54:41.344+0800: 0.714: [scrub string table, 0.0001220 secs][1 CMS-remark: 348464K(349568K)] 378360K(506816K), 0.0011326 secs] [Times: user=0.00 sys=0.00, real=0.00 secs] 
2020-11-15T18:54:41.345+0800: 0.714: [CMS-concurrent-sweep-start]
2020-11-15T18:54:41.346+0800: 0.715: [CMS-concurrent-sweep: 0.001/0.001 secs] [Times: user=0.00 sys=0.00, real=0.00 secs] 
2020-11-15T18:54:41.346+0800: 0.715: [CMS-concurrent-reset-start]
2020-11-15T18:54:41.347+0800: 0.715: [CMS-concurrent-reset: 0.000/0.000 secs] [Times: user=0.00 sys=0.00, real=0.00 secs] 
2020-11-15T18:54:41.364+0800: 0.733: [GC (Allocation Failure) 2020-11-15T18:54:41.365+0800: 0.733: [ParNew: 157247K->157247K(157248K), 0.0000231 secs]2020-11-15T18:54:41.365+0800: 0.733: [CMS: 307668K->333790K(349568K), 0.0573987 secs] 464916K->333790K(506816K), [Metaspace: 2638K->2638K(1056768K)], 0.0574921 secs] [Times: user=0.06 sys=0.00, real=0.06 secs] 
2020-11-15T18:54:41.422+0800: 0.791: [GC (CMS Initial Mark) [1 CMS-initial-mark: 333790K(349568K)] 337412K(506816K), 0.0003064 secs] [Times: user=0.00 sys=0.00, real=0.00 secs] 
2020-11-15T18:54:41.423+0800: 0.791: [CMS-concurrent-mark-start]
2020-11-15T18:54:41.423+0800: 0.793: [CMS-concurrent-mark: 0.001/0.001 secs] [Times: user=0.00 sys=0.00, real=0.00 secs] 
2020-11-15T18:54:41.423+0800: 0.793: [CMS-concurrent-preclean-start]
2020-11-15T18:54:41.423+0800: 0.793: [CMS-concurrent-preclean: 0.000/0.000 secs] [Times: user=0.00 sys=0.00, real=0.00 secs] 
2020-11-15T18:54:41.423+0800: 0.793: [CMS-concurrent-abortable-preclean-start]
2020-11-15T18:54:41.443+0800: 0.811: [GC (Allocation Failure) 2020-11-15T18:54:41.443+0800: 0.811: [ParNew: 139776K->139776K(157248K), 0.0000180 secs]2020-11-15T18:54:41.443+0800: 0.811: [CMS2020-11-15T18:54:41.443+0800: 0.811: [CMS-concurrent-abortable-preclean: 0.000/0.018 secs] [Times: user=0.02 sys=0.00, real=0.02 secs] 
 (concurrent mode failure): 333790K->340437K(349568K), 0.0573114 secs] 473566K->340437K(506816K), [Metaspace: 2638K->2638K(1056768K)], 0.0574267 secs] [Times: user=0.06 sys=0.00, real=0.06 secs] 
2020-11-15T18:54:41.518+0800: 0.887: [GC (Allocation Failure) 2020-11-15T18:54:41.518+0800: 0.887: [ParNew: 139506K->139506K(157248K), 0.0000166 secs]2020-11-15T18:54:41.518+0800: 0.888: [CMS: 340437K->345003K(349568K), 0.0598473 secs] 479943K->345003K(506816K), [Metaspace: 2638K->2638K(1056768K)], 0.0599397 secs] [Times: user=0.06 sys=0.00, real=0.06 secs] 
2020-11-15T18:54:41.578+0800: 0.948: [GC (CMS Initial Mark) [1 CMS-initial-mark: 345003K(349568K)] 348055K(506816K), 0.0004752 secs] [Times: user=0.00 sys=0.00, real=0.00 secs] 
2020-11-15T18:54:41.579+0800: 0.948: [CMS-concurrent-mark-start]
2020-11-15T18:54:41.579+0800: 0.949: [CMS-concurrent-mark: 0.001/0.001 secs] [Times: user=0.00 sys=0.00, real=0.00 secs] 
2020-11-15T18:54:41.580+0800: 0.949: [CMS-concurrent-preclean-start]
2020-11-15T18:54:41.580+0800: 0.949: [CMS-concurrent-preclean: 0.000/0.000 secs] [Times: user=0.00 sys=0.00, real=0.00 secs] 
2020-11-15T18:54:41.580+0800: 0.949: [CMS-concurrent-abortable-preclean-start]
2020-11-15T18:54:41.580+0800: 0.949: [CMS-concurrent-abortable-preclean: 0.000/0.000 secs] [Times: user=0.00 sys=0.00, real=0.00 secs] 
2020-11-15T18:54:41.580+0800: 0.950: [GC (CMS Final Remark) [YG occupancy: 13604 K (157248 K)]2020-11-15T18:54:41.580+0800: 0.950: [Rescan (parallel) , 0.0005623 secs]2020-11-15T18:54:41.581+0800: 0.950: [weak refs processing, 0.0000090 secs]2020-11-15T18:54:41.581+0800: 0.950: [class unloading, 0.0002078 secs]2020-11-15T18:54:41.582+0800: 0.950: [scrub symbol table, 0.0003756 secs]2020-11-15T18:54:41.582+0800: 0.951: [scrub string table, 0.0001095 secs][1 CMS-remark: 345003K(349568K)] 358608K(506816K), 0.0013133 secs] [Times: user=0.00 sys=0.00, real=0.00 secs] 
2020-11-15T18:54:41.582+0800: 0.951: [CMS-concurrent-sweep-start]
2020-11-15T18:54:41.582+0800: 0.952: [CMS-concurrent-sweep: 0.001/0.001 secs] [Times: user=0.00 sys=0.00, real=0.00 secs] 
2020-11-15T18:54:41.582+0800: 0.952: [CMS-concurrent-reset-start]
2020-11-15T18:54:41.583+0800: 0.952: [CMS-concurrent-reset: 0.001/0.001 secs] [Times: user=0.00 sys=0.00, real=0.00 secs] 
2020-11-15T18:54:41.599+0800: 0.968: [GC (Allocation Failure) 2020-11-15T18:54:41.599+0800: 0.968: [ParNew: 139776K->139776K(157248K), 0.0000155 secs]2020-11-15T18:54:41.599+0800: 0.968: [CMS: 344398K->349488K(349568K), 0.0609018 secs] 484174K->353456K(506816K), [Metaspace: 2638K->2638K(1056768K)], 0.0609895 secs] [Times: user=0.06 sys=0.00, real=0.06 secs] 
2020-11-15T18:54:41.659+0800: 1.029: [GC (CMS Initial Mark) [1 CMS-initial-mark: 349488K(349568K)] 353744K(506816K), 0.0001285 secs] [Times: user=0.00 sys=0.00, real=0.00 secs] 
2020-11-15T18:54:41.660+0800: 1.029: [CMS-concurrent-mark-start]
2020-11-15T18:54:41.660+0800: 1.030: [CMS-concurrent-mark: 0.001/0.001 secs] [Times: user=0.00 sys=0.00, real=0.00 secs] 
2020-11-15T18:54:41.660+0800: 1.030: [CMS-concurrent-preclean-start]
2020-11-15T18:54:41.662+0800: 1.031: [CMS-concurrent-preclean: 0.001/0.001 secs] [Times: user=0.00 sys=0.00, real=0.00 secs] 
2020-11-15T18:54:41.662+0800: 1.031: [CMS-concurrent-abortable-preclean-start]
2020-11-15T18:54:41.662+0800: 1.031: [CMS-concurrent-abortable-preclean: 0.000/0.000 secs] [Times: user=0.00 sys=0.00, real=0.00 secs] 
2020-11-15T18:54:41.663+0800: 1.032: [GC (CMS Final Remark) [YG occupancy: 23666 K (157248 K)]2020-11-15T18:54:41.663+0800: 1.032: [Rescan (parallel) , 0.0002983 secs]2020-11-15T18:54:41.663+0800: 1.032: [weak refs processing, 0.0000151 secs]2020-11-15T18:54:41.663+0800: 1.032: [class unloading, 0.0003186 secs]2020-11-15T18:54:41.663+0800: 1.032: [scrub symbol table, 0.0003505 secs]2020-11-15T18:54:41.663+0800: 1.033: [scrub string table, 0.0001355 secs][1 CMS-remark: 349488K(349568K)] 373155K(506816K), 0.0011957 secs] [Times: user=0.00 sys=0.00, real=0.00 secs] 
2020-11-15T18:54:41.664+0800: 1.033: [CMS-concurrent-sweep-start]
2020-11-15T18:54:41.664+0800: 1.033: [CMS-concurrent-sweep: 0.000/0.000 secs] [Times: user=0.00 sys=0.00, real=0.00 secs] 
2020-11-15T18:54:41.664+0800: 1.033: [CMS-concurrent-reset-start]
2020-11-15T18:54:41.664+0800: 1.034: [CMS-concurrent-reset: 0.000/0.000 secs] [Times: user=0.00 sys=0.00, real=0.00 secs] 
2020-11-15T18:54:41.684+0800: 1.053: [GC (Allocation Failure) 2020-11-15T18:54:41.684+0800: 1.053: [ParNew: 157167K->157167K(157248K), 0.0000178 secs]2020-11-15T18:54:41.684+0800: 1.053: [CMS: 348419K->349548K(349568K), 0.0626195 secs] 505586K->354238K(506816K), [Metaspace: 2638K->2638K(1056768K)], 0.0627210 secs] [Times: user=0.06 sys=0.00, real=0.06 secs] 
2020-11-15T18:54:41.747+0800: 1.116: [GC (CMS Initial Mark) [1 CMS-initial-mark: 349548K(349568K)] 354512K(506816K), 0.0001278 secs] [Times: user=0.00 sys=0.00, real=0.00 secs] 
2020-11-15T18:54:41.747+0800: 1.116: [CMS-concurrent-mark-start]
Heap
 par new generation   total 157248K, used 10541K [0x00000000e0000000, 0x00000000eaaa0000, 0x00000000eaaa0000)
  eden space 139776K,   7% used [0x00000000e0000000, 0x00000000e0a4b630, 0x00000000e8880000)
  from space 17472K,   0% used [0x00000000e9990000, 0x00000000e9990000, 0x00000000eaaa0000)
  to   space 17472K,   0% used [0x00000000e8880000, 0x00000000e8880000, 0x00000000e9990000)
 concurrent mark-sweep generation total 349568K, used 349548K [0x00000000eaaa0000, 0x0000000100000000, 0x0000000100000000)
 Metaspace       used 2645K, capacity 4486K, committed 4864K, reserved 1056768K
  class space    used 292K, capacity 386K, committed 512K, reserved 1048576K
