Java HotSpot(TM) 64-Bit Server VM (25.221-b11) for windows-amd64 JRE (1.8.0_221-b11), built on Jul  4 2019 04:39:29 by "java_re" with MS VC++ 10.0 (VS2010)
Memory: 4k page, physical 8191824k(2300336k free), swap 16224012k(3116336k free)
CommandLine flags: -XX:InitialHeapSize=536870912 -XX:MaxHeapSize=536870912 -XX:+PrintGC -XX:+PrintGCDateStamps -XX:+PrintGCDetails -XX:+PrintGCTimeStamps -XX:+UseCompressedClassPointers -XX:+UseCompressedOops -XX:+UseG1GC -XX:-UseLargePagesIndividualAllocation 
2020-11-15T19:00:38.174+0800: 0.091: [GC pause (G1 Evacuation Pause) (young), 0.0027293 secs]
   [Parallel Time: 1.9 ms, GC Workers: 10]
      [GC Worker Start (ms): Min: 90.7, Avg: 90.8, Max: 90.9, Diff: 0.1]
      [Ext Root Scanning (ms): Min: 0.1, Avg: 0.1, Max: 0.2, Diff: 0.1, Sum: 1.3]
      [Update RS (ms): Min: 0.0, Avg: 0.0, Max: 0.0, Diff: 0.0, Sum: 0.0]
         [Processed Buffers: Min: 0, Avg: 0.0, Max: 0, Diff: 0, Sum: 0]
      [Scan RS (ms): Min: 0.0, Avg: 0.0, Max: 0.0, Diff: 0.0, Sum: 0.0]
      [Code Root Scanning (ms): Min: 0.0, Avg: 0.0, Max: 0.0, Diff: 0.0, Sum: 0.0]
      [Object Copy (ms): Min: 1.3, Avg: 1.5, Max: 1.6, Diff: 0.4, Sum: 14.8]
      [Termination (ms): Min: 0.0, Avg: 0.2, Max: 0.3, Diff: 0.3, Sum: 1.6]
         [Termination Attempts: Min: 1, Avg: 2.3, Max: 4, Diff: 3, Sum: 23]
      [GC Worker Other (ms): Min: 0.0, Avg: 0.0, Max: 0.0, Diff: 0.0, Sum: 0.2]
      [GC Worker Total (ms): Min: 1.7, Avg: 1.8, Max: 1.9, Diff: 0.1, Sum: 18.0]
      [GC Worker End (ms): Min: 92.6, Avg: 92.6, Max: 92.6, Diff: 0.0]
   [Code Root Fixup: 0.0 ms]
   [Code Root Purge: 0.0 ms]
   [Clear CT: 0.2 ms]
   [Other: 0.7 ms]
      [Choose CSet: 0.0 ms]
      [Ref Proc: 0.1 ms]
      [Ref Enq: 0.0 ms]
      [Redirty Cards: 0.3 ms]
      [Humongous Register: 0.0 ms]
      [Humongous Reclaim: 0.0 ms]
      [Free CSet: 0.0 ms]
   [Eden: 25.0M(25.0M)->0.0B(25.0M) Survivors: 0.0B->4096.0K Heap: 30.6M(512.0M)->9760.7K(512.0M)]
 [Times: user=0.00 sys=0.00, real=0.00 secs] 
2020-11-15T19:00:38.186+0800: 0.102: [GC pause (G1 Evacuation Pause) (young), 0.0045529 secs]
   [Parallel Time: 3.0 ms, GC Workers: 10]
      [GC Worker Start (ms): Min: 102.3, Avg: 102.5, Max: 102.5, Diff: 0.2]
      [Ext Root Scanning (ms): Min: 0.0, Avg: 0.1, Max: 0.2, Diff: 0.2, Sum: 0.8]
      [Update RS (ms): Min: 0.0, Avg: 0.0, Max: 0.3, Diff: 0.3, Sum: 0.4]
         [Processed Buffers: Min: 0, Avg: 0.3, Max: 1, Diff: 1, Sum: 3]
      [Scan RS (ms): Min: 0.0, Avg: 0.0, Max: 0.0, Diff: 0.0, Sum: 0.1]
      [Code Root Scanning (ms): Min: 0.0, Avg: 0.0, Max: 0.1, Diff: 0.1, Sum: 0.1]
      [Object Copy (ms): Min: 1.8, Avg: 2.0, Max: 2.3, Diff: 0.5, Sum: 20.2]
      [Termination (ms): Min: 0.0, Avg: 0.2, Max: 0.5, Diff: 0.5, Sum: 2.4]
         [Termination Attempts: Min: 1, Avg: 1.0, Max: 1, Diff: 0, Sum: 10]
      [GC Worker Other (ms): Min: 0.0, Avg: 0.0, Max: 0.0, Diff: 0.0, Sum: 0.1]
      [GC Worker Total (ms): Min: 2.3, Avg: 2.4, Max: 2.5, Diff: 0.2, Sum: 24.0]
      [GC Worker End (ms): Min: 104.9, Avg: 104.9, Max: 104.9, Diff: 0.0]
   [Code Root Fixup: 0.0 ms]
   [Code Root Purge: 0.0 ms]
   [Clear CT: 0.7 ms]
   [Other: 0.8 ms]
      [Choose CSet: 0.0 ms]
      [Ref Proc: 0.3 ms]
      [Ref Enq: 0.0 ms]
      [Redirty Cards: 0.5 ms]
      [Humongous Register: 0.0 ms]
      [Humongous Reclaim: 0.0 ms]
      [Free CSet: 0.0 ms]
   [Eden: 25.0M(25.0M)->0.0B(37.0M) Survivors: 4096.0K->4096.0K Heap: 44.2M(512.0M)->20.6M(512.0M)]
 [Times: user=0.00 sys=0.00, real=0.00 secs] 
2020-11-15T19:00:38.204+0800: 0.120: [GC pause (G1 Evacuation Pause) (young), 0.0048923 secs]
   [Parallel Time: 3.5 ms, GC Workers: 10]
      [GC Worker Start (ms): Min: 119.8, Avg: 119.9, Max: 120.0, Diff: 0.2]
      [Ext Root Scanning (ms): Min: 0.0, Avg: 0.1, Max: 0.2, Diff: 0.2, Sum: 0.6]
      [Update RS (ms): Min: 0.0, Avg: 0.1, Max: 0.3, Diff: 0.3, Sum: 0.9]
         [Processed Buffers: Min: 1, Avg: 1.2, Max: 2, Diff: 1, Sum: 12]
      [Scan RS (ms): Min: 0.0, Avg: 0.0, Max: 0.0, Diff: 0.0, Sum: 0.0]
      [Code Root Scanning (ms): Min: 0.0, Avg: 0.0, Max: 0.0, Diff: 0.0, Sum: 0.0]
      [Object Copy (ms): Min: 2.6, Avg: 2.8, Max: 2.9, Diff: 0.3, Sum: 27.9]
      [Termination (ms): Min: 0.0, Avg: 0.1, Max: 0.2, Diff: 0.2, Sum: 0.9]
         [Termination Attempts: Min: 1, Avg: 1.0, Max: 1, Diff: 0, Sum: 10]
      [GC Worker Other (ms): Min: 0.0, Avg: 0.0, Max: 0.0, Diff: 0.0, Sum: 0.1]
      [GC Worker Total (ms): Min: 3.0, Avg: 3.0, Max: 3.1, Diff: 0.2, Sum: 30.4]
      [GC Worker End (ms): Min: 123.0, Avg: 123.0, Max: 123.0, Diff: 0.0]
   [Code Root Fixup: 0.0 ms]
   [Code Root Purge: 0.0 ms]
   [Clear CT: 0.8 ms]
   [Other: 0.7 ms]
      [Choose CSet: 0.0 ms]
      [Ref Proc: 0.3 ms]
      [Ref Enq: 0.0 ms]
      [Redirty Cards: 0.2 ms]
      [Humongous Register: 0.0 ms]
      [Humongous Reclaim: 0.0 ms]
      [Free CSet: 0.0 ms]
   [Eden: 37.0M(37.0M)->0.0B(55.0M) Survivors: 4096.0K->6144.0K Heap: 68.9M(512.0M)->34.8M(512.0M)]
 [Times: user=0.00 sys=0.00, real=0.01 secs] 
2020-11-15T19:00:38.227+0800: 0.143: [GC pause (G1 Evacuation Pause) (young), 0.0070383 secs]
   [Parallel Time: 5.6 ms, GC Workers: 10]
      [GC Worker Start (ms): Min: 143.0, Avg: 143.0, Max: 143.1, Diff: 0.1]
      [Ext Root Scanning (ms): Min: 0.1, Avg: 0.1, Max: 0.2, Diff: 0.1, Sum: 1.0]
      [Update RS (ms): Min: 0.4, Avg: 0.4, Max: 0.5, Diff: 0.1, Sum: 4.3]
         [Processed Buffers: Min: 5, Avg: 6.8, Max: 8, Diff: 3, Sum: 68]
      [Scan RS (ms): Min: 0.0, Avg: 0.0, Max: 0.0, Diff: 0.0, Sum: 0.0]
      [Code Root Scanning (ms): Min: 0.0, Avg: 0.0, Max: 0.0, Diff: 0.0, Sum: 0.0]
      [Object Copy (ms): Min: 4.2, Avg: 4.4, Max: 4.6, Diff: 0.4, Sum: 44.3]
      [Termination (ms): Min: 0.0, Avg: 0.1, Max: 0.4, Diff: 0.4, Sum: 1.3]
         [Termination Attempts: Min: 1, Avg: 1.0, Max: 1, Diff: 0, Sum: 10]
      [GC Worker Other (ms): Min: 0.0, Avg: 0.0, Max: 0.0, Diff: 0.0, Sum: 0.2]
      [GC Worker Total (ms): Min: 5.1, Avg: 5.1, Max: 5.2, Diff: 0.1, Sum: 51.1]
      [GC Worker End (ms): Min: 148.1, Avg: 148.1, Max: 148.2, Diff: 0.0]
   [Code Root Fixup: 0.0 ms]
   [Code Root Purge: 0.0 ms]
   [Clear CT: 0.8 ms]
   [Other: 0.7 ms]
      [Choose CSet: 0.0 ms]
      [Ref Proc: 0.2 ms]
      [Ref Enq: 0.0 ms]
      [Redirty Cards: 0.3 ms]
      [Humongous Register: 0.0 ms]
      [Humongous Reclaim: 0.0 ms]
      [Free CSet: 0.0 ms]
   [Eden: 55.0M(55.0M)->0.0B(69.0M) Survivors: 6144.0K->8192.0K Heap: 106.6M(512.0M)->66.2M(512.0M)]
 [Times: user=0.02 sys=0.13, real=0.01 secs] 
2020-11-15T19:00:38.256+0800: 0.172: [GC pause (G1 Evacuation Pause) (young), 0.0078851 secs]
   [Parallel Time: 6.9 ms, GC Workers: 10]
      [GC Worker Start (ms): Min: 172.4, Avg: 172.5, Max: 172.6, Diff: 0.1]
      [Ext Root Scanning (ms): Min: 0.1, Avg: 0.1, Max: 0.2, Diff: 0.1, Sum: 1.0]
      [Update RS (ms): Min: 0.4, Avg: 0.5, Max: 0.5, Diff: 0.1, Sum: 4.7]
         [Processed Buffers: Min: 6, Avg: 7.4, Max: 9, Diff: 3, Sum: 74]
      [Scan RS (ms): Min: 0.0, Avg: 0.0, Max: 0.0, Diff: 0.0, Sum: 0.0]
      [Code Root Scanning (ms): Min: 0.0, Avg: 0.0, Max: 0.0, Diff: 0.0, Sum: 0.0]
      [Object Copy (ms): Min: 5.7, Avg: 5.9, Max: 6.1, Diff: 0.4, Sum: 59.1]
      [Termination (ms): Min: 0.0, Avg: 0.2, Max: 0.4, Diff: 0.4, Sum: 2.0]
         [Termination Attempts: Min: 1, Avg: 1.0, Max: 1, Diff: 0, Sum: 10]
      [GC Worker Other (ms): Min: 0.0, Avg: 0.0, Max: 0.0, Diff: 0.0, Sum: 0.1]
      [GC Worker Total (ms): Min: 6.7, Avg: 6.7, Max: 6.8, Diff: 0.1, Sum: 67.1]
      [GC Worker End (ms): Min: 179.2, Avg: 179.2, Max: 179.2, Diff: 0.0]
   [Code Root Fixup: 0.0 ms]
   [Code Root Purge: 0.0 ms]
   [Clear CT: 0.1 ms]
   [Other: 0.8 ms]
      [Choose CSet: 0.0 ms]
      [Ref Proc: 0.2 ms]
      [Ref Enq: 0.0 ms]
      [Redirty Cards: 0.4 ms]
      [Humongous Register: 0.0 ms]
      [Humongous Reclaim: 0.0 ms]
      [Free CSet: 0.0 ms]
   [Eden: 69.0M(69.0M)->0.0B(297.0M) Survivors: 8192.0K->10.0M Heap: 156.2M(512.0M)->97.7M(512.0M)]
 [Times: user=0.09 sys=0.06, real=0.01 secs] 
2020-11-15T19:00:38.378+0800: 0.294: [GC pause (G1 Humongous Allocation) (young) (initial-mark) (to-space exhausted), 0.0037636 secs]
   [Parallel Time: 1.6 ms, GC Workers: 10]
      [GC Worker Start (ms): Min: 294.5, Avg: 294.5, Max: 294.6, Diff: 0.1]
      [Ext Root Scanning (ms): Min: 0.0, Avg: 0.1, Max: 0.2, Diff: 0.1, Sum: 0.8]
      [Update RS (ms): Min: 0.1, Avg: 0.2, Max: 0.2, Diff: 0.1, Sum: 1.6]
         [Processed Buffers: Min: 0, Avg: 2.1, Max: 3, Diff: 3, Sum: 21]
      [Scan RS (ms): Min: 0.0, Avg: 0.0, Max: 0.0, Diff: 0.0, Sum: 0.3]
      [Code Root Scanning (ms): Min: 0.0, Avg: 0.0, Max: 0.0, Diff: 0.0, Sum: 0.0]
      [Object Copy (ms): Min: 0.9, Avg: 1.0, Max: 1.0, Diff: 0.1, Sum: 9.6]
      [Termination (ms): Min: 0.0, Avg: 0.0, Max: 0.1, Diff: 0.1, Sum: 0.2]
         [Termination Attempts: Min: 1, Avg: 1.4, Max: 3, Diff: 2, Sum: 14]
      [GC Worker Other (ms): Min: 0.0, Avg: 0.0, Max: 0.0, Diff: 0.0, Sum: 0.1]
      [GC Worker Total (ms): Min: 1.2, Avg: 1.3, Max: 1.3, Diff: 0.1, Sum: 12.6]
      [GC Worker End (ms): Min: 295.8, Avg: 295.8, Max: 295.8, Diff: 0.0]
   [Code Root Fixup: 0.0 ms]
   [Code Root Purge: 0.0 ms]
   [Clear CT: 0.6 ms]
   [Other: 1.6 ms]
      [Evacuation Failure: 0.7 ms]
      [Choose CSet: 0.0 ms]
      [Ref Proc: 0.2 ms]
      [Ref Enq: 0.0 ms]
      [Redirty Cards: 0.4 ms]
      [Humongous Register: 0.1 ms]
      [Humongous Reclaim: 0.1 ms]
      [Free CSet: 0.0 ms]
   [Eden: 270.0M(297.0M)->0.0B(52.0M) Survivors: 10.0M->2048.0K Heap: 448.5M(512.0M)->360.1M(512.0M)]
 [Times: user=0.00 sys=0.00, real=0.00 secs] 
2020-11-15T19:00:38.382+0800: 0.298: [GC concurrent-root-region-scan-start]
2020-11-15T19:00:38.382+0800: 0.298: [GC concurrent-root-region-scan-end, 0.0001906 secs]
2020-11-15T19:00:38.382+0800: 0.298: [GC concurrent-mark-start]
2020-11-15T19:00:38.383+0800: 0.299: [GC concurrent-mark-end, 0.0009395 secs]
2020-11-15T19:00:38.383+0800: 0.299: [GC remark 2020-11-15T19:00:38.383+0800: 0.299: [Finalize Marking, 0.0002060 secs] 2020-11-15T19:00:38.383+0800: 0.300: [GC ref-proc, 0.0000726 secs] 2020-11-15T19:00:38.384+0800: 0.300: [Unloading, 0.0004064 secs], 0.0011090 secs]
 [Times: user=0.00 sys=0.00, real=0.00 secs] 
2020-11-15T19:00:38.384+0800: 0.301: [GC cleanup 365M->365M(512M), 0.0007084 secs]
 [Times: user=0.00 sys=0.00, real=0.00 secs] 
2020-11-15T19:00:38.398+0800: 0.315: [GC pause (G1 Evacuation Pause) (young), 0.0055409 secs]
   [Parallel Time: 4.4 ms, GC Workers: 10]
      [GC Worker Start (ms): Min: 314.6, Avg: 314.7, Max: 314.8, Diff: 0.2]
      [Ext Root Scanning (ms): Min: 0.0, Avg: 0.1, Max: 0.2, Diff: 0.2, Sum: 1.0]
      [Update RS (ms): Min: 0.2, Avg: 0.2, Max: 0.6, Diff: 0.4, Sum: 2.4]
         [Processed Buffers: Min: 0, Avg: 2.6, Max: 4, Diff: 4, Sum: 26]
      [Scan RS (ms): Min: 0.0, Avg: 0.0, Max: 0.0, Diff: 0.0, Sum: 0.1]
      [Code Root Scanning (ms): Min: 0.0, Avg: 0.0, Max: 0.0, Diff: 0.0, Sum: 0.0]
      [Object Copy (ms): Min: 3.3, Avg: 3.8, Max: 3.9, Diff: 0.6, Sum: 37.5]
      [Termination (ms): Min: 0.0, Avg: 0.1, Max: 0.2, Diff: 0.2, Sum: 0.7]
         [Termination Attempts: Min: 1, Avg: 1.0, Max: 1, Diff: 0, Sum: 10]
      [GC Worker Other (ms): Min: 0.0, Avg: 0.0, Max: 0.0, Diff: 0.0, Sum: 0.1]
      [GC Worker Total (ms): Min: 4.1, Avg: 4.2, Max: 4.3, Diff: 0.2, Sum: 41.9]
      [GC Worker End (ms): Min: 318.9, Avg: 318.9, Max: 318.9, Diff: 0.0]
   [Code Root Fixup: 0.0 ms]
   [Code Root Purge: 0.0 ms]
   [Clear CT: 0.2 ms]
   [Other: 0.9 ms]
      [Choose CSet: 0.0 ms]
      [Ref Proc: 0.1 ms]
      [Ref Enq: 0.0 ms]
      [Redirty Cards: 0.6 ms]
      [Humongous Register: 0.1 ms]
      [Humongous Reclaim: 0.0 ms]
      [Free CSet: 0.0 ms]
   [Eden: 52.0M(52.0M)->0.0B(18.0M) Survivors: 2048.0K->7168.0K Heap: 426.7M(512.0M)->385.4M(512.0M)]
 [Times: user=0.11 sys=0.02, real=0.01 secs] 
2020-11-15T19:00:38.408+0800: 0.324: [GC pause (G1 Evacuation Pause) (mixed), 0.0045585 secs]
   [Parallel Time: 3.6 ms, GC Workers: 10]
      [GC Worker Start (ms): Min: 324.5, Avg: 324.5, Max: 324.7, Diff: 0.2]
      [Ext Root Scanning (ms): Min: 0.0, Avg: 0.1, Max: 0.2, Diff: 0.2, Sum: 1.1]
      [Update RS (ms): Min: 0.1, Avg: 0.2, Max: 0.6, Diff: 0.5, Sum: 1.6]
         [Processed Buffers: Min: 0, Avg: 1.7, Max: 2, Diff: 2, Sum: 17]
      [Scan RS (ms): Min: 0.0, Avg: 0.0, Max: 0.0, Diff: 0.0, Sum: 0.1]
      [Code Root Scanning (ms): Min: 0.0, Avg: 0.0, Max: 0.0, Diff: 0.0, Sum: 0.0]
      [Object Copy (ms): Min: 2.5, Avg: 2.9, Max: 3.1, Diff: 0.6, Sum: 29.4]
      [Termination (ms): Min: 0.0, Avg: 0.1, Max: 0.2, Diff: 0.2, Sum: 1.3]
         [Termination Attempts: Min: 1, Avg: 1.0, Max: 1, Diff: 0, Sum: 10]
      [GC Worker Other (ms): Min: 0.0, Avg: 0.0, Max: 0.0, Diff: 0.0, Sum: 0.1]
      [GC Worker Total (ms): Min: 3.2, Avg: 3.4, Max: 3.4, Diff: 0.2, Sum: 33.7]
      [GC Worker End (ms): Min: 327.9, Avg: 327.9, Max: 327.9, Diff: 0.0]
   [Code Root Fixup: 0.0 ms]
   [Code Root Purge: 0.0 ms]
   [Clear CT: 0.5 ms]
   [Other: 0.5 ms]
      [Choose CSet: 0.0 ms]
      [Ref Proc: 0.1 ms]
      [Ref Enq: 0.0 ms]
      [Redirty Cards: 0.1 ms]
      [Humongous Register: 0.1 ms]
      [Humongous Reclaim: 0.0 ms]
      [Free CSet: 0.1 ms]
   [Eden: 18.0M(18.0M)->0.0B(21.0M) Survivors: 7168.0K->4096.0K Heap: 405.2M(512.0M)->342.4M(512.0M)]
 [Times: user=0.00 sys=0.00, real=0.01 secs] 
2020-11-15T19:00:38.417+0800: 0.334: [GC pause (G1 Evacuation Pause) (mixed), 0.0054665 secs]
   [Parallel Time: 4.9 ms, GC Workers: 10]
      [GC Worker Start (ms): Min: 334.3, Avg: 334.4, Max: 334.4, Diff: 0.1]
      [Ext Root Scanning (ms): Min: 0.0, Avg: 0.1, Max: 0.2, Diff: 0.1, Sum: 0.9]
      [Update RS (ms): Min: 0.1, Avg: 0.1, Max: 0.4, Diff: 0.3, Sum: 1.5]
         [Processed Buffers: Min: 0, Avg: 1.8, Max: 2, Diff: 2, Sum: 18]
      [Scan RS (ms): Min: 0.0, Avg: 0.0, Max: 0.1, Diff: 0.1, Sum: 0.1]
      [Code Root Scanning (ms): Min: 0.0, Avg: 0.0, Max: 0.0, Diff: 0.0, Sum: 0.0]
      [Object Copy (ms): Min: 3.8, Avg: 4.1, Max: 4.2, Diff: 0.4, Sum: 40.5]
      [Termination (ms): Min: 0.0, Avg: 0.2, Max: 0.3, Diff: 0.3, Sum: 1.6]
         [Termination Attempts: Min: 1, Avg: 1.0, Max: 1, Diff: 0, Sum: 10]
      [GC Worker Other (ms): Min: 0.0, Avg: 0.0, Max: 0.0, Diff: 0.0, Sum: 0.1]
      [GC Worker Total (ms): Min: 4.4, Avg: 4.5, Max: 4.5, Diff: 0.1, Sum: 44.7]
      [GC Worker End (ms): Min: 338.9, Avg: 338.9, Max: 338.9, Diff: 0.0]
   [Code Root Fixup: 0.0 ms]
   [Code Root Purge: 0.0 ms]
   [Clear CT: 0.1 ms]
   [Other: 0.4 ms]
      [Choose CSet: 0.0 ms]
      [Ref Proc: 0.1 ms]
      [Ref Enq: 0.0 ms]
      [Redirty Cards: 0.1 ms]
      [Humongous Register: 0.1 ms]
      [Humongous Reclaim: 0.0 ms]
      [Free CSet: 0.1 ms]
   [Eden: 21.0M(21.0M)->0.0B(21.0M) Survivors: 4096.0K->4096.0K Heap: 367.5M(512.0M)->310.0M(512.0M)]
 [Times: user=0.05 sys=0.00, real=0.01 secs] 
2020-11-15T19:00:38.428+0800: 0.345: [GC pause (G1 Evacuation Pause) (mixed), 0.0057586 secs]
   [Parallel Time: 4.8 ms, GC Workers: 10]
      [GC Worker Start (ms): Min: 345.3, Avg: 345.4, Max: 345.4, Diff: 0.1]
      [Ext Root Scanning (ms): Min: 0.1, Avg: 0.1, Max: 0.2, Diff: 0.1, Sum: 0.9]
      [Update RS (ms): Min: 0.2, Avg: 0.2, Max: 0.2, Diff: 0.0, Sum: 2.1]
         [Processed Buffers: Min: 1, Avg: 3.2, Max: 4, Diff: 3, Sum: 32]
      [Scan RS (ms): Min: 0.0, Avg: 0.0, Max: 0.0, Diff: 0.0, Sum: 0.1]
      [Code Root Scanning (ms): Min: 0.0, Avg: 0.0, Max: 0.0, Diff: 0.0, Sum: 0.0]
      [Object Copy (ms): Min: 4.1, Avg: 4.1, Max: 4.2, Diff: 0.1, Sum: 41.4]
      [Termination (ms): Min: 0.0, Avg: 0.1, Max: 0.1, Diff: 0.1, Sum: 0.8]
         [Termination Attempts: Min: 1, Avg: 1.0, Max: 1, Diff: 0, Sum: 10]
      [GC Worker Other (ms): Min: 0.0, Avg: 0.0, Max: 0.0, Diff: 0.0, Sum: 0.1]
      [GC Worker Total (ms): Min: 4.5, Avg: 4.5, Max: 4.6, Diff: 0.1, Sum: 45.5]
      [GC Worker End (ms): Min: 349.9, Avg: 349.9, Max: 349.9, Diff: 0.0]
   [Code Root Fixup: 0.0 ms]
   [Code Root Purge: 0.0 ms]
   [Clear CT: 0.3 ms]
   [Other: 0.7 ms]
      [Choose CSet: 0.0 ms]
      [Ref Proc: 0.1 ms]
      [Ref Enq: 0.0 ms]
      [Redirty Cards: 0.4 ms]
      [Humongous Register: 0.1 ms]
      [Humongous Reclaim: 0.0 ms]
      [Free CSet: 0.1 ms]
   [Eden: 21.0M(21.0M)->0.0B(21.0M) Survivors: 4096.0K->4096.0K Heap: 337.5M(512.0M)->278.7M(512.0M)]
 [Times: user=0.14 sys=0.00, real=0.01 secs] 
2020-11-15T19:00:38.440+0800: 0.356: [GC pause (G1 Evacuation Pause) (mixed), 0.0093171 secs]
   [Parallel Time: 6.8 ms, GC Workers: 10]
      [GC Worker Start (ms): Min: 356.2, Avg: 356.3, Max: 356.3, Diff: 0.1]
      [Ext Root Scanning (ms): Min: 0.1, Avg: 0.1, Max: 0.2, Diff: 0.1, Sum: 1.1]
      [Update RS (ms): Min: 0.1, Avg: 0.2, Max: 0.2, Diff: 0.1, Sum: 1.6]
         [Processed Buffers: Min: 0, Avg: 2.5, Max: 4, Diff: 4, Sum: 25]
      [Scan RS (ms): Min: 0.0, Avg: 0.0, Max: 0.0, Diff: 0.0, Sum: 0.1]
      [Code Root Scanning (ms): Min: 0.0, Avg: 0.0, Max: 0.0, Diff: 0.0, Sum: 0.0]
      [Object Copy (ms): Min: 5.1, Avg: 5.3, Max: 5.5, Diff: 0.4, Sum: 53.2]
      [Termination (ms): Min: 0.0, Avg: 0.2, Max: 1.3, Diff: 1.3, Sum: 2.4]
         [Termination Attempts: Min: 1, Avg: 1.0, Max: 1, Diff: 0, Sum: 10]
      [GC Worker Other (ms): Min: 0.0, Avg: 0.0, Max: 0.0, Diff: 0.0, Sum: 0.1]
      [GC Worker Total (ms): Min: 5.7, Avg: 5.9, Max: 6.8, Diff: 1.1, Sum: 58.6]
      [GC Worker End (ms): Min: 362.0, Avg: 362.1, Max: 363.0, Diff: 1.0]
   [Code Root Fixup: 0.0 ms]
   [Code Root Purge: 0.0 ms]
   [Clear CT: 0.6 ms]
   [Other: 1.9 ms]
      [Choose CSet: 0.0 ms]
      [Ref Proc: 1.6 ms]
      [Ref Enq: 0.0 ms]
      [Redirty Cards: 0.2 ms]
      [Humongous Register: 0.1 ms]
      [Humongous Reclaim: 0.0 ms]
      [Free CSet: 0.1 ms]
   [Eden: 21.0M(21.0M)->0.0B(21.0M) Survivors: 4096.0K->4096.0K Heap: 303.6M(512.0M)->254.9M(512.0M)]
 [Times: user=0.02 sys=0.00, real=0.01 secs] 
2020-11-15T19:00:38.455+0800: 0.371: [GC pause (G1 Evacuation Pause) (mixed), 0.0044287 secs]
   [Parallel Time: 3.6 ms, GC Workers: 10]
      [GC Worker Start (ms): Min: 370.9, Avg: 371.0, Max: 371.1, Diff: 0.1]
      [Ext Root Scanning (ms): Min: 0.1, Avg: 0.1, Max: 0.2, Diff: 0.1, Sum: 1.1]
      [Update RS (ms): Min: 0.1, Avg: 0.2, Max: 0.3, Diff: 0.2, Sum: 1.9]
         [Processed Buffers: Min: 0, Avg: 2.1, Max: 3, Diff: 3, Sum: 21]
      [Scan RS (ms): Min: 0.0, Avg: 0.0, Max: 0.1, Diff: 0.1, Sum: 0.1]
      [Code Root Scanning (ms): Min: 0.0, Avg: 0.0, Max: 0.0, Diff: 0.0, Sum: 0.0]
      [Object Copy (ms): Min: 2.9, Avg: 3.0, Max: 3.1, Diff: 0.2, Sum: 29.7]
      [Termination (ms): Min: 0.0, Avg: 0.1, Max: 0.2, Diff: 0.2, Sum: 1.3]
         [Termination Attempts: Min: 1, Avg: 1.0, Max: 1, Diff: 0, Sum: 10]
      [GC Worker Other (ms): Min: 0.0, Avg: 0.0, Max: 0.0, Diff: 0.0, Sum: 0.1]
      [GC Worker Total (ms): Min: 3.4, Avg: 3.4, Max: 3.5, Diff: 0.1, Sum: 34.2]
      [GC Worker End (ms): Min: 374.4, Avg: 374.4, Max: 374.4, Diff: 0.0]
   [Code Root Fixup: 0.0 ms]
   [Code Root Purge: 0.0 ms]
   [Clear CT: 0.1 ms]
   [Other: 0.8 ms]
      [Choose CSet: 0.0 ms]
      [Ref Proc: 0.1 ms]
      [Ref Enq: 0.0 ms]
      [Redirty Cards: 0.4 ms]
      [Humongous Register: 0.1 ms]
      [Humongous Reclaim: 0.0 ms]
      [Free CSet: 0.1 ms]
   [Eden: 21.0M(21.0M)->0.0B(138.0M) Survivors: 4096.0K->4096.0K Heap: 282.6M(512.0M)->254.8M(512.0M)]
 [Times: user=0.00 sys=0.00, real=0.00 secs] 
2020-11-15T19:00:38.459+0800: 0.376: [GC pause (G1 Humongous Allocation) (young) (initial-mark), 0.0015682 secs]
   [Parallel Time: 1.0 ms, GC Workers: 10]
      [GC Worker Start (ms): Min: 375.9, Avg: 376.0, Max: 376.0, Diff: 0.1]
      [Ext Root Scanning (ms): Min: 0.1, Avg: 0.1, Max: 0.1, Diff: 0.1, Sum: 1.1]
      [Update RS (ms): Min: 0.0, Avg: 0.0, Max: 0.1, Diff: 0.1, Sum: 0.5]
         [Processed Buffers: Min: 1, Avg: 1.0, Max: 1, Diff: 0, Sum: 10]
      [Scan RS (ms): Min: 0.0, Avg: 0.0, Max: 0.0, Diff: 0.0, Sum: 0.0]
      [Code Root Scanning (ms): Min: 0.0, Avg: 0.0, Max: 0.0, Diff: 0.0, Sum: 0.0]
      [Object Copy (ms): Min: 0.6, Avg: 0.7, Max: 0.7, Diff: 0.1, Sum: 6.6]
      [Termination (ms): Min: 0.0, Avg: 0.1, Max: 0.1, Diff: 0.1, Sum: 0.7]
         [Termination Attempts: Min: 1, Avg: 1.0, Max: 1, Diff: 0, Sum: 10]
      [GC Worker Other (ms): Min: 0.0, Avg: 0.0, Max: 0.0, Diff: 0.0, Sum: 0.1]
      [GC Worker Total (ms): Min: 0.9, Avg: 0.9, Max: 0.9, Diff: 0.1, Sum: 9.0]
      [GC Worker End (ms): Min: 376.9, Avg: 376.9, Max: 376.9, Diff: 0.0]
   [Code Root Fixup: 0.0 ms]
   [Code Root Purge: 0.0 ms]
   [Clear CT: 0.1 ms]
   [Other: 0.5 ms]
      [Choose CSet: 0.0 ms]
      [Ref Proc: 0.2 ms]
      [Ref Enq: 0.0 ms]
      [Redirty Cards: 0.1 ms]
      [Humongous Register: 0.1 ms]
      [Humongous Reclaim: 0.0 ms]
      [Free CSet: 0.0 ms]
   [Eden: 2048.0K(138.0M)->0.0B(129.0M) Survivors: 4096.0K->5120.0K Heap: 256.8M(512.0M)->255.1M(512.0M)]
 [Times: user=0.00 sys=0.00, real=0.00 secs] 
2020-11-15T19:00:38.461+0800: 0.377: [GC concurrent-root-region-scan-start]
2020-11-15T19:00:38.462+0800: 0.378: [GC concurrent-root-region-scan-end, 0.0002236 secs]
2020-11-15T19:00:38.462+0800: 0.378: [GC concurrent-mark-start]
2020-11-15T19:00:38.464+0800: 0.380: [GC concurrent-mark-end, 0.0019211 secs]
2020-11-15T19:00:38.464+0800: 0.380: [GC remark 2020-11-15T19:00:38.464+0800: 0.380: [Finalize Marking, 0.0001108 secs] 2020-11-15T19:00:38.464+0800: 0.380: [GC ref-proc, 0.0000781 secs] 2020-11-15T19:00:38.464+0800: 0.380: [Unloading, 0.0007310 secs], 0.0013556 secs]
 [Times: user=0.00 sys=0.02, real=0.00 secs] 
2020-11-15T19:00:38.465+0800: 0.381: [GC cleanup 263M->261M(512M), 0.0007194 secs]
 [Times: user=0.00 sys=0.00, real=0.00 secs] 
2020-11-15T19:00:38.466+0800: 0.382: [GC concurrent-cleanup-start]
2020-11-15T19:00:38.466+0800: 0.382: [GC concurrent-cleanup-end, 0.0000121 secs]
2020-11-15T19:00:38.497+0800: 0.413: [GC pause (G1 Evacuation Pause) (young) (to-space exhausted), 0.0089060 secs]
   [Parallel Time: 7.9 ms, GC Workers: 10]
      [GC Worker Start (ms): Min: 413.4, Avg: 413.4, Max: 413.5, Diff: 0.1]
      [Ext Root Scanning (ms): Min: 0.1, Avg: 0.1, Max: 0.2, Diff: 0.1, Sum: 0.9]
      [Update RS (ms): Min: 0.2, Avg: 0.2, Max: 0.2, Diff: 0.1, Sum: 2.1]
         [Processed Buffers: Min: 0, Avg: 2.8, Max: 4, Diff: 4, Sum: 28]
      [Scan RS (ms): Min: 0.0, Avg: 0.0, Max: 0.0, Diff: 0.0, Sum: 0.1]
      [Code Root Scanning (ms): Min: 0.0, Avg: 0.0, Max: 0.0, Diff: 0.0, Sum: 0.0]
      [Object Copy (ms): Min: 7.3, Avg: 7.4, Max: 7.4, Diff: 0.2, Sum: 73.6]
      [Termination (ms): Min: 0.0, Avg: 0.1, Max: 0.2, Diff: 0.2, Sum: 0.9]
         [Termination Attempts: Min: 1, Avg: 1.0, Max: 1, Diff: 0, Sum: 10]
      [GC Worker Other (ms): Min: 0.0, Avg: 0.0, Max: 0.0, Diff: 0.0, Sum: 0.2]
      [GC Worker Total (ms): Min: 7.7, Avg: 7.8, Max: 7.8, Diff: 0.1, Sum: 77.7]
      [GC Worker End (ms): Min: 421.2, Avg: 421.2, Max: 421.2, Diff: 0.0]
   [Code Root Fixup: 0.0 ms]
   [Code Root Purge: 0.0 ms]
   [Clear CT: 0.2 ms]
   [Other: 0.8 ms]
      [Evacuation Failure: 0.2 ms]
      [Choose CSet: 0.0 ms]
      [Ref Proc: 0.1 ms]
      [Ref Enq: 0.0 ms]
      [Redirty Cards: 0.2 ms]
      [Humongous Register: 0.1 ms]
      [Humongous Reclaim: 0.1 ms]
      [Free CSet: 0.1 ms]
   [Eden: 129.0M(129.0M)->0.0B(8192.0K) Survivors: 5120.0K->17.0M Heap: 411.9M(512.0M)->311.6M(512.0M)]
 [Times: user=0.00 sys=0.00, real=0.01 secs] 
2020-11-15T19:00:38.508+0800: 0.424: [GC pause (G1 Evacuation Pause) (mixed), 0.0076219 secs]
   [Parallel Time: 7.0 ms, GC Workers: 10]
      [GC Worker Start (ms): Min: 424.1, Avg: 424.1, Max: 424.2, Diff: 0.1]
      [Ext Root Scanning (ms): Min: 0.1, Avg: 0.1, Max: 0.2, Diff: 0.1, Sum: 1.1]
      [Update RS (ms): Min: 0.1, Avg: 0.2, Max: 0.2, Diff: 0.1, Sum: 1.7]
         [Processed Buffers: Min: 0, Avg: 2.4, Max: 3, Diff: 3, Sum: 24]
      [Scan RS (ms): Min: 0.0, Avg: 0.0, Max: 0.0, Diff: 0.0, Sum: 0.1]
      [Code Root Scanning (ms): Min: 0.0, Avg: 0.0, Max: 0.0, Diff: 0.0, Sum: 0.0]
      [Object Copy (ms): Min: 6.4, Avg: 6.5, Max: 6.6, Diff: 0.2, Sum: 64.6]
      [Termination (ms): Min: 0.0, Avg: 0.1, Max: 0.2, Diff: 0.2, Sum: 1.2]
         [Termination Attempts: Min: 1, Avg: 1.2, Max: 3, Diff: 2, Sum: 12]
      [GC Worker Other (ms): Min: 0.0, Avg: 0.0, Max: 0.0, Diff: 0.0, Sum: 0.1]
      [GC Worker Total (ms): Min: 6.8, Avg: 6.9, Max: 6.9, Diff: 0.1, Sum: 68.8]
      [GC Worker End (ms): Min: 431.0, Avg: 431.0, Max: 431.0, Diff: 0.0]
   [Code Root Fixup: 0.0 ms]
   [Code Root Purge: 0.0 ms]
   [Clear CT: 0.1 ms]
   [Other: 0.5 ms]
      [Choose CSet: 0.0 ms]
      [Ref Proc: 0.2 ms]
      [Ref Enq: 0.0 ms]
      [Redirty Cards: 0.1 ms]
      [Humongous Register: 0.1 ms]
      [Humongous Reclaim: 0.0 ms]
      [Free CSet: 0.1 ms]
   [Eden: 8192.0K(8192.0K)->0.0B(98.0M) Survivors: 17.0M->3072.0K Heap: 322.5M(512.0M)->288.5M(512.0M)]
 [Times: user=0.09 sys=0.05, real=0.01 secs] 
2020-11-15T19:00:38.516+0800: 0.432: [GC pause (G1 Humongous Allocation) (young) (initial-mark), 0.0014408 secs]
   [Parallel Time: 0.8 ms, GC Workers: 10]
      [GC Worker Start (ms): Min: 432.1, Avg: 432.2, Max: 432.3, Diff: 0.1]
      [Ext Root Scanning (ms): Min: 0.0, Avg: 0.1, Max: 0.1, Diff: 0.1, Sum: 1.2]
      [Update RS (ms): Min: 0.0, Avg: 0.1, Max: 0.2, Diff: 0.2, Sum: 0.8]
         [Processed Buffers: Min: 1, Avg: 1.0, Max: 1, Diff: 0, Sum: 10]
      [Scan RS (ms): Min: 0.0, Avg: 0.0, Max: 0.0, Diff: 0.0, Sum: 0.0]
      [Code Root Scanning (ms): Min: 0.0, Avg: 0.0, Max: 0.0, Diff: 0.0, Sum: 0.0]
      [Object Copy (ms): Min: 0.3, Avg: 0.4, Max: 0.5, Diff: 0.2, Sum: 4.0]
      [Termination (ms): Min: 0.0, Avg: 0.1, Max: 0.1, Diff: 0.1, Sum: 0.9]
         [Termination Attempts: Min: 1, Avg: 1.0, Max: 1, Diff: 0, Sum: 10]
      [GC Worker Other (ms): Min: 0.0, Avg: 0.0, Max: 0.0, Diff: 0.0, Sum: 0.1]
      [GC Worker Total (ms): Min: 0.6, Avg: 0.7, Max: 0.7, Diff: 0.1, Sum: 7.0]
      [GC Worker End (ms): Min: 432.9, Avg: 432.9, Max: 432.9, Diff: 0.0]
   [Code Root Fixup: 0.0 ms]
   [Code Root Purge: 0.0 ms]
   [Clear CT: 0.2 ms]
   [Other: 0.5 ms]
      [Choose CSet: 0.0 ms]
      [Ref Proc: 0.1 ms]
      [Ref Enq: 0.0 ms]
      [Redirty Cards: 0.2 ms]
      [Humongous Register: 0.1 ms]
      [Humongous Reclaim: 0.0 ms]
      [Free CSet: 0.0 ms]
   [Eden: 1024.0K(98.0M)->0.0B(97.0M) Survivors: 3072.0K->4096.0K Heap: 289.1M(512.0M)->288.8M(512.0M)]
 [Times: user=0.00 sys=0.00, real=0.00 secs] 
2020-11-15T19:00:38.517+0800: 0.434: [GC concurrent-root-region-scan-start]
2020-11-15T19:00:38.517+0800: 0.434: [GC concurrent-root-region-scan-end, 0.0001371 secs]
2020-11-15T19:00:38.517+0800: 0.434: [GC concurrent-mark-start]
2020-11-15T19:00:38.519+0800: 0.435: [GC concurrent-mark-end, 0.0013289 secs]
2020-11-15T19:00:38.519+0800: 0.435: [GC remark 2020-11-15T19:00:38.519+0800: 0.435: [Finalize Marking, 0.0001914 secs] 2020-11-15T19:00:38.519+0800: 0.435: [GC ref-proc, 0.0000704 secs] 2020-11-15T19:00:38.519+0800: 0.435: [Unloading, 0.0004238 secs], 0.0010530 secs]
 [Times: user=0.00 sys=0.00, real=0.00 secs] 
2020-11-15T19:00:38.520+0800: 0.436: [GC cleanup 295M->294M(512M), 0.0005533 secs]
 [Times: user=0.00 sys=0.00, real=0.00 secs] 
2020-11-15T19:00:38.520+0800: 0.437: [GC concurrent-cleanup-start]
2020-11-15T19:00:38.520+0800: 0.437: [GC concurrent-cleanup-end, 0.0000058 secs]
2020-11-15T19:00:38.543+0800: 0.459: [GC pause (G1 Evacuation Pause) (young), 0.0068322 secs]
   [Parallel Time: 6.2 ms, GC Workers: 10]
      [GC Worker Start (ms): Min: 459.1, Avg: 459.2, Max: 459.2, Diff: 0.1]
      [Ext Root Scanning (ms): Min: 0.1, Avg: 0.1, Max: 0.2, Diff: 0.1, Sum: 1.1]
      [Update RS (ms): Min: 0.1, Avg: 0.2, Max: 0.6, Diff: 0.5, Sum: 2.3]
         [Processed Buffers: Min: 0, Avg: 2.6, Max: 3, Diff: 3, Sum: 26]
      [Scan RS (ms): Min: 0.0, Avg: 0.0, Max: 0.0, Diff: 0.0, Sum: 0.1]
      [Code Root Scanning (ms): Min: 0.0, Avg: 0.0, Max: 0.0, Diff: 0.0, Sum: 0.0]
      [Object Copy (ms): Min: 5.4, Avg: 5.7, Max: 5.8, Diff: 0.4, Sum: 56.9]
      [Termination (ms): Min: 0.0, Avg: 0.1, Max: 0.1, Diff: 0.1, Sum: 0.8]
         [Termination Attempts: Min: 1, Avg: 1.0, Max: 1, Diff: 0, Sum: 10]
      [GC Worker Other (ms): Min: 0.0, Avg: 0.0, Max: 0.0, Diff: 0.0, Sum: 0.2]
      [GC Worker Total (ms): Min: 6.1, Avg: 6.1, Max: 6.2, Diff: 0.1, Sum: 61.4]
      [GC Worker End (ms): Min: 465.3, Avg: 465.3, Max: 465.3, Diff: 0.0]
   [Code Root Fixup: 0.0 ms]
   [Code Root Purge: 0.0 ms]
   [Clear CT: 0.1 ms]
   [Other: 0.5 ms]
      [Choose CSet: 0.0 ms]
      [Ref Proc: 0.1 ms]
      [Ref Enq: 0.0 ms]
      [Redirty Cards: 0.1 ms]
      [Humongous Register: 0.1 ms]
      [Humongous Reclaim: 0.1 ms]
      [Free CSet: 0.1 ms]
   [Eden: 97.0M(97.0M)->0.0B(12.0M) Survivors: 4096.0K->13.0M Heap: 411.7M(512.0M)->321.7M(512.0M)]
 [Times: user=0.16 sys=0.00, real=0.01 secs] 
2020-11-15T19:00:38.552+0800: 0.468: [GC pause (G1 Evacuation Pause) (mixed), 0.0074130 secs]
   [Parallel Time: 6.8 ms, GC Workers: 10]
      [GC Worker Start (ms): Min: 468.3, Avg: 468.4, Max: 468.5, Diff: 0.2]
      [Ext Root Scanning (ms): Min: 0.0, Avg: 0.1, Max: 0.2, Diff: 0.2, Sum: 1.2]
      [Update RS (ms): Min: 0.1, Avg: 0.2, Max: 0.2, Diff: 0.1, Sum: 1.6]
         [Processed Buffers: Min: 2, Avg: 2.6, Max: 3, Diff: 1, Sum: 26]
      [Scan RS (ms): Min: 0.0, Avg: 0.0, Max: 0.1, Diff: 0.0, Sum: 0.2]
      [Code Root Scanning (ms): Min: 0.0, Avg: 0.0, Max: 0.0, Diff: 0.0, Sum: 0.0]
      [Object Copy (ms): Min: 5.9, Avg: 6.0, Max: 6.1, Diff: 0.2, Sum: 59.9]
      [Termination (ms): Min: 0.0, Avg: 0.1, Max: 0.2, Diff: 0.2, Sum: 1.2]
         [Termination Attempts: Min: 1, Avg: 1.0, Max: 1, Diff: 0, Sum: 10]
      [GC Worker Other (ms): Min: 0.0, Avg: 0.0, Max: 0.0, Diff: 0.0, Sum: 0.1]
      [GC Worker Total (ms): Min: 6.3, Avg: 6.4, Max: 6.5, Diff: 0.2, Sum: 64.2]
      [GC Worker End (ms): Min: 474.8, Avg: 474.8, Max: 474.8, Diff: 0.0]
   [Code Root Fixup: 0.0 ms]
   [Code Root Purge: 0.0 ms]
   [Clear CT: 0.1 ms]
   [Other: 0.5 ms]
      [Choose CSet: 0.0 ms]
      [Ref Proc: 0.1 ms]
      [Ref Enq: 0.0 ms]
      [Redirty Cards: 0.1 ms]
      [Humongous Register: 0.1 ms]
      [Humongous Reclaim: 0.0 ms]
      [Free CSet: 0.1 ms]
   [Eden: 12.0M(12.0M)->0.0B(21.0M) Survivors: 13.0M->4096.0K Heap: 335.5M(512.0M)->293.8M(512.0M)]
 [Times: user=0.09 sys=0.00, real=0.01 secs] 
2020-11-15T19:00:38.564+0800: 0.480: [GC pause (G1 Evacuation Pause) (mixed), 0.0036196 secs]
   [Parallel Time: 3.1 ms, GC Workers: 10]
      [GC Worker Start (ms): Min: 480.2, Avg: 480.2, Max: 480.2, Diff: 0.1]
      [Ext Root Scanning (ms): Min: 0.1, Avg: 0.1, Max: 0.1, Diff: 0.1, Sum: 1.1]
      [Update RS (ms): Min: 0.2, Avg: 0.2, Max: 0.2, Diff: 0.1, Sum: 2.0]
         [Processed Buffers: Min: 0, Avg: 2.8, Max: 4, Diff: 4, Sum: 28]
      [Scan RS (ms): Min: 0.0, Avg: 0.0, Max: 0.0, Diff: 0.0, Sum: 0.1]
      [Code Root Scanning (ms): Min: 0.0, Avg: 0.0, Max: 0.0, Diff: 0.0, Sum: 0.0]
      [Object Copy (ms): Min: 2.6, Avg: 2.6, Max: 2.7, Diff: 0.2, Sum: 26.2]
      [Termination (ms): Min: 0.0, Avg: 0.1, Max: 0.1, Diff: 0.1, Sum: 0.8]
         [Termination Attempts: Min: 1, Avg: 1.0, Max: 1, Diff: 0, Sum: 10]
      [GC Worker Other (ms): Min: 0.0, Avg: 0.0, Max: 0.0, Diff: 0.0, Sum: 0.1]
      [GC Worker Total (ms): Min: 3.0, Avg: 3.0, Max: 3.1, Diff: 0.1, Sum: 30.3]
      [GC Worker End (ms): Min: 483.2, Avg: 483.2, Max: 483.2, Diff: 0.0]
   [Code Root Fixup: 0.0 ms]
   [Code Root Purge: 0.0 ms]
   [Clear CT: 0.1 ms]
   [Other: 0.4 ms]
      [Choose CSet: 0.0 ms]
      [Ref Proc: 0.1 ms]
      [Ref Enq: 0.0 ms]
      [Redirty Cards: 0.1 ms]
      [Humongous Register: 0.1 ms]
      [Humongous Reclaim: 0.0 ms]
      [Free CSet: 0.0 ms]
   [Eden: 21.0M(21.0M)->0.0B(92.0M) Survivors: 4096.0K->4096.0K Heap: 318.7M(512.0M)->293.7M(512.0M)]
 [Times: user=0.00 sys=0.00, real=0.00 secs] 
2020-11-15T19:00:38.568+0800: 0.484: [GC pause (G1 Humongous Allocation) (young) (initial-mark), 0.0016723 secs]
   [Parallel Time: 1.0 ms, GC Workers: 10]
      [GC Worker Start (ms): Min: 484.0, Avg: 484.1, Max: 484.1, Diff: 0.1]
      [Ext Root Scanning (ms): Min: 0.0, Avg: 0.1, Max: 0.1, Diff: 0.1, Sum: 0.6]
      [Update RS (ms): Min: 0.0, Avg: 0.0, Max: 0.1, Diff: 0.1, Sum: 0.4]
         [Processed Buffers: Min: 0, Avg: 0.9, Max: 1, Diff: 1, Sum: 9]
      [Scan RS (ms): Min: 0.0, Avg: 0.0, Max: 0.0, Diff: 0.0, Sum: 0.0]
      [Code Root Scanning (ms): Min: 0.0, Avg: 0.0, Max: 0.0, Diff: 0.0, Sum: 0.0]
      [Object Copy (ms): Min: 0.5, Avg: 0.6, Max: 0.6, Diff: 0.1, Sum: 5.7]
      [Termination (ms): Min: 0.0, Avg: 0.0, Max: 0.1, Diff: 0.1, Sum: 0.5]
         [Termination Attempts: Min: 1, Avg: 1.0, Max: 1, Diff: 0, Sum: 10]
      [GC Worker Other (ms): Min: 0.0, Avg: 0.0, Max: 0.0, Diff: 0.0, Sum: 0.1]
      [GC Worker Total (ms): Min: 0.7, Avg: 0.7, Max: 0.8, Diff: 0.1, Sum: 7.3]
      [GC Worker End (ms): Min: 484.8, Avg: 484.8, Max: 484.8, Diff: 0.0]
   [Code Root Fixup: 0.0 ms]
   [Code Root Purge: 0.0 ms]
   [Clear CT: 0.2 ms]
   [Other: 0.5 ms]
      [Choose CSet: 0.0 ms]
      [Ref Proc: 0.2 ms]
      [Ref Enq: 0.0 ms]
      [Redirty Cards: 0.2 ms]
      [Humongous Register: 0.0 ms]
      [Humongous Reclaim: 0.0 ms]
      [Free CSet: 0.0 ms]
   [Eden: 1024.0K(92.0M)->0.0B(94.0M) Survivors: 4096.0K->5120.0K Heap: 294.7M(512.0M)->293.1M(512.0M)]
 [Times: user=0.00 sys=0.00, real=0.00 secs] 
2020-11-15T19:00:38.569+0800: 0.486: [GC concurrent-root-region-scan-start]
2020-11-15T19:00:38.569+0800: 0.486: [GC concurrent-root-region-scan-end, 0.0000933 secs]
2020-11-15T19:00:38.569+0800: 0.486: [GC concurrent-mark-start]
2020-11-15T19:00:38.570+0800: 0.487: [GC concurrent-mark-end, 0.0009643 secs]
2020-11-15T19:00:38.570+0800: 0.487: [GC remark 2020-11-15T19:00:38.570+0800: 0.487: [Finalize Marking, 0.0002403 secs] 2020-11-15T19:00:38.571+0800: 0.487: [GC ref-proc, 0.0000726 secs] 2020-11-15T19:00:38.571+0800: 0.487: [Unloading, 0.0003913 secs], 0.0011775 secs]
 [Times: user=0.00 sys=0.00, real=0.00 secs] 
2020-11-15T19:00:38.572+0800: 0.488: [GC cleanup 301M->301M(512M), 0.0005003 secs]
 [Times: user=0.00 sys=0.00, real=0.00 secs] 
2020-11-15T19:00:38.593+0800: 0.509: [GC pause (G1 Evacuation Pause) (young) (to-space exhausted), 0.0063517 secs]
   [Parallel Time: 5.5 ms, GC Workers: 10]
      [GC Worker Start (ms): Min: 509.3, Avg: 509.4, Max: 509.4, Diff: 0.1]
      [Ext Root Scanning (ms): Min: 0.1, Avg: 0.1, Max: 0.2, Diff: 0.1, Sum: 1.2]
      [Update RS (ms): Min: 0.2, Avg: 0.3, Max: 0.4, Diff: 0.2, Sum: 3.0]
         [Processed Buffers: Min: 0, Avg: 4.0, Max: 5, Diff: 5, Sum: 40]
      [Scan RS (ms): Min: 0.0, Avg: 0.0, Max: 0.0, Diff: 0.0, Sum: 0.1]
      [Code Root Scanning (ms): Min: 0.0, Avg: 0.0, Max: 0.0, Diff: 0.0, Sum: 0.0]
      [Object Copy (ms): Min: 4.7, Avg: 4.9, Max: 5.0, Diff: 0.3, Sum: 48.6]
      [Termination (ms): Min: 0.0, Avg: 0.1, Max: 0.1, Diff: 0.1, Sum: 0.8]
         [Termination Attempts: Min: 1, Avg: 1.2, Max: 2, Diff: 1, Sum: 12]
      [GC Worker Other (ms): Min: 0.0, Avg: 0.0, Max: 0.0, Diff: 0.0, Sum: 0.2]
      [GC Worker Total (ms): Min: 5.3, Avg: 5.4, Max: 5.4, Diff: 0.1, Sum: 53.8]
      [GC Worker End (ms): Min: 514.7, Avg: 514.7, Max: 514.8, Diff: 0.0]
   [Code Root Fixup: 0.0 ms]
   [Code Root Purge: 0.0 ms]
   [Clear CT: 0.1 ms]
   [Other: 0.7 ms]
      [Evacuation Failure: 0.1 ms]
      [Choose CSet: 0.0 ms]
      [Ref Proc: 0.1 ms]
      [Ref Enq: 0.0 ms]
      [Redirty Cards: 0.2 ms]
      [Humongous Register: 0.1 ms]
      [Humongous Reclaim: 0.0 ms]
      [Free CSet: 0.0 ms]
   [Eden: 94.0M(94.0M)->0.0B(12.0M) Survivors: 5120.0K->13.0M Heap: 420.9M(512.0M)->348.0M(512.0M)]
 [Times: user=0.00 sys=0.00, real=0.01 secs] 
2020-11-15T19:00:38.602+0800: 0.518: [GC pause (G1 Evacuation Pause) (mixed), 0.0090109 secs]
   [Parallel Time: 8.4 ms, GC Workers: 10]
      [GC Worker Start (ms): Min: 517.7, Avg: 517.8, Max: 517.8, Diff: 0.0]
      [Ext Root Scanning (ms): Min: 0.1, Avg: 0.1, Max: 0.1, Diff: 0.0, Sum: 1.1]
      [Update RS (ms): Min: 0.1, Avg: 0.1, Max: 0.1, Diff: 0.0, Sum: 1.2]
         [Processed Buffers: Min: 2, Avg: 2.4, Max: 3, Diff: 1, Sum: 24]
      [Scan RS (ms): Min: 0.0, Avg: 0.0, Max: 0.0, Diff: 0.0, Sum: 0.2]
      [Code Root Scanning (ms): Min: 0.0, Avg: 0.0, Max: 0.0, Diff: 0.0, Sum: 0.0]
      [Object Copy (ms): Min: 7.8, Avg: 7.9, Max: 8.0, Diff: 0.2, Sum: 79.2]
      [Termination (ms): Min: 0.0, Avg: 0.1, Max: 0.2, Diff: 0.2, Sum: 1.1]
         [Termination Attempts: Min: 1, Avg: 1.1, Max: 2, Diff: 1, Sum: 11]
      [GC Worker Other (ms): Min: 0.0, Avg: 0.0, Max: 0.0, Diff: 0.0, Sum: 0.1]
      [GC Worker Total (ms): Min: 8.3, Avg: 8.3, Max: 8.3, Diff: 0.0, Sum: 82.9]
      [GC Worker End (ms): Min: 526.0, Avg: 526.1, Max: 526.1, Diff: 0.0]
   [Code Root Fixup: 0.0 ms]
   [Code Root Purge: 0.0 ms]
   [Clear CT: 0.1 ms]
   [Other: 0.5 ms]
      [Choose CSet: 0.0 ms]
      [Ref Proc: 0.1 ms]
      [Ref Enq: 0.0 ms]
      [Redirty Cards: 0.1 ms]
      [Humongous Register: 0.1 ms]
      [Humongous Reclaim: 0.0 ms]
      [Free CSet: 0.1 ms]
   [Eden: 12.0M(12.0M)->0.0B(64.0M) Survivors: 13.0M->4096.0K Heap: 361.5M(512.0M)->327.2M(512.0M)]
 [Times: user=0.16 sys=0.00, real=0.01 secs] 
2020-11-15T19:00:38.610+0800: 0.527: [GC pause (G1 Humongous Allocation) (young) (initial-mark), 0.0017454 secs]
   [Parallel Time: 1.1 ms, GC Workers: 10]
      [GC Worker Start (ms): Min: 527.0, Avg: 527.0, Max: 527.1, Diff: 0.1]
      [Ext Root Scanning (ms): Min: 0.0, Avg: 0.1, Max: 0.2, Diff: 0.2, Sum: 1.4]
      [Update RS (ms): Min: 0.0, Avg: 0.1, Max: 0.2, Diff: 0.2, Sum: 0.8]
         [Processed Buffers: Min: 0, Avg: 1.1, Max: 2, Diff: 2, Sum: 11]
      [Scan RS (ms): Min: 0.0, Avg: 0.0, Max: 0.0, Diff: 0.0, Sum: 0.0]
      [Code Root Scanning (ms): Min: 0.0, Avg: 0.0, Max: 0.0, Diff: 0.0, Sum: 0.0]
      [Object Copy (ms): Min: 0.4, Avg: 0.6, Max: 0.7, Diff: 0.4, Sum: 5.9]
      [Termination (ms): Min: 0.0, Avg: 0.1, Max: 0.3, Diff: 0.3, Sum: 1.3]
         [Termination Attempts: Min: 1, Avg: 1.0, Max: 1, Diff: 0, Sum: 10]
      [GC Worker Other (ms): Min: 0.0, Avg: 0.0, Max: 0.0, Diff: 0.0, Sum: 0.1]
      [GC Worker Total (ms): Min: 0.8, Avg: 0.9, Max: 1.0, Diff: 0.1, Sum: 9.5]
      [GC Worker End (ms): Min: 528.0, Avg: 528.0, Max: 528.0, Diff: 0.0]
   [Code Root Fixup: 0.0 ms]
   [Code Root Purge: 0.0 ms]
   [Clear CT: 0.1 ms]
   [Other: 0.5 ms]
      [Choose CSet: 0.0 ms]
      [Ref Proc: 0.3 ms]
      [Ref Enq: 0.0 ms]
      [Redirty Cards: 0.1 ms]
      [Humongous Register: 0.1 ms]
      [Humongous Reclaim: 0.0 ms]
      [Free CSet: 0.0 ms]
   [Eden: 1024.0K(64.0M)->0.0B(63.0M) Survivors: 4096.0K->5120.0K Heap: 327.7M(512.0M)->327.7M(512.0M)]
 [Times: user=0.00 sys=0.00, real=0.00 secs] 
2020-11-15T19:00:38.612+0800: 0.529: [GC concurrent-root-region-scan-start]
2020-11-15T19:00:38.613+0800: 0.529: [GC concurrent-root-region-scan-end, 0.0002208 secs]
2020-11-15T19:00:38.613+0800: 0.529: [GC concurrent-mark-start]
2020-11-15T19:00:38.614+0800: 0.530: [GC concurrent-mark-end, 0.0010056 secs]
2020-11-15T19:00:38.614+0800: 0.530: [GC remark 2020-11-15T19:00:38.614+0800: 0.530: [Finalize Marking, 0.0001789 secs] 2020-11-15T19:00:38.614+0800: 0.530: [GC ref-proc, 0.0000708 secs] 2020-11-15T19:00:38.614+0800: 0.530: [Unloading, 0.0003787 secs], 0.0011093 secs]
 [Times: user=0.00 sys=0.00, real=0.00 secs] 
2020-11-15T19:00:38.615+0800: 0.531: [GC cleanup 337M->337M(512M), 0.0006572 secs]
 [Times: user=0.00 sys=0.00, real=0.00 secs] 
2020-11-15T19:00:38.629+0800: 0.546: [GC pause (G1 Evacuation Pause) (young), 0.0057192 secs]
   [Parallel Time: 4.9 ms, GC Workers: 10]
      [GC Worker Start (ms): Min: 546.0, Avg: 546.0, Max: 546.0, Diff: 0.1]
      [Ext Root Scanning (ms): Min: 0.1, Avg: 0.1, Max: 0.2, Diff: 0.1, Sum: 1.2]
      [Update RS (ms): Min: 0.3, Avg: 0.4, Max: 0.4, Diff: 0.0, Sum: 3.7]
         [Processed Buffers: Min: 2, Avg: 5.0, Max: 6, Diff: 4, Sum: 50]
      [Scan RS (ms): Min: 0.0, Avg: 0.0, Max: 0.0, Diff: 0.0, Sum: 0.0]
      [Code Root Scanning (ms): Min: 0.0, Avg: 0.0, Max: 0.0, Diff: 0.0, Sum: 0.0]
      [Object Copy (ms): Min: 4.0, Avg: 4.1, Max: 4.2, Diff: 0.1, Sum: 40.8]
      [Termination (ms): Min: 0.0, Avg: 0.1, Max: 0.2, Diff: 0.2, Sum: 0.8]
         [Termination Attempts: Min: 1, Avg: 1.0, Max: 1, Diff: 0, Sum: 10]
      [GC Worker Other (ms): Min: 0.0, Avg: 0.0, Max: 0.0, Diff: 0.0, Sum: 0.2]
      [GC Worker Total (ms): Min: 4.6, Avg: 4.7, Max: 4.7, Diff: 0.1, Sum: 46.7]
      [GC Worker End (ms): Min: 550.7, Avg: 550.7, Max: 550.7, Diff: 0.0]
   [Code Root Fixup: 0.0 ms]
   [Code Root Purge: 0.0 ms]
   [Clear CT: 0.1 ms]
   [Other: 0.7 ms]
      [Choose CSet: 0.0 ms]
      [Ref Proc: 0.2 ms]
      [Ref Enq: 0.0 ms]
      [Redirty Cards: 0.2 ms]
      [Humongous Register: 0.1 ms]
      [Humongous Reclaim: 0.1 ms]
      [Free CSet: 0.1 ms]
   [Eden: 63.0M(63.0M)->0.0B(16.0M) Survivors: 5120.0K->9216.0K Heap: 410.5M(512.0M)->353.4M(512.0M)]
 [Times: user=0.00 sys=0.00, real=0.01 secs] 
2020-11-15T19:00:38.638+0800: 0.555: [GC pause (G1 Evacuation Pause) (mixed), 0.0069258 secs]
   [Parallel Time: 6.3 ms, GC Workers: 10]
      [GC Worker Start (ms): Min: 554.8, Avg: 554.8, Max: 554.9, Diff: 0.1]
      [Ext Root Scanning (ms): Min: 0.1, Avg: 0.1, Max: 0.2, Diff: 0.1, Sum: 1.2]
      [Update RS (ms): Min: 0.3, Avg: 0.3, Max: 0.3, Diff: 0.0, Sum: 3.1]
         [Processed Buffers: Min: 4, Avg: 4.6, Max: 5, Diff: 1, Sum: 46]
      [Scan RS (ms): Min: 0.0, Avg: 0.0, Max: 0.0, Diff: 0.0, Sum: 0.2]
      [Code Root Scanning (ms): Min: 0.0, Avg: 0.0, Max: 0.0, Diff: 0.0, Sum: 0.0]
      [Object Copy (ms): Min: 5.4, Avg: 5.5, Max: 5.6, Diff: 0.3, Sum: 55.0]
      [Termination (ms): Min: 0.0, Avg: 0.1, Max: 0.3, Diff: 0.3, Sum: 1.3]
         [Termination Attempts: Min: 1, Avg: 1.0, Max: 1, Diff: 0, Sum: 10]
      [GC Worker Other (ms): Min: 0.0, Avg: 0.0, Max: 0.0, Diff: 0.0, Sum: 0.1]
      [GC Worker Total (ms): Min: 6.0, Avg: 6.1, Max: 6.1, Diff: 0.1, Sum: 60.8]
      [GC Worker End (ms): Min: 560.9, Avg: 560.9, Max: 560.9, Diff: 0.0]
   [Code Root Fixup: 0.0 ms]
   [Code Root Purge: 0.0 ms]
   [Clear CT: 0.1 ms]
   [Other: 0.5 ms]
      [Choose CSet: 0.0 ms]
      [Ref Proc: 0.1 ms]
      [Ref Enq: 0.0 ms]
      [Redirty Cards: 0.1 ms]
      [Humongous Register: 0.1 ms]
      [Humongous Reclaim: 0.0 ms]
      [Free CSet: 0.1 ms]
   [Eden: 16.0M(16.0M)->0.0B(21.0M) Survivors: 9216.0K->4096.0K Heap: 373.7M(512.0M)->326.4M(512.0M)]
 [Times: user=0.00 sys=0.00, real=0.01 secs] 
2020-11-15T19:00:38.648+0800: 0.565: [GC pause (G1 Evacuation Pause) (mixed), 0.0043934 secs]
   [Parallel Time: 4.1 ms, GC Workers: 10]
      [GC Worker Start (ms): Min: 565.2, Avg: 565.3, Max: 565.3, Diff: 0.1]
      [Ext Root Scanning (ms): Min: 0.1, Avg: 0.1, Max: 0.2, Diff: 0.1, Sum: 1.2]
      [Update RS (ms): Min: 0.1, Avg: 0.2, Max: 0.2, Diff: 0.1, Sum: 1.8]
         [Processed Buffers: Min: 2, Avg: 2.8, Max: 3, Diff: 1, Sum: 28]
      [Scan RS (ms): Min: 0.0, Avg: 0.0, Max: 0.0, Diff: 0.0, Sum: 0.1]
      [Code Root Scanning (ms): Min: 0.0, Avg: 0.0, Max: 0.0, Diff: 0.0, Sum: 0.0]
      [Object Copy (ms): Min: 3.4, Avg: 3.6, Max: 3.7, Diff: 0.2, Sum: 35.5]
      [Termination (ms): Min: 0.0, Avg: 0.1, Max: 0.2, Diff: 0.2, Sum: 1.1]
         [Termination Attempts: Min: 1, Avg: 1.0, Max: 1, Diff: 0, Sum: 10]
      [GC Worker Other (ms): Min: 0.0, Avg: 0.0, Max: 0.0, Diff: 0.0, Sum: 0.1]
      [GC Worker Total (ms): Min: 3.9, Avg: 4.0, Max: 4.0, Diff: 0.1, Sum: 39.8]
      [GC Worker End (ms): Min: 569.2, Avg: 569.2, Max: 569.2, Diff: 0.0]
   [Code Root Fixup: 0.0 ms]
   [Code Root Purge: 0.0 ms]
   [Clear CT: 0.1 ms]
   [Other: 0.3 ms]
      [Choose CSet: 0.0 ms]
      [Ref Proc: 0.0 ms]
      [Ref Enq: 0.0 ms]
      [Redirty Cards: 0.1 ms]
      [Humongous Register: 0.1 ms]
      [Humongous Reclaim: 0.0 ms]
      [Free CSet: 0.0 ms]
   [Eden: 21.0M(21.0M)->0.0B(55.0M) Survivors: 4096.0K->4096.0K Heap: 349.5M(512.0M)->331.9M(512.0M)]
 [Times: user=0.16 sys=0.00, real=0.01 secs] 
2020-11-15T19:00:38.654+0800: 0.571: [GC pause (G1 Humongous Allocation) (young) (initial-mark), 0.0018282 secs]
   [Parallel Time: 1.3 ms, GC Workers: 10]
      [GC Worker Start (ms): Min: 570.6, Avg: 570.6, Max: 570.6, Diff: 0.0]
      [Ext Root Scanning (ms): Min: 0.1, Avg: 0.1, Max: 0.1, Diff: 0.0, Sum: 1.1]
      [Update RS (ms): Min: 0.0, Avg: 0.0, Max: 0.1, Diff: 0.1, Sum: 0.4]
         [Processed Buffers: Min: 1, Avg: 1.1, Max: 2, Diff: 1, Sum: 11]
      [Scan RS (ms): Min: 0.0, Avg: 0.0, Max: 0.0, Diff: 0.0, Sum: 0.0]
      [Code Root Scanning (ms): Min: 0.0, Avg: 0.0, Max: 0.0, Diff: 0.0, Sum: 0.0]
      [Object Copy (ms): Min: 0.9, Avg: 1.0, Max: 1.1, Diff: 0.2, Sum: 9.8]
      [Termination (ms): Min: 0.0, Avg: 0.1, Max: 0.2, Diff: 0.2, Sum: 0.9]
         [Termination Attempts: Min: 1, Avg: 1.0, Max: 1, Diff: 0, Sum: 10]
      [GC Worker Other (ms): Min: 0.0, Avg: 0.0, Max: 0.0, Diff: 0.0, Sum: 0.1]
      [GC Worker Total (ms): Min: 1.2, Avg: 1.2, Max: 1.2, Diff: 0.0, Sum: 12.3]
      [GC Worker End (ms): Min: 571.8, Avg: 571.8, Max: 571.8, Diff: 0.0]
   [Code Root Fixup: 0.0 ms]
   [Code Root Purge: 0.0 ms]
   [Clear CT: 0.1 ms]
   [Other: 0.5 ms]
      [Choose CSet: 0.0 ms]
      [Ref Proc: 0.3 ms]
      [Ref Enq: 0.0 ms]
      [Redirty Cards: 0.1 ms]
      [Humongous Register: 0.1 ms]
      [Humongous Reclaim: 0.0 ms]
      [Free CSet: 0.0 ms]
   [Eden: 7168.0K(55.0M)->0.0B(52.0M) Survivors: 4096.0K->7168.0K Heap: 338.6M(512.0M)->333.6M(512.0M)]
 [Times: user=0.00 sys=0.00, real=0.00 secs] 
2020-11-15T19:00:38.656+0800: 0.572: [GC concurrent-root-region-scan-start]
2020-11-15T19:00:38.656+0800: 0.573: [GC concurrent-root-region-scan-end, 0.0001260 secs]
2020-11-15T19:00:38.656+0800: 0.573: [GC concurrent-mark-start]
2020-11-15T19:00:38.657+0800: 0.574: [GC concurrent-mark-end, 0.0011220 secs]
2020-11-15T19:00:38.657+0800: 0.574: [GC remark 2020-11-15T19:00:38.657+0800: 0.574: [Finalize Marking, 0.0000533 secs] 2020-11-15T19:00:38.658+0800: 0.574: [GC ref-proc, 0.0000701 secs] 2020-11-15T19:00:38.658+0800: 0.574: [Unloading, 0.0003428 secs], 0.0008659 secs]
 [Times: user=0.00 sys=0.00, real=0.00 secs] 
2020-11-15T19:00:38.658+0800: 0.575: [GC cleanup 344M->344M(512M), 0.0007604 secs]
 [Times: user=0.00 sys=0.00, real=0.00 secs] 
2020-11-15T19:00:38.669+0800: 0.585: [GC pause (G1 Evacuation Pause) (young), 0.0052229 secs]
   [Parallel Time: 4.6 ms, GC Workers: 10]
      [GC Worker Start (ms): Min: 585.5, Avg: 585.5, Max: 585.6, Diff: 0.1]
      [Ext Root Scanning (ms): Min: 0.1, Avg: 0.1, Max: 0.1, Diff: 0.1, Sum: 1.1]
      [Update RS (ms): Min: 0.3, Avg: 0.3, Max: 0.3, Diff: 0.1, Sum: 3.0]
         [Processed Buffers: Min: 1, Avg: 4.3, Max: 6, Diff: 5, Sum: 43]
      [Scan RS (ms): Min: 0.0, Avg: 0.0, Max: 0.0, Diff: 0.0, Sum: 0.0]
      [Code Root Scanning (ms): Min: 0.0, Avg: 0.0, Max: 0.0, Diff: 0.0, Sum: 0.0]
      [Object Copy (ms): Min: 3.8, Avg: 3.9, Max: 4.1, Diff: 0.3, Sum: 39.3]
      [Termination (ms): Min: 0.0, Avg: 0.1, Max: 0.3, Diff: 0.3, Sum: 1.3]
         [Termination Attempts: Min: 1, Avg: 1.4, Max: 2, Diff: 1, Sum: 14]
      [GC Worker Other (ms): Min: 0.0, Avg: 0.0, Max: 0.0, Diff: 0.0, Sum: 0.1]
      [GC Worker Total (ms): Min: 4.4, Avg: 4.5, Max: 4.5, Diff: 0.1, Sum: 44.8]
      [GC Worker End (ms): Min: 590.0, Avg: 590.0, Max: 590.0, Diff: 0.0]
   [Code Root Fixup: 0.0 ms]
   [Code Root Purge: 0.0 ms]
   [Clear CT: 0.1 ms]
   [Other: 0.6 ms]
      [Choose CSet: 0.0 ms]
      [Ref Proc: 0.2 ms]
      [Ref Enq: 0.0 ms]
      [Redirty Cards: 0.1 ms]
      [Humongous Register: 0.1 ms]
      [Humongous Reclaim: 0.1 ms]
      [Free CSet: 0.1 ms]
   [Eden: 52.0M(52.0M)->0.0B(17.0M) Survivors: 7168.0K->8192.0K Heap: 401.5M(512.0M)->352.7M(512.0M)]
 [Times: user=0.00 sys=0.00, real=0.01 secs] 
2020-11-15T19:00:38.678+0800: 0.594: [GC pause (G1 Evacuation Pause) (mixed), 0.0082240 secs]
   [Parallel Time: 7.8 ms, GC Workers: 10]
      [GC Worker Start (ms): Min: 594.6, Avg: 594.6, Max: 594.7, Diff: 0.1]
      [Ext Root Scanning (ms): Min: 0.1, Avg: 0.1, Max: 0.1, Diff: 0.1, Sum: 1.2]
      [Update RS (ms): Min: 0.3, Avg: 0.3, Max: 0.4, Diff: 0.0, Sum: 3.4]
         [Processed Buffers: Min: 1, Avg: 4.5, Max: 5, Diff: 4, Sum: 45]
      [Scan RS (ms): Min: 0.0, Avg: 0.0, Max: 0.0, Diff: 0.0, Sum: 0.2]
      [Code Root Scanning (ms): Min: 0.0, Avg: 0.0, Max: 0.0, Diff: 0.0, Sum: 0.0]
      [Object Copy (ms): Min: 7.0, Avg: 7.1, Max: 7.2, Diff: 0.2, Sum: 70.9]
      [Termination (ms): Min: 0.0, Avg: 0.1, Max: 0.2, Diff: 0.2, Sum: 0.9]
         [Termination Attempts: Min: 1, Avg: 1.0, Max: 1, Diff: 0, Sum: 10]
      [GC Worker Other (ms): Min: 0.0, Avg: 0.0, Max: 0.0, Diff: 0.0, Sum: 0.2]
      [GC Worker Total (ms): Min: 7.6, Avg: 7.7, Max: 7.7, Diff: 0.1, Sum: 76.7]
      [GC Worker End (ms): Min: 602.3, Avg: 602.3, Max: 602.3, Diff: 0.0]
   [Code Root Fixup: 0.0 ms]
   [Code Root Purge: 0.0 ms]
   [Clear CT: 0.1 ms]
   [Other: 0.4 ms]
      [Choose CSet: 0.0 ms]
      [Ref Proc: 0.1 ms]
      [Ref Enq: 0.0 ms]
      [Redirty Cards: 0.1 ms]
      [Humongous Register: 0.1 ms]
      [Humongous Reclaim: 0.0 ms]
      [Free CSet: 0.1 ms]
   [Eden: 17.0M(17.0M)->0.0B(21.0M) Survivors: 8192.0K->4096.0K Heap: 376.3M(512.0M)->335.9M(512.0M)]
 [Times: user=0.11 sys=0.02, real=0.01 secs] 
2020-11-15T19:00:38.691+0800: 0.607: [GC pause (G1 Evacuation Pause) (mixed), 0.0038384 secs]
   [Parallel Time: 3.3 ms, GC Workers: 10]
      [GC Worker Start (ms): Min: 607.4, Avg: 607.5, Max: 607.5, Diff: 0.1]
      [Ext Root Scanning (ms): Min: 0.1, Avg: 0.1, Max: 0.1, Diff: 0.1, Sum: 1.1]
      [Update RS (ms): Min: 0.3, Avg: 0.3, Max: 0.3, Diff: 0.1, Sum: 3.1]
         [Processed Buffers: Min: 1, Avg: 4.4, Max: 6, Diff: 5, Sum: 44]
      [Scan RS (ms): Min: 0.0, Avg: 0.0, Max: 0.0, Diff: 0.0, Sum: 0.1]
      [Code Root Scanning (ms): Min: 0.0, Avg: 0.0, Max: 0.0, Diff: 0.0, Sum: 0.0]
      [Object Copy (ms): Min: 2.4, Avg: 2.5, Max: 2.7, Diff: 0.3, Sum: 25.3]
      [Termination (ms): Min: 0.0, Avg: 0.2, Max: 0.3, Diff: 0.3, Sum: 1.9]
         [Termination Attempts: Min: 1, Avg: 1.4, Max: 4, Diff: 3, Sum: 14]
      [GC Worker Other (ms): Min: 0.0, Avg: 0.0, Max: 0.0, Diff: 0.0, Sum: 0.1]
      [GC Worker Total (ms): Min: 3.1, Avg: 3.2, Max: 3.2, Diff: 0.1, Sum: 31.6]
      [GC Worker End (ms): Min: 610.6, Avg: 610.6, Max: 610.6, Diff: 0.0]
   [Code Root Fixup: 0.0 ms]
   [Code Root Purge: 0.0 ms]
   [Clear CT: 0.1 ms]
   [Other: 0.4 ms]
      [Choose CSet: 0.0 ms]
      [Ref Proc: 0.1 ms]
      [Ref Enq: 0.0 ms]
      [Redirty Cards: 0.1 ms]
      [Humongous Register: 0.1 ms]
      [Humongous Reclaim: 0.1 ms]
      [Free CSet: 0.1 ms]
   [Eden: 21.0M(21.0M)->0.0B(46.0M) Survivors: 4096.0K->4096.0K Heap: 366.0M(512.0M)->342.4M(512.0M)]
 [Times: user=0.00 sys=0.00, real=0.00 secs] 
2020-11-15T19:00:38.695+0800: 0.611: [GC pause (G1 Humongous Allocation) (young) (initial-mark), 0.0012366 secs]
   [Parallel Time: 0.9 ms, GC Workers: 10]
      [GC Worker Start (ms): Min: 611.6, Avg: 611.6, Max: 611.7, Diff: 0.1]
      [Ext Root Scanning (ms): Min: 0.1, Avg: 0.1, Max: 0.1, Diff: 0.1, Sum: 1.1]
      [Update RS (ms): Min: 0.0, Avg: 0.1, Max: 0.1, Diff: 0.1, Sum: 0.6]
         [Processed Buffers: Min: 1, Avg: 1.0, Max: 1, Diff: 0, Sum: 10]
      [Scan RS (ms): Min: 0.0, Avg: 0.0, Max: 0.0, Diff: 0.0, Sum: 0.0]
      [Code Root Scanning (ms): Min: 0.0, Avg: 0.0, Max: 0.0, Diff: 0.0, Sum: 0.0]
      [Object Copy (ms): Min: 0.5, Avg: 0.5, Max: 0.6, Diff: 0.2, Sum: 5.4]
      [Termination (ms): Min: 0.0, Avg: 0.1, Max: 0.2, Diff: 0.2, Sum: 0.7]
         [Termination Attempts: Min: 1, Avg: 1.0, Max: 1, Diff: 0, Sum: 10]
      [GC Worker Other (ms): Min: 0.0, Avg: 0.0, Max: 0.0, Diff: 0.0, Sum: 0.1]
      [GC Worker Total (ms): Min: 0.7, Avg: 0.8, Max: 0.8, Diff: 0.1, Sum: 7.7]
      [GC Worker End (ms): Min: 612.4, Avg: 612.4, Max: 612.4, Diff: 0.0]
   [Code Root Fixup: 0.0 ms]
   [Code Root Purge: 0.0 ms]
   [Clear CT: 0.1 ms]
   [Other: 0.3 ms]
      [Choose CSet: 0.0 ms]
      [Ref Proc: 0.1 ms]
      [Ref Enq: 0.0 ms]
      [Redirty Cards: 0.1 ms]
      [Humongous Register: 0.1 ms]
      [Humongous Reclaim: 0.0 ms]
      [Free CSet: 0.0 ms]
   [Eden: 1024.0K(46.0M)->0.0B(46.0M) Survivors: 4096.0K->1024.0K Heap: 343.0M(512.0M)->342.4M(512.0M)]
 [Times: user=0.00 sys=0.00, real=0.00 secs] 
2020-11-15T19:00:38.696+0800: 0.613: [GC concurrent-root-region-scan-start]
2020-11-15T19:00:38.696+0800: 0.613: [GC concurrent-root-region-scan-end, 0.0000410 secs]
2020-11-15T19:00:38.696+0800: 0.613: [GC concurrent-mark-start]
2020-11-15T19:00:38.698+0800: 0.614: [GC concurrent-mark-end, 0.0012178 secs]
2020-11-15T19:00:38.698+0800: 0.614: [GC remark 2020-11-15T19:00:38.698+0800: 0.614: [Finalize Marking, 0.0001585 secs] 2020-11-15T19:00:38.698+0800: 0.614: [GC ref-proc, 0.0000707 secs] 2020-11-15T19:00:38.698+0800: 0.614: [Unloading, 0.0003684 secs], 0.0010662 secs]
 [Times: user=0.00 sys=0.00, real=0.00 secs] 
2020-11-15T19:00:38.699+0800: 0.615: [GC cleanup 351M->351M(512M), 0.0003949 secs]
 [Times: user=0.14 sys=0.00, real=0.00 secs] 
2020-11-15T19:00:38.711+0800: 0.627: [GC pause (G1 Evacuation Pause) (young), 0.0034158 secs]
   [Parallel Time: 2.8 ms, GC Workers: 10]
      [GC Worker Start (ms): Min: 627.3, Avg: 627.4, Max: 627.4, Diff: 0.1]
      [Ext Root Scanning (ms): Min: 0.1, Avg: 0.1, Max: 0.2, Diff: 0.1, Sum: 1.2]
      [Update RS (ms): Min: 0.5, Avg: 0.5, Max: 0.5, Diff: 0.0, Sum: 5.3]
         [Processed Buffers: Min: 5, Avg: 7.0, Max: 8, Diff: 3, Sum: 70]
      [Scan RS (ms): Min: 0.0, Avg: 0.0, Max: 0.0, Diff: 0.0, Sum: 0.0]
      [Code Root Scanning (ms): Min: 0.0, Avg: 0.0, Max: 0.0, Diff: 0.0, Sum: 0.0]
      [Object Copy (ms): Min: 1.9, Avg: 2.0, Max: 2.0, Diff: 0.2, Sum: 19.5]
      [Termination (ms): Min: 0.0, Avg: 0.1, Max: 0.2, Diff: 0.2, Sum: 0.9]
         [Termination Attempts: Min: 1, Avg: 1.0, Max: 1, Diff: 0, Sum: 10]
      [GC Worker Other (ms): Min: 0.0, Avg: 0.0, Max: 0.0, Diff: 0.0, Sum: 0.1]
      [GC Worker Total (ms): Min: 2.7, Avg: 2.7, Max: 2.7, Diff: 0.1, Sum: 27.1]
      [GC Worker End (ms): Min: 630.1, Avg: 630.1, Max: 630.1, Diff: 0.0]
   [Code Root Fixup: 0.0 ms]
   [Code Root Purge: 0.0 ms]
   [Clear CT: 0.1 ms]
   [Other: 0.5 ms]
      [Choose CSet: 0.0 ms]
      [Ref Proc: 0.1 ms]
      [Ref Enq: 0.0 ms]
      [Redirty Cards: 0.1 ms]
      [Humongous Register: 0.2 ms]
      [Humongous Reclaim: 0.1 ms]
      [Free CSet: 0.0 ms]
   [Eden: 46.0M(46.0M)->0.0B(19.0M) Survivors: 1024.0K->6144.0K Heap: 406.9M(512.0M)->357.9M(512.0M)]
 [Times: user=0.00 sys=0.00, real=0.00 secs] 
2020-11-15T19:00:38.718+0800: 0.635: [GC pause (G1 Evacuation Pause) (mixed), 0.0089800 secs]
   [Parallel Time: 8.2 ms, GC Workers: 10]
      [GC Worker Start (ms): Min: 635.1, Avg: 635.1, Max: 635.2, Diff: 0.2]
      [Ext Root Scanning (ms): Min: 0.0, Avg: 0.1, Max: 0.2, Diff: 0.2, Sum: 1.1]
      [Update RS (ms): Min: 0.4, Avg: 0.4, Max: 0.4, Diff: 0.0, Sum: 4.1]
         [Processed Buffers: Min: 5, Avg: 6.1, Max: 7, Diff: 2, Sum: 61]
      [Scan RS (ms): Min: 0.0, Avg: 0.0, Max: 0.0, Diff: 0.0, Sum: 0.2]
      [Code Root Scanning (ms): Min: 0.0, Avg: 0.0, Max: 0.0, Diff: 0.0, Sum: 0.0]
      [Object Copy (ms): Min: 7.3, Avg: 7.4, Max: 7.5, Diff: 0.1, Sum: 73.8]
      [Termination (ms): Min: 0.0, Avg: 0.1, Max: 0.2, Diff: 0.1, Sum: 1.0]
         [Termination Attempts: Min: 1, Avg: 1.0, Max: 1, Diff: 0, Sum: 10]
      [GC Worker Other (ms): Min: 0.0, Avg: 0.0, Max: 0.0, Diff: 0.0, Sum: 0.1]
      [GC Worker Total (ms): Min: 7.9, Avg: 8.0, Max: 8.1, Diff: 0.2, Sum: 80.3]
      [GC Worker End (ms): Min: 643.1, Avg: 643.1, Max: 643.2, Diff: 0.0]
   [Code Root Fixup: 0.0 ms]
   [Code Root Purge: 0.0 ms]
   [Clear CT: 0.1 ms]
   [Other: 0.6 ms]
      [Choose CSet: 0.1 ms]
      [Ref Proc: 0.1 ms]
      [Ref Enq: 0.0 ms]
      [Redirty Cards: 0.1 ms]
      [Humongous Register: 0.2 ms]
      [Humongous Reclaim: 0.0 ms]
      [Free CSet: 0.1 ms]
   [Eden: 19.0M(19.0M)->0.0B(43.0M) Survivors: 6144.0K->4096.0K Heap: 383.0M(512.0M)->345.1M(512.0M)]
 [Times: user=0.00 sys=0.00, real=0.01 secs] 
2020-11-15T19:00:38.728+0800: 0.645: [GC pause (G1 Humongous Allocation) (young) (initial-mark), 0.0015108 secs]
   [Parallel Time: 1.0 ms, GC Workers: 10]
      [GC Worker Start (ms): Min: 644.7, Avg: 644.7, Max: 644.7, Diff: 0.0]
      [Ext Root Scanning (ms): Min: 0.1, Avg: 0.1, Max: 0.1, Diff: 0.0, Sum: 1.1]
      [Update RS (ms): Min: 0.0, Avg: 0.1, Max: 0.2, Diff: 0.1, Sum: 0.9]
         [Processed Buffers: Min: 1, Avg: 1.1, Max: 2, Diff: 1, Sum: 11]
      [Scan RS (ms): Min: 0.0, Avg: 0.0, Max: 0.0, Diff: 0.0, Sum: 0.0]
      [Code Root Scanning (ms): Min: 0.0, Avg: 0.0, Max: 0.0, Diff: 0.0, Sum: 0.0]
      [Object Copy (ms): Min: 0.6, Avg: 0.7, Max: 0.8, Diff: 0.2, Sum: 6.6]
      [Termination (ms): Min: 0.0, Avg: 0.1, Max: 0.2, Diff: 0.2, Sum: 0.8]
         [Termination Attempts: Min: 1, Avg: 1.0, Max: 1, Diff: 0, Sum: 10]
      [GC Worker Other (ms): Min: 0.0, Avg: 0.0, Max: 0.0, Diff: 0.0, Sum: 0.1]
      [GC Worker Total (ms): Min: 0.9, Avg: 1.0, Max: 1.0, Diff: 0.0, Sum: 9.5]
      [GC Worker End (ms): Min: 645.6, Avg: 645.6, Max: 645.6, Diff: 0.0]
   [Code Root Fixup: 0.0 ms]
   [Code Root Purge: 0.0 ms]
   [Clear CT: 0.1 ms]
   [Other: 0.4 ms]
      [Choose CSet: 0.0 ms]
      [Ref Proc: 0.1 ms]
      [Ref Enq: 0.0 ms]
      [Redirty Cards: 0.1 ms]
      [Humongous Register: 0.1 ms]
      [Humongous Reclaim: 0.0 ms]
      [Free CSet: 0.0 ms]
   [Eden: 3072.0K(43.0M)->0.0B(42.0M) Survivors: 4096.0K->1024.0K Heap: 347.9M(512.0M)->345.6M(512.0M)]
 [Times: user=0.00 sys=0.00, real=0.00 secs] 
2020-11-15T19:00:38.729+0800: 0.646: [GC concurrent-root-region-scan-start]
2020-11-15T19:00:38.730+0800: 0.646: [GC concurrent-root-region-scan-end, 0.0001429 secs]
2020-11-15T19:00:38.730+0800: 0.646: [GC concurrent-mark-start]
2020-11-15T19:00:38.731+0800: 0.648: [GC concurrent-mark-end, 0.0016188 secs]
2020-11-15T19:00:38.731+0800: 0.648: [GC remark 2020-11-15T19:00:38.731+0800: 0.648: [Finalize Marking, 0.0001084 secs] 2020-11-15T19:00:38.732+0800: 0.648: [GC ref-proc, 0.0001029 secs] 2020-11-15T19:00:38.732+0800: 0.648: [Unloading, 0.0004111 secs], 0.0011706 secs]
 [Times: user=0.00 sys=0.00, real=0.00 secs] 
2020-11-15T19:00:38.733+0800: 0.649: [GC cleanup 355M->355M(512M), 0.0003928 secs]
 [Times: user=0.00 sys=0.00, real=0.00 secs] 
2020-11-15T19:00:38.743+0800: 0.660: [GC pause (G1 Evacuation Pause) (young), 0.0040441 secs]
   [Parallel Time: 3.4 ms, GC Workers: 10]
      [GC Worker Start (ms): Min: 659.8, Avg: 660.0, Max: 660.3, Diff: 0.5]
      [Ext Root Scanning (ms): Min: 0.0, Avg: 0.1, Max: 0.2, Diff: 0.2, Sum: 0.9]
      [Update RS (ms): Min: 0.3, Avg: 0.5, Max: 0.6, Diff: 0.3, Sum: 5.4]
         [Processed Buffers: Min: 4, Avg: 7.2, Max: 9, Diff: 5, Sum: 72]
      [Scan RS (ms): Min: 0.0, Avg: 0.0, Max: 0.0, Diff: 0.0, Sum: 0.0]
      [Code Root Scanning (ms): Min: 0.0, Avg: 0.0, Max: 0.0, Diff: 0.0, Sum: 0.0]
      [Object Copy (ms): Min: 2.3, Avg: 2.4, Max: 2.5, Diff: 0.2, Sum: 24.4]
      [Termination (ms): Min: 0.0, Avg: 0.1, Max: 0.2, Diff: 0.2, Sum: 0.7]
         [Termination Attempts: Min: 1, Avg: 1.1, Max: 2, Diff: 1, Sum: 11]
      [GC Worker Other (ms): Min: 0.0, Avg: 0.0, Max: 0.0, Diff: 0.0, Sum: 0.1]
      [GC Worker Total (ms): Min: 2.8, Avg: 3.2, Max: 3.3, Diff: 0.5, Sum: 31.6]
      [GC Worker End (ms): Min: 663.1, Avg: 663.1, Max: 663.1, Diff: 0.0]
   [Code Root Fixup: 0.0 ms]
   [Code Root Purge: 0.0 ms]
   [Clear CT: 0.1 ms]
   [Other: 0.6 ms]
      [Choose CSet: 0.0 ms]
      [Ref Proc: 0.1 ms]
      [Ref Enq: 0.0 ms]
      [Redirty Cards: 0.1 ms]
      [Humongous Register: 0.2 ms]
      [Humongous Reclaim: 0.0 ms]
      [Free CSet: 0.0 ms]
   [Eden: 42.0M(42.0M)->0.0B(19.0M) Survivors: 1024.0K->6144.0K Heap: 400.2M(512.0M)->360.4M(512.0M)]
 [Times: user=0.13 sys=0.03, real=0.00 secs] 
2020-11-15T19:00:38.751+0800: 0.667: [GC pause (G1 Evacuation Pause) (mixed), 0.0075766 secs]
   [Parallel Time: 7.1 ms, GC Workers: 10]
      [GC Worker Start (ms): Min: 667.3, Avg: 667.3, Max: 667.3, Diff: 0.1]
      [Ext Root Scanning (ms): Min: 0.1, Avg: 0.1, Max: 0.1, Diff: 0.1, Sum: 1.1]
      [Update RS (ms): Min: 0.1, Avg: 0.2, Max: 0.2, Diff: 0.1, Sum: 1.7]
         [Processed Buffers: Min: 2, Avg: 2.8, Max: 4, Diff: 2, Sum: 28]
      [Scan RS (ms): Min: 0.0, Avg: 0.0, Max: 0.0, Diff: 0.0, Sum: 0.1]
      [Code Root Scanning (ms): Min: 0.0, Avg: 0.0, Max: 0.0, Diff: 0.0, Sum: 0.0]
      [Object Copy (ms): Min: 6.5, Avg: 6.6, Max: 6.7, Diff: 0.2, Sum: 66.3]
      [Termination (ms): Min: 0.0, Avg: 0.1, Max: 0.2, Diff: 0.2, Sum: 1.1]
         [Termination Attempts: Min: 1, Avg: 1.0, Max: 1, Diff: 0, Sum: 10]
      [GC Worker Other (ms): Min: 0.0, Avg: 0.0, Max: 0.0, Diff: 0.0, Sum: 0.1]
      [GC Worker Total (ms): Min: 7.0, Avg: 7.0, Max: 7.1, Diff: 0.1, Sum: 70.4]
      [GC Worker End (ms): Min: 674.3, Avg: 674.3, Max: 674.3, Diff: 0.0]
   [Code Root Fixup: 0.0 ms]
   [Code Root Purge: 0.0 ms]
   [Clear CT: 0.1 ms]
   [Other: 0.4 ms]
      [Choose CSet: 0.0 ms]
      [Ref Proc: 0.1 ms]
      [Ref Enq: 0.0 ms]
      [Redirty Cards: 0.1 ms]
      [Humongous Register: 0.1 ms]
      [Humongous Reclaim: 0.0 ms]
      [Free CSet: 0.0 ms]
   [Eden: 19.0M(19.0M)->0.0B(36.0M) Survivors: 6144.0K->4096.0K Heap: 381.5M(512.0M)->352.7M(512.0M)]
 [Times: user=0.00 sys=0.00, real=0.01 secs] 
2020-11-15T19:00:38.759+0800: 0.676: [GC pause (G1 Humongous Allocation) (young) (initial-mark), 0.0016038 secs]
   [Parallel Time: 1.1 ms, GC Workers: 10]
      [GC Worker Start (ms): Min: 676.4, Avg: 676.4, Max: 676.4, Diff: 0.1]
      [Ext Root Scanning (ms): Min: 0.1, Avg: 0.1, Max: 0.1, Diff: 0.1, Sum: 1.1]
      [Update RS (ms): Min: 0.0, Avg: 0.1, Max: 0.2, Diff: 0.1, Sum: 0.8]
         [Processed Buffers: Min: 1, Avg: 1.1, Max: 2, Diff: 1, Sum: 11]
      [Scan RS (ms): Min: 0.0, Avg: 0.0, Max: 0.0, Diff: 0.0, Sum: 0.0]
      [Code Root Scanning (ms): Min: 0.0, Avg: 0.0, Max: 0.0, Diff: 0.0, Sum: 0.0]
      [Object Copy (ms): Min: 0.7, Avg: 0.8, Max: 0.9, Diff: 0.2, Sum: 8.1]
      [Termination (ms): Min: 0.0, Avg: 0.1, Max: 0.1, Diff: 0.1, Sum: 0.8]
         [Termination Attempts: Min: 1, Avg: 1.0, Max: 1, Diff: 0, Sum: 10]
      [GC Worker Other (ms): Min: 0.0, Avg: 0.0, Max: 0.0, Diff: 0.0, Sum: 0.1]
      [GC Worker Total (ms): Min: 1.1, Avg: 1.1, Max: 1.1, Diff: 0.1, Sum: 10.9]
      [GC Worker End (ms): Min: 677.5, Avg: 677.5, Max: 677.5, Diff: 0.0]
   [Code Root Fixup: 0.0 ms]
   [Code Root Purge: 0.0 ms]
   [Clear CT: 0.0 ms]
   [Other: 0.4 ms]
      [Choose CSet: 0.0 ms]
      [Ref Proc: 0.1 ms]
      [Ref Enq: 0.0 ms]
      [Redirty Cards: 0.0 ms]
      [Humongous Register: 0.1 ms]
      [Humongous Reclaim: 0.0 ms]
      [Free CSet: 0.0 ms]
   [Eden: 7168.0K(36.0M)->0.0B(35.0M) Survivors: 4096.0K->2048.0K Heap: 359.0M(512.0M)->354.6M(512.0M)]
 [Times: user=0.01 sys=0.00, real=0.00 secs] 
2020-11-15T19:00:38.762+0800: 0.678: [GC concurrent-root-region-scan-start]
2020-11-15T19:00:38.762+0800: 0.678: [GC concurrent-root-region-scan-end, 0.0001467 secs]
2020-11-15T19:00:38.762+0800: 0.678: [GC concurrent-mark-start]
2020-11-15T19:00:38.763+0800: 0.680: [GC concurrent-mark-end, 0.0017972 secs]
2020-11-15T19:00:38.764+0800: 0.680: [GC remark 2020-11-15T19:00:38.764+0800: 0.680: [Finalize Marking, 0.0000779 secs] 2020-11-15T19:00:38.764+0800: 0.680: [GC ref-proc, 0.0000831 secs] 2020-11-15T19:00:38.764+0800: 0.680: [Unloading, 0.0003845 secs], 0.0010344 secs]
 [Times: user=0.00 sys=0.00, real=0.00 secs] 
2020-11-15T19:00:38.765+0800: 0.681: [GC cleanup 366M->366M(512M), 0.0003828 secs]
 [Times: user=0.00 sys=0.00, real=0.00 secs] 
2020-11-15T19:00:38.771+0800: 0.688: [GC pause (G1 Evacuation Pause) (young), 0.0035428 secs]
   [Parallel Time: 3.1 ms, GC Workers: 10]
      [GC Worker Start (ms): Min: 687.7, Avg: 687.7, Max: 687.9, Diff: 0.2]
      [Ext Root Scanning (ms): Min: 0.0, Avg: 0.1, Max: 0.2, Diff: 0.2, Sum: 1.1]
      [Update RS (ms): Min: 0.6, Avg: 0.6, Max: 0.6, Diff: 0.0, Sum: 5.9]
         [Processed Buffers: Min: 7, Avg: 8.1, Max: 9, Diff: 2, Sum: 81]
      [Scan RS (ms): Min: 0.0, Avg: 0.0, Max: 0.0, Diff: 0.0, Sum: 0.0]
      [Code Root Scanning (ms): Min: 0.0, Avg: 0.0, Max: 0.0, Diff: 0.0, Sum: 0.0]
      [Object Copy (ms): Min: 2.1, Avg: 2.2, Max: 2.3, Diff: 0.2, Sum: 21.7]
      [Termination (ms): Min: 0.0, Avg: 0.1, Max: 0.2, Diff: 0.2, Sum: 1.0]
         [Termination Attempts: Min: 1, Avg: 1.0, Max: 1, Diff: 0, Sum: 10]
      [GC Worker Other (ms): Min: 0.0, Avg: 0.0, Max: 0.0, Diff: 0.0, Sum: 0.1]
      [GC Worker Total (ms): Min: 2.9, Avg: 3.0, Max: 3.0, Diff: 0.1, Sum: 29.9]
      [GC Worker End (ms): Min: 690.7, Avg: 690.7, Max: 690.7, Diff: 0.0]
   [Code Root Fixup: 0.0 ms]
   [Code Root Purge: 0.0 ms]
   [Clear CT: 0.1 ms]
   [Other: 0.4 ms]
      [Choose CSet: 0.0 ms]
      [Ref Proc: 0.1 ms]
      [Ref Enq: 0.0 ms]
      [Redirty Cards: 0.1 ms]
      [Humongous Register: 0.1 ms]
      [Humongous Reclaim: 0.0 ms]
      [Free CSet: 0.0 ms]
   [Eden: 35.0M(35.0M)->0.0B(20.0M) Survivors: 2048.0K->5120.0K Heap: 398.4M(512.0M)->365.7M(512.0M)]
 [Times: user=0.00 sys=0.00, real=0.00 secs] 
2020-11-15T19:00:38.779+0800: 0.696: [GC pause (G1 Evacuation Pause) (mixed), 0.0076398 secs]
   [Parallel Time: 7.2 ms, GC Workers: 10]
      [GC Worker Start (ms): Min: 695.7, Avg: 695.7, Max: 695.8, Diff: 0.1]
      [Ext Root Scanning (ms): Min: 0.1, Avg: 0.1, Max: 0.1, Diff: 0.1, Sum: 1.1]
      [Update RS (ms): Min: 0.3, Avg: 0.3, Max: 0.3, Diff: 0.0, Sum: 2.7]
         [Processed Buffers: Min: 3, Avg: 4.0, Max: 5, Diff: 2, Sum: 40]
      [Scan RS (ms): Min: 0.0, Avg: 0.0, Max: 0.1, Diff: 0.1, Sum: 0.3]
      [Code Root Scanning (ms): Min: 0.0, Avg: 0.0, Max: 0.0, Diff: 0.0, Sum: 0.0]
      [Object Copy (ms): Min: 6.6, Avg: 6.6, Max: 6.7, Diff: 0.1, Sum: 66.4]
      [Termination (ms): Min: 0.0, Avg: 0.0, Max: 0.1, Diff: 0.1, Sum: 0.5]
         [Termination Attempts: Min: 1, Avg: 1.0, Max: 1, Diff: 0, Sum: 10]
      [GC Worker Other (ms): Min: 0.0, Avg: 0.0, Max: 0.0, Diff: 0.0, Sum: 0.1]
      [GC Worker Total (ms): Min: 7.1, Avg: 7.1, Max: 7.1, Diff: 0.1, Sum: 71.0]
      [GC Worker End (ms): Min: 702.8, Avg: 702.8, Max: 702.8, Diff: 0.0]
   [Code Root Fixup: 0.0 ms]
   [Code Root Purge: 0.0 ms]
   [Clear CT: 0.1 ms]
   [Other: 0.4 ms]
      [Choose CSet: 0.0 ms]
      [Ref Proc: 0.1 ms]
      [Ref Enq: 0.0 ms]
      [Redirty Cards: 0.1 ms]
      [Humongous Register: 0.1 ms]
      [Humongous Reclaim: 0.0 ms]
      [Free CSet: 0.0 ms]
   [Eden: 20.0M(20.0M)->0.0B(35.0M) Survivors: 5120.0K->4096.0K Heap: 389.3M(512.0M)->354.6M(512.0M)]
 [Times: user=0.00 sys=0.00, real=0.01 secs] 
2020-11-15T19:00:38.787+0800: 0.704: [GC pause (G1 Humongous Allocation) (young) (initial-mark), 0.0011528 secs]
   [Parallel Time: 0.9 ms, GC Workers: 10]
      [GC Worker Start (ms): Min: 703.7, Avg: 703.7, Max: 703.7, Diff: 0.0]
      [Ext Root Scanning (ms): Min: 0.1, Avg: 0.1, Max: 0.1, Diff: 0.0, Sum: 1.1]
      [Update RS (ms): Min: 0.0, Avg: 0.1, Max: 0.2, Diff: 0.1, Sum: 0.6]
         [Processed Buffers: Min: 1, Avg: 1.1, Max: 2, Diff: 1, Sum: 11]
      [Scan RS (ms): Min: 0.0, Avg: 0.0, Max: 0.0, Diff: 0.0, Sum: 0.0]
      [Code Root Scanning (ms): Min: 0.0, Avg: 0.0, Max: 0.0, Diff: 0.0, Sum: 0.0]
      [Object Copy (ms): Min: 0.4, Avg: 0.6, Max: 0.7, Diff: 0.3, Sum: 5.6]
      [Termination (ms): Min: 0.0, Avg: 0.1, Max: 0.2, Diff: 0.2, Sum: 0.9]
         [Termination Attempts: Min: 1, Avg: 1.2, Max: 2, Diff: 1, Sum: 12]
      [GC Worker Other (ms): Min: 0.0, Avg: 0.0, Max: 0.0, Diff: 0.0, Sum: 0.1]
      [GC Worker Total (ms): Min: 0.8, Avg: 0.8, Max: 0.8, Diff: 0.0, Sum: 8.3]
      [GC Worker End (ms): Min: 704.5, Avg: 704.5, Max: 704.5, Diff: 0.0]
   [Code Root Fixup: 0.0 ms]
   [Code Root Purge: 0.0 ms]
   [Clear CT: 0.0 ms]
   [Other: 0.3 ms]
      [Choose CSet: 0.0 ms]
      [Ref Proc: 0.1 ms]
      [Ref Enq: 0.0 ms]
      [Redirty Cards: 0.0 ms]
      [Humongous Register: 0.1 ms]
      [Humongous Reclaim: 0.0 ms]
      [Free CSet: 0.0 ms]
   [Eden: 3072.0K(35.0M)->0.0B(35.0M) Survivors: 4096.0K->1024.0K Heap: 356.7M(512.0M)->354.6M(512.0M)]
 [Times: user=0.00 sys=0.00, real=0.00 secs] 
2020-11-15T19:00:38.788+0800: 0.705: [GC concurrent-root-region-scan-start]
2020-11-15T19:00:38.788+0800: 0.705: [GC concurrent-root-region-scan-end, 0.0001325 secs]
2020-11-15T19:00:38.788+0800: 0.705: [GC concurrent-mark-start]
2020-11-15T19:00:38.790+0800: 0.706: [GC concurrent-mark-end, 0.0012010 secs]
2020-11-15T19:00:38.790+0800: 0.706: [GC remark 2020-11-15T19:00:38.790+0800: 0.706: [Finalize Marking, 0.0000575 secs] 2020-11-15T19:00:38.790+0800: 0.706: [GC ref-proc, 0.0000704 secs] 2020-11-15T19:00:38.790+0800: 0.706: [Unloading, 0.0003392 secs], 0.0009272 secs]
 [Times: user=0.00 sys=0.00, real=0.00 secs] 
2020-11-15T19:00:38.791+0800: 0.707: [GC cleanup 364M->364M(512M), 0.0004071 secs]
 [Times: user=0.00 sys=0.00, real=0.00 secs] 
2020-11-15T19:00:38.798+0800: 0.715: [GC pause (G1 Evacuation Pause) (young), 0.0030242 secs]
   [Parallel Time: 2.7 ms, GC Workers: 10]
      [GC Worker Start (ms): Min: 714.7, Avg: 714.7, Max: 714.8, Diff: 0.1]
      [Ext Root Scanning (ms): Min: 0.1, Avg: 0.1, Max: 0.1, Diff: 0.1, Sum: 1.1]
      [Update RS (ms): Min: 0.5, Avg: 0.5, Max: 0.6, Diff: 0.0, Sum: 5.2]
         [Processed Buffers: Min: 7, Avg: 7.7, Max: 10, Diff: 3, Sum: 77]
      [Scan RS (ms): Min: 0.0, Avg: 0.0, Max: 0.0, Diff: 0.0, Sum: 0.0]
      [Code Root Scanning (ms): Min: 0.0, Avg: 0.0, Max: 0.0, Diff: 0.0, Sum: 0.0]
      [Object Copy (ms): Min: 1.7, Avg: 1.9, Max: 2.0, Diff: 0.3, Sum: 18.5]
      [Termination (ms): Min: 0.0, Avg: 0.1, Max: 0.2, Diff: 0.2, Sum: 1.0]
         [Termination Attempts: Min: 1, Avg: 1.0, Max: 1, Diff: 0, Sum: 10]
      [GC Worker Other (ms): Min: 0.0, Avg: 0.0, Max: 0.0, Diff: 0.0, Sum: 0.1]
      [GC Worker Total (ms): Min: 2.6, Avg: 2.6, Max: 2.6, Diff: 0.1, Sum: 26.0]
      [GC Worker End (ms): Min: 717.3, Avg: 717.3, Max: 717.3, Diff: 0.0]
   [Code Root Fixup: 0.0 ms]
   [Code Root Purge: 0.0 ms]
   [Clear CT: 0.0 ms]
   [Other: 0.3 ms]
      [Choose CSet: 0.0 ms]
      [Ref Proc: 0.1 ms]
      [Ref Enq: 0.0 ms]
      [Redirty Cards: 0.1 ms]
      [Humongous Register: 0.1 ms]
      [Humongous Reclaim: 0.0 ms]
      [Free CSet: 0.0 ms]
   [Eden: 35.0M(35.0M)->0.0B(20.0M) Survivors: 1024.0K->5120.0K Heap: 397.9M(512.0M)->363.2M(512.0M)]
 [Times: user=0.00 sys=0.00, real=0.00 secs] 
2020-11-15T19:00:38.805+0800: 0.722: [GC pause (G1 Evacuation Pause) (mixed), 0.0082505 secs]
   [Parallel Time: 7.6 ms, GC Workers: 10]
      [GC Worker Start (ms): Min: 721.9, Avg: 721.9, Max: 722.0, Diff: 0.1]
      [Ext Root Scanning (ms): Min: 0.1, Avg: 0.1, Max: 0.1, Diff: 0.1, Sum: 1.2]
      [Update RS (ms): Min: 0.2, Avg: 0.3, Max: 0.3, Diff: 0.1, Sum: 2.6]
         [Processed Buffers: Min: 4, Avg: 4.2, Max: 5, Diff: 1, Sum: 42]
      [Scan RS (ms): Min: 0.0, Avg: 0.0, Max: 0.0, Diff: 0.0, Sum: 0.2]
      [Code Root Scanning (ms): Min: 0.0, Avg: 0.0, Max: 0.0, Diff: 0.0, Sum: 0.0]
      [Object Copy (ms): Min: 6.9, Avg: 7.0, Max: 7.1, Diff: 0.2, Sum: 70.3]
      [Termination (ms): Min: 0.0, Avg: 0.1, Max: 0.2, Diff: 0.2, Sum: 1.1]
         [Termination Attempts: Min: 1, Avg: 1.1, Max: 2, Diff: 1, Sum: 11]
      [GC Worker Other (ms): Min: 0.0, Avg: 0.0, Max: 0.0, Diff: 0.0, Sum: 0.1]
      [GC Worker Total (ms): Min: 7.5, Avg: 7.5, Max: 7.6, Diff: 0.1, Sum: 75.5]
      [GC Worker End (ms): Min: 729.5, Avg: 729.5, Max: 729.5, Diff: 0.0]
   [Code Root Fixup: 0.0 ms]
   [Code Root Purge: 0.0 ms]
   [Clear CT: 0.1 ms]
   [Other: 0.5 ms]
      [Choose CSet: 0.0 ms]
      [Ref Proc: 0.1 ms]
      [Ref Enq: 0.0 ms]
      [Redirty Cards: 0.1 ms]
      [Humongous Register: 0.1 ms]
      [Humongous Reclaim: 0.0 ms]
      [Free CSet: 0.1 ms]
   [Eden: 20.0M(20.0M)->0.0B(36.0M) Survivors: 5120.0K->4096.0K Heap: 386.9M(512.0M)->355.8M(512.0M)]
 [Times: user=0.14 sys=0.00, real=0.01 secs] 
2020-11-15T19:00:38.813+0800: 0.730: [GC pause (G1 Humongous Allocation) (young) (initial-mark), 0.0016727 secs]
   [Parallel Time: 1.2 ms, GC Workers: 10]
      [GC Worker Start (ms): Min: 730.5, Avg: 730.5, Max: 730.7, Diff: 0.2]
      [Ext Root Scanning (ms): Min: 0.0, Avg: 0.2, Max: 0.2, Diff: 0.2, Sum: 1.5]
      [Update RS (ms): Min: 0.0, Avg: 0.3, Max: 0.9, Diff: 0.8, Sum: 2.5]
         [Processed Buffers: Min: 1, Avg: 1.1, Max: 2, Diff: 1, Sum: 11]
      [Scan RS (ms): Min: 0.0, Avg: 0.0, Max: 0.0, Diff: 0.0, Sum: 0.0]
      [Code Root Scanning (ms): Min: 0.0, Avg: 0.0, Max: 0.0, Diff: 0.0, Sum: 0.0]
      [Object Copy (ms): Min: 0.0, Avg: 0.6, Max: 0.9, Diff: 0.9, Sum: 5.9]
      [Termination (ms): Min: 0.0, Avg: 0.1, Max: 0.4, Diff: 0.4, Sum: 1.4]
         [Termination Attempts: Min: 1, Avg: 1.5, Max: 3, Diff: 2, Sum: 15]
      [GC Worker Other (ms): Min: 0.0, Avg: 0.0, Max: 0.0, Diff: 0.0, Sum: 0.1]
      [GC Worker Total (ms): Min: 1.0, Avg: 1.2, Max: 1.2, Diff: 0.2, Sum: 11.6]
      [GC Worker End (ms): Min: 731.7, Avg: 731.7, Max: 731.7, Diff: 0.0]
   [Code Root Fixup: 0.0 ms]
   [Code Root Purge: 0.0 ms]
   [Clear CT: 0.1 ms]
   [Other: 0.4 ms]
      [Choose CSet: 0.0 ms]
      [Ref Proc: 0.1 ms]
      [Ref Enq: 0.0 ms]
      [Redirty Cards: 0.0 ms]
      [Humongous Register: 0.1 ms]
      [Humongous Reclaim: 0.0 ms]
      [Free CSet: 0.0 ms]
   [Eden: 1024.0K(36.0M)->0.0B(32.0M) Survivors: 4096.0K->1024.0K Heap: 356.7M(512.0M)->357.0M(512.0M)]
 [Times: user=0.00 sys=0.00, real=0.00 secs] 
2020-11-15T19:00:38.815+0800: 0.732: [GC concurrent-root-region-scan-start]
2020-11-15T19:00:38.815+0800: 0.732: [GC concurrent-root-region-scan-end, 0.0000521 secs]
2020-11-15T19:00:38.815+0800: 0.732: [GC concurrent-mark-start]
2020-11-15T19:00:38.817+0800: 0.733: [GC concurrent-mark-end, 0.0012087 secs]
2020-11-15T19:00:38.817+0800: 0.733: [GC remark 2020-11-15T19:00:38.817+0800: 0.733: [Finalize Marking, 0.0000570 secs] 2020-11-15T19:00:38.817+0800: 0.733: [GC ref-proc, 0.0000689 secs] 2020-11-15T19:00:38.817+0800: 0.734: [Unloading, 0.0003323 secs], 0.0008736 secs]
 [Times: user=0.00 sys=0.00, real=0.00 secs] 
2020-11-15T19:00:38.817+0800: 0.734: [GC cleanup 364M->364M(512M), 0.0003941 secs]
 [Times: user=0.00 sys=0.00, real=0.00 secs] 
2020-11-15T19:00:38.824+0800: 0.741: [GC pause (G1 Evacuation Pause) (young), 0.0033448 secs]
   [Parallel Time: 2.9 ms, GC Workers: 10]
      [GC Worker Start (ms): Min: 740.8, Avg: 740.8, Max: 740.8, Diff: 0.1]
      [Ext Root Scanning (ms): Min: 0.1, Avg: 0.1, Max: 0.2, Diff: 0.1, Sum: 1.2]
      [Update RS (ms): Min: 0.6, Avg: 0.6, Max: 1.1, Diff: 0.5, Sum: 6.5]
         [Processed Buffers: Min: 7, Avg: 8.6, Max: 11, Diff: 4, Sum: 86]
      [Scan RS (ms): Min: 0.0, Avg: 0.0, Max: 0.0, Diff: 0.0, Sum: 0.0]
      [Code Root Scanning (ms): Min: 0.0, Avg: 0.0, Max: 0.0, Diff: 0.0, Sum: 0.0]
      [Object Copy (ms): Min: 1.5, Avg: 1.9, Max: 2.1, Diff: 0.5, Sum: 19.1]
      [Termination (ms): Min: 0.0, Avg: 0.1, Max: 0.2, Diff: 0.2, Sum: 0.9]
         [Termination Attempts: Min: 1, Avg: 1.0, Max: 1, Diff: 0, Sum: 10]
      [GC Worker Other (ms): Min: 0.0, Avg: 0.0, Max: 0.0, Diff: 0.0, Sum: 0.1]
      [GC Worker Total (ms): Min: 2.8, Avg: 2.8, Max: 2.8, Diff: 0.1, Sum: 27.9]
      [GC Worker End (ms): Min: 743.6, Avg: 743.6, Max: 743.6, Diff: 0.0]
   [Code Root Fixup: 0.0 ms]
   [Code Root Purge: 0.0 ms]
   [Clear CT: 0.1 ms]
   [Other: 0.4 ms]
      [Choose CSet: 0.0 ms]
      [Ref Proc: 0.1 ms]
      [Ref Enq: 0.0 ms]
      [Redirty Cards: 0.1 ms]
      [Humongous Register: 0.1 ms]
      [Humongous Reclaim: 0.0 ms]
      [Free CSet: 0.0 ms]
   [Eden: 32.0M(32.0M)->0.0B(20.0M) Survivors: 1024.0K->5120.0K Heap: 398.5M(512.0M)->368.5M(512.0M)]
 [Times: user=0.02 sys=0.00, real=0.00 secs] 
2020-11-15T19:00:38.833+0800: 0.749: [GC pause (G1 Evacuation Pause) (mixed), 0.0065323 secs]
   [Parallel Time: 6.1 ms, GC Workers: 10]
      [GC Worker Start (ms): Min: 749.0, Avg: 749.1, Max: 749.1, Diff: 0.1]
      [Ext Root Scanning (ms): Min: 0.1, Avg: 0.1, Max: 0.2, Diff: 0.1, Sum: 1.2]
      [Update RS (ms): Min: 0.2, Avg: 0.3, Max: 0.3, Diff: 0.1, Sum: 2.8]
         [Processed Buffers: Min: 3, Avg: 4.9, Max: 8, Diff: 5, Sum: 49]
      [Scan RS (ms): Min: 0.0, Avg: 0.0, Max: 0.1, Diff: 0.1, Sum: 0.4]
      [Code Root Scanning (ms): Min: 0.0, Avg: 0.0, Max: 0.1, Diff: 0.1, Sum: 0.1]
      [Object Copy (ms): Min: 5.3, Avg: 5.4, Max: 5.6, Diff: 0.3, Sum: 54.3]
      [Termination (ms): Min: 0.0, Avg: 0.1, Max: 0.1, Diff: 0.1, Sum: 0.9]
         [Termination Attempts: Min: 1, Avg: 1.0, Max: 1, Diff: 0, Sum: 10]
      [GC Worker Other (ms): Min: 0.0, Avg: 0.0, Max: 0.0, Diff: 0.0, Sum: 0.1]
      [GC Worker Total (ms): Min: 6.0, Avg: 6.0, Max: 6.0, Diff: 0.1, Sum: 59.9]
      [GC Worker End (ms): Min: 755.1, Avg: 755.1, Max: 755.1, Diff: 0.0]
   [Code Root Fixup: 0.0 ms]
   [Code Root Purge: 0.0 ms]
   [Clear CT: 0.1 ms]
   [Other: 0.4 ms]
      [Choose CSet: 0.0 ms]
      [Ref Proc: 0.1 ms]
      [Ref Enq: 0.0 ms]
      [Redirty Cards: 0.1 ms]
      [Humongous Register: 0.1 ms]
      [Humongous Reclaim: 0.0 ms]
      [Free CSet: 0.0 ms]
   [Eden: 20.0M(20.0M)->0.0B(31.0M) Survivors: 5120.0K->4096.0K Heap: 393.3M(512.0M)->358.8M(512.0M)]
 [Times: user=0.00 sys=0.00, real=0.01 secs] 
2020-11-15T19:00:38.839+0800: 0.756: [GC pause (G1 Humongous Allocation) (young) (initial-mark), 0.0011884 secs]
   [Parallel Time: 0.9 ms, GC Workers: 10]
      [GC Worker Start (ms): Min: 755.8, Avg: 755.8, Max: 755.8, Diff: 0.0]
      [Ext Root Scanning (ms): Min: 0.1, Avg: 0.1, Max: 0.1, Diff: 0.0, Sum: 1.0]
      [Update RS (ms): Min: 0.0, Avg: 0.2, Max: 0.8, Diff: 0.7, Sum: 2.2]
         [Processed Buffers: Min: 1, Avg: 1.1, Max: 2, Diff: 1, Sum: 11]
      [Scan RS (ms): Min: 0.0, Avg: 0.0, Max: 0.0, Diff: 0.0, Sum: 0.0]
      [Code Root Scanning (ms): Min: 0.0, Avg: 0.0, Max: 0.0, Diff: 0.0, Sum: 0.0]
      [Object Copy (ms): Min: 0.0, Avg: 0.5, Max: 0.7, Diff: 0.7, Sum: 5.1]
      [Termination (ms): Min: 0.0, Avg: 0.0, Max: 0.1, Diff: 0.1, Sum: 0.5]
         [Termination Attempts: Min: 1, Avg: 1.0, Max: 1, Diff: 0, Sum: 10]
      [GC Worker Other (ms): Min: 0.0, Avg: 0.0, Max: 0.0, Diff: 0.0, Sum: 0.1]
      [GC Worker Total (ms): Min: 0.9, Avg: 0.9, Max: 0.9, Diff: 0.0, Sum: 8.8]
      [GC Worker End (ms): Min: 756.7, Avg: 756.7, Max: 756.7, Diff: 0.0]
   [Code Root Fixup: 0.0 ms]
   [Code Root Purge: 0.0 ms]
   [Clear CT: 0.1 ms]
   [Other: 0.2 ms]
      [Choose CSet: 0.0 ms]
      [Ref Proc: 0.1 ms]
      [Ref Enq: 0.0 ms]
      [Redirty Cards: 0.1 ms]
      [Humongous Register: 0.0 ms]
      [Humongous Reclaim: 0.0 ms]
      [Free CSet: 0.0 ms]
   [Eden: 3072.0K(31.0M)->0.0B(32.0M) Survivors: 4096.0K->1024.0K Heap: 361.2M(512.0M)->359.3M(512.0M)]
 [Times: user=0.00 sys=0.01, real=0.00 secs] 
2020-11-15T19:00:38.841+0800: 0.757: [GC concurrent-root-region-scan-start]
2020-11-15T19:00:38.841+0800: 0.757: [GC concurrent-root-region-scan-end, 0.0000626 secs]
2020-11-15T19:00:38.841+0800: 0.757: [GC concurrent-mark-start]
2020-11-15T19:00:38.842+0800: 0.758: [GC concurrent-mark-end, 0.0012708 secs]
2020-11-15T19:00:38.842+0800: 0.758: [GC remark 2020-11-15T19:00:38.842+0800: 0.758: [Finalize Marking, 0.0001256 secs] 2020-11-15T19:00:38.842+0800: 0.759: [GC ref-proc, 0.0000752 secs] 2020-11-15T19:00:38.842+0800: 0.759: [Unloading, 0.0003812 secs], 0.0010972 secs]
 [Times: user=0.00 sys=0.00, real=0.00 secs] 
2020-11-15T19:00:38.843+0800: 0.760: [GC cleanup 367M->367M(512M), 0.0004371 secs]
 [Times: user=0.00 sys=0.00, real=0.00 secs] 
2020-11-15T19:00:38.850+0800: 0.766: [GC pause (G1 Evacuation Pause) (young), 0.0032979 secs]
   [Parallel Time: 2.9 ms, GC Workers: 10]
      [GC Worker Start (ms): Min: 766.3, Avg: 766.3, Max: 766.4, Diff: 0.1]
      [Ext Root Scanning (ms): Min: 0.1, Avg: 0.1, Max: 0.1, Diff: 0.1, Sum: 1.1]
      [Update RS (ms): Min: 0.6, Avg: 0.7, Max: 0.7, Diff: 0.1, Sum: 6.9]
         [Processed Buffers: Min: 8, Avg: 9.7, Max: 13, Diff: 5, Sum: 97]
      [Scan RS (ms): Min: 0.0, Avg: 0.0, Max: 0.0, Diff: 0.0, Sum: 0.0]
      [Code Root Scanning (ms): Min: 0.0, Avg: 0.0, Max: 0.0, Diff: 0.0, Sum: 0.0]
      [Object Copy (ms): Min: 1.8, Avg: 1.9, Max: 2.0, Diff: 0.2, Sum: 18.5]
      [Termination (ms): Min: 0.0, Avg: 0.1, Max: 0.2, Diff: 0.2, Sum: 0.8]
         [Termination Attempts: Min: 1, Avg: 1.0, Max: 1, Diff: 0, Sum: 10]
      [GC Worker Other (ms): Min: 0.0, Avg: 0.0, Max: 0.0, Diff: 0.0, Sum: 0.1]
      [GC Worker Total (ms): Min: 2.7, Avg: 2.7, Max: 2.8, Diff: 0.1, Sum: 27.5]
      [GC Worker End (ms): Min: 769.1, Avg: 769.1, Max: 769.1, Diff: 0.0]
   [Code Root Fixup: 0.0 ms]
   [Code Root Purge: 0.0 ms]
   [Clear CT: 0.1 ms]
   [Other: 0.4 ms]
      [Choose CSet: 0.0 ms]
      [Ref Proc: 0.1 ms]
      [Ref Enq: 0.0 ms]
      [Redirty Cards: 0.1 ms]
      [Humongous Register: 0.1 ms]
      [Humongous Reclaim: 0.0 ms]
      [Free CSet: 0.0 ms]
   [Eden: 32.0M(32.0M)->0.0B(20.0M) Survivors: 1024.0K->5120.0K Heap: 402.1M(512.0M)->370.8M(512.0M)]
 [Times: user=0.00 sys=0.00, real=0.00 secs] 
2020-11-15T19:00:38.857+0800: 0.773: [GC pause (G1 Evacuation Pause) (mixed), 0.0080778 secs]
   [Parallel Time: 7.3 ms, GC Workers: 10]
      [GC Worker Start (ms): Min: 773.4, Avg: 773.4, Max: 773.5, Diff: 0.1]
      [Ext Root Scanning (ms): Min: 0.1, Avg: 0.1, Max: 0.1, Diff: 0.1, Sum: 1.1]
      [Update RS (ms): Min: 0.2, Avg: 0.2, Max: 0.3, Diff: 0.0, Sum: 2.2]
         [Processed Buffers: Min: 3, Avg: 3.5, Max: 5, Diff: 2, Sum: 35]
      [Scan RS (ms): Min: 0.0, Avg: 0.0, Max: 0.0, Diff: 0.0, Sum: 0.2]
      [Code Root Scanning (ms): Min: 0.0, Avg: 0.0, Max: 0.0, Diff: 0.0, Sum: 0.0]
      [Object Copy (ms): Min: 6.7, Avg: 6.8, Max: 6.9, Diff: 0.2, Sum: 67.6]
      [Termination (ms): Min: 0.0, Avg: 0.1, Max: 0.2, Diff: 0.2, Sum: 1.0]
         [Termination Attempts: Min: 1, Avg: 1.0, Max: 1, Diff: 0, Sum: 10]
      [GC Worker Other (ms): Min: 0.0, Avg: 0.0, Max: 0.0, Diff: 0.0, Sum: 0.1]
      [GC Worker Total (ms): Min: 7.2, Avg: 7.2, Max: 7.3, Diff: 0.1, Sum: 72.3]
      [GC Worker End (ms): Min: 780.7, Avg: 780.7, Max: 780.7, Diff: 0.0]
   [Code Root Fixup: 0.0 ms]
   [Code Root Purge: 0.0 ms]
   [Clear CT: 0.1 ms]
   [Other: 0.7 ms]
      [Choose CSet: 0.0 ms]
      [Ref Proc: 0.3 ms]
      [Ref Enq: 0.0 ms]
      [Redirty Cards: 0.1 ms]
      [Humongous Register: 0.1 ms]
      [Humongous Reclaim: 0.0 ms]
      [Free CSet: 0.1 ms]
   [Eden: 20.0M(20.0M)->0.0B(32.0M) Survivors: 5120.0K->4096.0K Heap: 393.8M(512.0M)->361.2M(512.0M)]
 [Times: user=0.00 sys=0.00, real=0.01 secs] 
2020-11-15T19:00:38.865+0800: 0.782: [GC pause (G1 Humongous Allocation) (young) (initial-mark), 0.0013672 secs]
   [Parallel Time: 1.0 ms, GC Workers: 10]
      [GC Worker Start (ms): Min: 781.7, Avg: 781.7, Max: 781.7, Diff: 0.0]
      [Ext Root Scanning (ms): Min: 0.1, Avg: 0.1, Max: 0.1, Diff: 0.0, Sum: 1.1]
      [Update RS (ms): Min: 0.0, Avg: 0.1, Max: 0.2, Diff: 0.2, Sum: 0.9]
         [Processed Buffers: Min: 1, Avg: 1.1, Max: 2, Diff: 1, Sum: 11]
      [Scan RS (ms): Min: 0.0, Avg: 0.0, Max: 0.0, Diff: 0.0, Sum: 0.0]
      [Code Root Scanning (ms): Min: 0.0, Avg: 0.0, Max: 0.0, Diff: 0.0, Sum: 0.0]
      [Object Copy (ms): Min: 0.4, Avg: 0.7, Max: 0.7, Diff: 0.3, Sum: 6.5]
      [Termination (ms): Min: 0.0, Avg: 0.1, Max: 0.2, Diff: 0.2, Sum: 0.8]
         [Termination Attempts: Min: 1, Avg: 1.0, Max: 1, Diff: 0, Sum: 10]
      [GC Worker Other (ms): Min: 0.0, Avg: 0.0, Max: 0.0, Diff: 0.0, Sum: 0.1]
      [GC Worker Total (ms): Min: 0.9, Avg: 0.9, Max: 1.0, Diff: 0.0, Sum: 9.4]
      [GC Worker End (ms): Min: 782.7, Avg: 782.7, Max: 782.7, Diff: 0.0]
   [Code Root Fixup: 0.0 ms]
   [Code Root Purge: 0.0 ms]
   [Clear CT: 0.1 ms]
   [Other: 0.3 ms]
      [Choose CSet: 0.0 ms]
      [Ref Proc: 0.1 ms]
      [Ref Enq: 0.0 ms]
      [Redirty Cards: 0.1 ms]
      [Humongous Register: 0.1 ms]
      [Humongous Reclaim: 0.0 ms]
      [Free CSet: 0.0 ms]
   [Eden: 1024.0K(32.0M)->0.0B(29.0M) Survivors: 4096.0K->1024.0K Heap: 362.0M(512.0M)->361.7M(512.0M)]
 [Times: user=0.00 sys=0.00, real=0.00 secs] 
2020-11-15T19:00:38.867+0800: 0.783: [GC concurrent-root-region-scan-start]
2020-11-15T19:00:38.867+0800: 0.783: [GC concurrent-root-region-scan-end, 0.0000535 secs]
2020-11-15T19:00:38.867+0800: 0.783: [GC concurrent-mark-start]
2020-11-15T19:00:38.868+0800: 0.785: [GC concurrent-mark-end, 0.0017298 secs]
2020-11-15T19:00:38.868+0800: 0.785: [GC remark 2020-11-15T19:00:38.868+0800: 0.785: [Finalize Marking, 0.0000737 secs] 2020-11-15T19:00:38.868+0800: 0.785: [GC ref-proc, 0.0000739 secs] 2020-11-15T19:00:38.868+0800: 0.785: [Unloading, 0.0003533 secs], 0.0009344 secs]
 [Times: user=0.00 sys=0.00, real=0.00 secs] 
2020-11-15T19:00:38.869+0800: 0.786: [GC cleanup 373M->373M(512M), 0.0003641 secs]
 [Times: user=0.00 sys=0.00, real=0.00 secs] 
2020-11-15T19:00:38.875+0800: 0.792: [GC pause (G1 Evacuation Pause) (young), 0.0028349 secs]
   [Parallel Time: 2.2 ms, GC Workers: 10]
      [GC Worker Start (ms): Min: 792.0, Avg: 792.0, Max: 792.1, Diff: 0.1]
      [Ext Root Scanning (ms): Min: 0.1, Avg: 0.1, Max: 0.2, Diff: 0.1, Sum: 1.3]
      [Update RS (ms): Min: 0.4, Avg: 0.4, Max: 0.5, Diff: 0.0, Sum: 4.5]
         [Processed Buffers: Min: 6, Avg: 6.5, Max: 7, Diff: 1, Sum: 65]
      [Scan RS (ms): Min: 0.0, Avg: 0.0, Max: 0.0, Diff: 0.0, Sum: 0.0]
      [Code Root Scanning (ms): Min: 0.0, Avg: 0.0, Max: 0.0, Diff: 0.0, Sum: 0.0]
      [Object Copy (ms): Min: 1.2, Avg: 1.4, Max: 1.5, Diff: 0.3, Sum: 13.6]
      [Termination (ms): Min: 0.0, Avg: 0.1, Max: 0.3, Diff: 0.3, Sum: 1.3]
         [Termination Attempts: Min: 1, Avg: 1.0, Max: 1, Diff: 0, Sum: 10]
      [GC Worker Other (ms): Min: 0.0, Avg: 0.0, Max: 0.0, Diff: 0.0, Sum: 0.1]
      [GC Worker Total (ms): Min: 2.0, Avg: 2.1, Max: 2.1, Diff: 0.1, Sum: 20.8]
      [GC Worker End (ms): Min: 794.1, Avg: 794.1, Max: 794.1, Diff: 0.0]
   [Code Root Fixup: 0.0 ms]
   [Code Root Purge: 0.0 ms]
   [Clear CT: 0.1 ms]
   [Other: 0.6 ms]
      [Choose CSet: 0.0 ms]
      [Ref Proc: 0.2 ms]
      [Ref Enq: 0.0 ms]
      [Redirty Cards: 0.1 ms]
      [Humongous Register: 0.2 ms]
      [Humongous Reclaim: 0.0 ms]
      [Free CSet: 0.0 ms]
   [Eden: 29.0M(29.0M)->0.0B(21.0M) Survivors: 1024.0K->4096.0K Heap: 397.5M(512.0M)->371.5M(512.0M)]
 [Times: user=0.00 sys=0.00, real=0.00 secs] 
2020-11-15T19:00:38.882+0800: 0.799: [GC pause (G1 Evacuation Pause) (mixed), 0.0069762 secs]
   [Parallel Time: 6.5 ms, GC Workers: 10]
      [GC Worker Start (ms): Min: 798.8, Avg: 798.8, Max: 798.8, Diff: 0.1]
      [Ext Root Scanning (ms): Min: 0.1, Avg: 0.1, Max: 0.1, Diff: 0.1, Sum: 1.1]
      [Update RS (ms): Min: 0.2, Avg: 0.3, Max: 0.3, Diff: 0.1, Sum: 3.2]
         [Processed Buffers: Min: 4, Avg: 4.7, Max: 6, Diff: 2, Sum: 47]
      [Scan RS (ms): Min: 0.0, Avg: 0.0, Max: 0.1, Diff: 0.0, Sum: 0.3]
      [Code Root Scanning (ms): Min: 0.0, Avg: 0.0, Max: 0.0, Diff: 0.0, Sum: 0.0]
      [Object Copy (ms): Min: 5.9, Avg: 6.0, Max: 6.0, Diff: 0.1, Sum: 59.5]
      [Termination (ms): Min: 0.0, Avg: 0.0, Max: 0.1, Diff: 0.1, Sum: 0.3]
         [Termination Attempts: Min: 1, Avg: 1.0, Max: 1, Diff: 0, Sum: 10]
      [GC Worker Other (ms): Min: 0.0, Avg: 0.0, Max: 0.0, Diff: 0.0, Sum: 0.1]
      [GC Worker Total (ms): Min: 6.4, Avg: 6.4, Max: 6.5, Diff: 0.1, Sum: 64.4]
      [GC Worker End (ms): Min: 805.2, Avg: 805.3, Max: 805.3, Diff: 0.0]
   [Code Root Fixup: 0.0 ms]
   [Code Root Purge: 0.0 ms]
   [Clear CT: 0.1 ms]
   [Other: 0.4 ms]
      [Choose CSet: 0.0 ms]
      [Ref Proc: 0.1 ms]
      [Ref Enq: 0.0 ms]
      [Redirty Cards: 0.1 ms]
      [Humongous Register: 0.1 ms]
      [Humongous Reclaim: 0.0 ms]
      [Free CSet: 0.1 ms]
   [Eden: 21.0M(21.0M)->0.0B(30.0M) Survivors: 4096.0K->4096.0K Heap: 396.9M(512.0M)->363.0M(512.0M)]
 [Times: user=0.16 sys=0.00, real=0.01 secs] 
2020-11-15T19:00:38.890+0800: 0.806: [GC pause (G1 Humongous Allocation) (young) (initial-mark), 0.0010768 secs]
   [Parallel Time: 0.8 ms, GC Workers: 10]
      [GC Worker Start (ms): Min: 805.9, Avg: 806.0, Max: 806.0, Diff: 0.0]
      [Ext Root Scanning (ms): Min: 0.1, Avg: 0.1, Max: 0.1, Diff: 0.0, Sum: 1.0]
      [Update RS (ms): Min: 0.0, Avg: 0.1, Max: 0.2, Diff: 0.2, Sum: 0.9]
         [Processed Buffers: Min: 1, Avg: 1.1, Max: 2, Diff: 1, Sum: 11]
      [Scan RS (ms): Min: 0.0, Avg: 0.0, Max: 0.0, Diff: 0.0, Sum: 0.0]
      [Code Root Scanning (ms): Min: 0.0, Avg: 0.0, Max: 0.0, Diff: 0.0, Sum: 0.0]
      [Object Copy (ms): Min: 0.3, Avg: 0.5, Max: 0.6, Diff: 0.3, Sum: 4.6]
      [Termination (ms): Min: 0.0, Avg: 0.1, Max: 0.2, Diff: 0.2, Sum: 0.8]
         [Termination Attempts: Min: 1, Avg: 1.1, Max: 2, Diff: 1, Sum: 11]
      [GC Worker Other (ms): Min: 0.0, Avg: 0.0, Max: 0.0, Diff: 0.0, Sum: 0.1]
      [GC Worker Total (ms): Min: 0.7, Avg: 0.7, Max: 0.7, Diff: 0.0, Sum: 7.3]
      [GC Worker End (ms): Min: 806.7, Avg: 806.7, Max: 806.7, Diff: 0.0]
   [Code Root Fixup: 0.0 ms]
   [Code Root Purge: 0.0 ms]
   [Clear CT: 0.1 ms]
   [Other: 0.2 ms]
      [Choose CSet: 0.0 ms]
      [Ref Proc: 0.1 ms]
      [Ref Enq: 0.0 ms]
      [Redirty Cards: 0.0 ms]
      [Humongous Register: 0.1 ms]
      [Humongous Reclaim: 0.0 ms]
      [Free CSet: 0.0 ms]
   [Eden: 1024.0K(30.0M)->0.0B(31.0M) Survivors: 4096.0K->1024.0K Heap: 363.6M(512.0M)->363.3M(512.0M)]
 [Times: user=0.00 sys=0.00, real=0.00 secs] 
2020-11-15T19:00:38.891+0800: 0.807: [GC concurrent-root-region-scan-start]
2020-11-15T19:00:38.891+0800: 0.807: [GC concurrent-root-region-scan-end, 0.0000495 secs]
2020-11-15T19:00:38.891+0800: 0.807: [GC concurrent-mark-start]
2020-11-15T19:00:38.892+0800: 0.809: [GC concurrent-mark-end, 0.0021443 secs]
2020-11-15T19:00:38.893+0800: 0.809: [GC remark 2020-11-15T19:00:38.893+0800: 0.809: [Finalize Marking, 0.0001260 secs] 2020-11-15T19:00:38.893+0800: 0.810: [GC ref-proc, 0.0000804 secs] 2020-11-15T19:00:38.893+0800: 0.810: [Unloading, 0.0004604 secs], 0.0012204 secs]
 [Times: user=0.00 sys=0.00, real=0.00 secs] 
2020-11-15T19:00:38.894+0800: 0.811: [GC cleanup 374M->373M(512M), 0.0003783 secs]
 [Times: user=0.00 sys=0.00, real=0.00 secs] 
2020-11-15T19:00:38.895+0800: 0.811: [GC concurrent-cleanup-start]
2020-11-15T19:00:38.895+0800: 0.811: [GC concurrent-cleanup-end, 0.0000070 secs]
2020-11-15T19:00:38.899+0800: 0.816: [GC pause (G1 Evacuation Pause) (young), 0.0025627 secs]
   [Parallel Time: 2.2 ms, GC Workers: 10]
      [GC Worker Start (ms): Min: 815.8, Avg: 815.8, Max: 815.9, Diff: 0.1]
      [Ext Root Scanning (ms): Min: 0.1, Avg: 0.1, Max: 0.1, Diff: 0.1, Sum: 1.1]
      [Update RS (ms): Min: 0.3, Avg: 0.4, Max: 0.4, Diff: 0.1, Sum: 4.0]
         [Processed Buffers: Min: 5, Avg: 5.8, Max: 7, Diff: 2, Sum: 58]
      [Scan RS (ms): Min: 0.0, Avg: 0.0, Max: 0.0, Diff: 0.0, Sum: 0.0]
      [Code Root Scanning (ms): Min: 0.0, Avg: 0.0, Max: 0.0, Diff: 0.0, Sum: 0.0]
      [Object Copy (ms): Min: 1.4, Avg: 1.5, Max: 1.7, Diff: 0.3, Sum: 15.4]
      [Termination (ms): Min: 0.0, Avg: 0.1, Max: 0.2, Diff: 0.2, Sum: 0.9]
         [Termination Attempts: Min: 1, Avg: 1.0, Max: 1, Diff: 0, Sum: 10]
      [GC Worker Other (ms): Min: 0.0, Avg: 0.0, Max: 0.0, Diff: 0.0, Sum: 0.1]
      [GC Worker Total (ms): Min: 2.1, Avg: 2.2, Max: 2.2, Diff: 0.1, Sum: 21.6]
      [GC Worker End (ms): Min: 818.0, Avg: 818.0, Max: 818.0, Diff: 0.0]
   [Code Root Fixup: 0.0 ms]
   [Code Root Purge: 0.0 ms]
   [Clear CT: 0.1 ms]
   [Other: 0.3 ms]
      [Choose CSet: 0.0 ms]
      [Ref Proc: 0.1 ms]
      [Ref Enq: 0.0 ms]
      [Redirty Cards: 0.0 ms]
      [Humongous Register: 0.1 ms]
      [Humongous Reclaim: 0.0 ms]
      [Free CSet: 0.0 ms]
   [Eden: 31.0M(31.0M)->0.0B(21.0M) Survivors: 1024.0K->4096.0K Heap: 399.4M(512.0M)->372.9M(512.0M)]
 [Times: user=0.00 sys=0.00, real=0.00 secs] 
2020-11-15T19:00:38.906+0800: 0.823: [GC pause (G1 Evacuation Pause) (mixed), 0.0071730 secs]
   [Parallel Time: 6.7 ms, GC Workers: 10]
      [GC Worker Start (ms): Min: 822.8, Avg: 822.8, Max: 822.9, Diff: 0.1]
      [Ext Root Scanning (ms): Min: 0.1, Avg: 0.1, Max: 0.1, Diff: 0.1, Sum: 1.1]
      [Update RS (ms): Min: 0.4, Avg: 0.4, Max: 0.4, Diff: 0.0, Sum: 3.7]
         [Processed Buffers: Min: 5, Avg: 5.8, Max: 8, Diff: 3, Sum: 58]
      [Scan RS (ms): Min: 0.0, Avg: 0.0, Max: 0.0, Diff: 0.0, Sum: 0.2]
      [Code Root Scanning (ms): Min: 0.0, Avg: 0.0, Max: 0.0, Diff: 0.0, Sum: 0.0]
      [Object Copy (ms): Min: 5.9, Avg: 6.0, Max: 6.1, Diff: 0.2, Sum: 59.7]
      [Termination (ms): Min: 0.0, Avg: 0.1, Max: 0.2, Diff: 0.2, Sum: 0.8]
         [Termination Attempts: Min: 1, Avg: 1.0, Max: 1, Diff: 0, Sum: 10]
      [GC Worker Other (ms): Min: 0.0, Avg: 0.0, Max: 0.0, Diff: 0.0, Sum: 0.1]
      [GC Worker Total (ms): Min: 6.5, Avg: 6.6, Max: 6.6, Diff: 0.1, Sum: 65.7]
      [GC Worker End (ms): Min: 829.4, Avg: 829.4, Max: 829.4, Diff: 0.0]
   [Code Root Fixup: 0.0 ms]
   [Code Root Purge: 0.0 ms]
   [Clear CT: 0.1 ms]
   [Other: 0.4 ms]
      [Choose CSet: 0.0 ms]
      [Ref Proc: 0.1 ms]
      [Ref Enq: 0.0 ms]
      [Redirty Cards: 0.1 ms]
      [Humongous Register: 0.1 ms]
      [Humongous Reclaim: 0.0 ms]
      [Free CSet: 0.1 ms]
   [Eden: 21.0M(21.0M)->0.0B(25.0M) Survivors: 4096.0K->4096.0K Heap: 399.7M(512.0M)->368.4M(512.0M)]
 [Times: user=0.00 sys=0.00, real=0.01 secs] 
2020-11-15T19:00:38.914+0800: 0.831: [GC pause (G1 Humongous Allocation) (young) (initial-mark), 0.0013790 secs]
   [Parallel Time: 1.1 ms, GC Workers: 10]
      [GC Worker Start (ms): Min: 830.8, Avg: 830.8, Max: 830.9, Diff: 0.0]
      [Ext Root Scanning (ms): Min: 0.1, Avg: 0.1, Max: 0.1, Diff: 0.0, Sum: 1.1]
      [Update RS (ms): Min: 0.0, Avg: 0.1, Max: 0.4, Diff: 0.4, Sum: 1.0]
         [Processed Buffers: Min: 1, Avg: 1.1, Max: 2, Diff: 1, Sum: 11]
      [Scan RS (ms): Min: 0.0, Avg: 0.0, Max: 0.0, Diff: 0.0, Sum: 0.0]
      [Code Root Scanning (ms): Min: 0.0, Avg: 0.0, Max: 0.0, Diff: 0.0, Sum: 0.0]
      [Object Copy (ms): Min: 0.4, Avg: 0.7, Max: 0.8, Diff: 0.4, Sum: 7.2]
      [Termination (ms): Min: 0.0, Avg: 0.1, Max: 0.2, Diff: 0.2, Sum: 0.7]
         [Termination Attempts: Min: 1, Avg: 1.0, Max: 1, Diff: 0, Sum: 10]
      [GC Worker Other (ms): Min: 0.0, Avg: 0.0, Max: 0.0, Diff: 0.0, Sum: 0.1]
      [GC Worker Total (ms): Min: 1.0, Avg: 1.0, Max: 1.0, Diff: 0.0, Sum: 10.0]
      [GC Worker End (ms): Min: 831.8, Avg: 831.8, Max: 831.8, Diff: 0.0]
   [Code Root Fixup: 0.0 ms]
   [Code Root Purge: 0.0 ms]
   [Clear CT: 0.0 ms]
   [Other: 0.3 ms]
      [Choose CSet: 0.0 ms]
      [Ref Proc: 0.1 ms]
      [Ref Enq: 0.0 ms]
      [Redirty Cards: 0.0 ms]
      [Humongous Register: 0.1 ms]
      [Humongous Reclaim: 0.0 ms]
      [Free CSet: 0.0 ms]
   [Eden: 4096.0K(25.0M)->0.0B(23.0M) Survivors: 4096.0K->2048.0K Heap: 372.4M(512.0M)->370.3M(512.0M)]
 [Times: user=0.00 sys=0.00, real=0.00 secs] 
2020-11-15T19:00:38.915+0800: 0.832: [GC concurrent-root-region-scan-start]
2020-11-15T19:00:38.915+0800: 0.832: [GC concurrent-root-region-scan-end, 0.0001308 secs]
2020-11-15T19:00:38.915+0800: 0.832: [GC concurrent-mark-start]
2020-11-15T19:00:38.917+0800: 0.834: [GC concurrent-mark-end, 0.0013317 secs]
2020-11-15T19:00:38.917+0800: 0.834: [GC remark 2020-11-15T19:00:38.917+0800: 0.834: [Finalize Marking, 0.0001053 secs] 2020-11-15T19:00:38.918+0800: 0.834: [GC ref-proc, 0.0000725 secs] 2020-11-15T19:00:38.918+0800: 0.834: [Unloading, 0.0003535 secs], 0.0010170 secs]
 [Times: user=0.14 sys=0.00, real=0.00 secs] 
2020-11-15T19:00:38.919+0800: 0.835: [GC cleanup 380M->380M(512M), 0.0003998 secs]
 [Times: user=0.00 sys=0.00, real=0.00 secs] 
2020-11-15T19:00:38.923+0800: 0.839: [GC pause (G1 Evacuation Pause) (young), 0.0022901 secs]
   [Parallel Time: 1.9 ms, GC Workers: 10]
      [GC Worker Start (ms): Min: 839.1, Avg: 839.1, Max: 839.2, Diff: 0.0]
      [Ext Root Scanning (ms): Min: 0.1, Avg: 0.1, Max: 0.1, Diff: 0.0, Sum: 1.1]
      [Update RS (ms): Min: 0.4, Avg: 0.4, Max: 0.4, Diff: 0.1, Sum: 3.9]
         [Processed Buffers: Min: 5, Avg: 6.1, Max: 8, Diff: 3, Sum: 61]
      [Scan RS (ms): Min: 0.0, Avg: 0.0, Max: 0.0, Diff: 0.0, Sum: 0.0]
      [Code Root Scanning (ms): Min: 0.0, Avg: 0.0, Max: 0.0, Diff: 0.0, Sum: 0.0]
      [Object Copy (ms): Min: 1.2, Avg: 1.3, Max: 1.4, Diff: 0.1, Sum: 12.9]
      [Termination (ms): Min: 0.0, Avg: 0.1, Max: 0.1, Diff: 0.1, Sum: 0.5]
         [Termination Attempts: Min: 1, Avg: 1.0, Max: 1, Diff: 0, Sum: 10]
      [GC Worker Other (ms): Min: 0.0, Avg: 0.0, Max: 0.0, Diff: 0.0, Sum: 0.1]
      [GC Worker Total (ms): Min: 1.8, Avg: 1.8, Max: 1.9, Diff: 0.0, Sum: 18.5]
      [GC Worker End (ms): Min: 841.0, Avg: 841.0, Max: 841.0, Diff: 0.0]
   [Code Root Fixup: 0.0 ms]
   [Code Root Purge: 0.0 ms]
   [Clear CT: 0.1 ms]
   [Other: 0.3 ms]
      [Choose CSet: 0.0 ms]
      [Ref Proc: 0.1 ms]
      [Ref Enq: 0.0 ms]
      [Redirty Cards: 0.1 ms]
      [Humongous Register: 0.1 ms]
      [Humongous Reclaim: 0.0 ms]
      [Free CSet: 0.0 ms]
   [Eden: 23.0M(23.0M)->0.0B(21.0M) Survivors: 2048.0K->4096.0K Heap: 399.4M(512.0M)->376.3M(512.0M)]
 [Times: user=0.00 sys=0.00, real=0.00 secs] 
2020-11-15T19:00:38.930+0800: 0.846: [GC pause (G1 Evacuation Pause) (mixed), 0.0076706 secs]
   [Parallel Time: 6.9 ms, GC Workers: 10]
      [GC Worker Start (ms): Min: 846.4, Avg: 846.4, Max: 846.5, Diff: 0.1]
      [Ext Root Scanning (ms): Min: 0.1, Avg: 0.1, Max: 0.2, Diff: 0.1, Sum: 1.1]
      [Update RS (ms): Min: 0.3, Avg: 0.4, Max: 0.4, Diff: 0.1, Sum: 4.1]
         [Processed Buffers: Min: 5, Avg: 6.1, Max: 7, Diff: 2, Sum: 61]
      [Scan RS (ms): Min: 0.0, Avg: 0.0, Max: 0.1, Diff: 0.0, Sum: 0.2]
      [Code Root Scanning (ms): Min: 0.0, Avg: 0.0, Max: 0.0, Diff: 0.0, Sum: 0.0]
      [Object Copy (ms): Min: 5.3, Avg: 5.4, Max: 5.5, Diff: 0.2, Sum: 54.1]
      [Termination (ms): Min: 0.0, Avg: 0.4, Max: 0.9, Diff: 0.9, Sum: 4.0]
         [Termination Attempts: Min: 1, Avg: 1.0, Max: 1, Diff: 0, Sum: 10]
      [GC Worker Other (ms): Min: 0.0, Avg: 0.0, Max: 0.0, Diff: 0.0, Sum: 0.1]
      [GC Worker Total (ms): Min: 6.1, Avg: 6.4, Max: 6.9, Diff: 0.8, Sum: 63.7]
      [GC Worker End (ms): Min: 852.5, Avg: 852.8, Max: 853.3, Diff: 0.7]
   [Code Root Fixup: 0.0 ms]
   [Code Root Purge: 0.0 ms]
   [Clear CT: 0.1 ms]
   [Other: 0.7 ms]
      [Choose CSet: 0.0 ms]
      [Ref Proc: 0.2 ms]
      [Ref Enq: 0.0 ms]
      [Redirty Cards: 0.1 ms]
      [Humongous Register: 0.1 ms]
      [Humongous Reclaim: 0.1 ms]
      [Free CSet: 0.2 ms]
   [Eden: 21.0M(21.0M)->0.0B(22.0M) Survivors: 4096.0K->4096.0K Heap: 403.4M(512.0M)->371.5M(512.0M)]
 [Times: user=0.13 sys=0.00, real=0.01 secs] 
2020-11-15T19:00:38.941+0800: 0.857: [GC pause (G1 Humongous Allocation) (young) (initial-mark), 0.0019609 secs]
   [Parallel Time: 1.4 ms, GC Workers: 10]
      [GC Worker Start (ms): Min: 857.1, Avg: 857.1, Max: 857.2, Diff: 0.1]
      [Ext Root Scanning (ms): Min: 0.1, Avg: 0.1, Max: 0.2, Diff: 0.1, Sum: 1.3]
      [Update RS (ms): Min: 0.1, Avg: 0.1, Max: 0.2, Diff: 0.2, Sum: 1.2]
         [Processed Buffers: Min: 1, Avg: 1.1, Max: 2, Diff: 1, Sum: 11]
      [Scan RS (ms): Min: 0.0, Avg: 0.0, Max: 0.0, Diff: 0.0, Sum: 0.0]
      [Code Root Scanning (ms): Min: 0.0, Avg: 0.0, Max: 0.0, Diff: 0.0, Sum: 0.0]
      [Object Copy (ms): Min: 0.8, Avg: 0.9, Max: 1.0, Diff: 0.2, Sum: 8.7]
      [Termination (ms): Min: 0.0, Avg: 0.1, Max: 0.2, Diff: 0.2, Sum: 1.2]
         [Termination Attempts: Min: 1, Avg: 1.1, Max: 2, Diff: 1, Sum: 11]
      [GC Worker Other (ms): Min: 0.0, Avg: 0.0, Max: 0.0, Diff: 0.0, Sum: 0.2]
      [GC Worker Total (ms): Min: 1.2, Avg: 1.3, Max: 1.3, Diff: 0.1, Sum: 12.6]
      [GC Worker End (ms): Min: 858.4, Avg: 858.4, Max: 858.4, Diff: 0.0]
   [Code Root Fixup: 0.0 ms]
   [Code Root Purge: 0.0 ms]
   [Clear CT: 0.1 ms]
   [Other: 0.6 ms]
      [Choose CSet: 0.0 ms]
      [Ref Proc: 0.1 ms]
      [Ref Enq: 0.0 ms]
      [Redirty Cards: 0.1 ms]
      [Humongous Register: 0.2 ms]
      [Humongous Reclaim: 0.0 ms]
      [Free CSet: 0.0 ms]
   [Eden: 6144.0K(22.0M)->0.0B(23.0M) Survivors: 4096.0K->2048.0K Heap: 377.4M(512.0M)->372.6M(512.0M)]
 [Times: user=0.00 sys=0.00, real=0.00 secs] 
2020-11-15T19:00:38.943+0800: 0.859: [GC concurrent-root-region-scan-start]
2020-11-15T19:00:38.943+0800: 0.859: [GC concurrent-root-region-scan-end, 0.0002327 secs]
2020-11-15T19:00:38.943+0800: 0.859: [GC concurrent-mark-start]
2020-11-15T19:00:38.945+0800: 0.861: [GC concurrent-mark-end, 0.0022559 secs]
2020-11-15T19:00:38.945+0800: 0.861: [GC remark 2020-11-15T19:00:38.945+0800: 0.861: [Finalize Marking, 0.0000760 secs] 2020-11-15T19:00:38.945+0800: 0.862: [GC ref-proc, 0.0000768 secs] 2020-11-15T19:00:38.945+0800: 0.862: [Unloading, 0.0004044 secs], 0.0010771 secs]
 [Times: user=0.00 sys=0.00, real=0.00 secs] 
2020-11-15T19:00:38.946+0800: 0.863: [GC cleanup 382M->382M(512M), 0.0004269 secs]
 [Times: user=0.00 sys=0.00, real=0.00 secs] 
2020-11-15T19:00:38.951+0800: 0.868: [GC pause (G1 Evacuation Pause) (young), 0.0026047 secs]
   [Parallel Time: 2.2 ms, GC Workers: 10]
      [GC Worker Start (ms): Min: 868.2, Avg: 868.2, Max: 868.2, Diff: 0.1]
      [Ext Root Scanning (ms): Min: 0.1, Avg: 0.1, Max: 0.2, Diff: 0.1, Sum: 1.2]
      [Update RS (ms): Min: 0.6, Avg: 0.6, Max: 0.6, Diff: 0.1, Sum: 6.1]
         [Processed Buffers: Min: 7, Avg: 8.5, Max: 11, Diff: 4, Sum: 85]
      [Scan RS (ms): Min: 0.0, Avg: 0.0, Max: 0.0, Diff: 0.0, Sum: 0.0]
      [Code Root Scanning (ms): Min: 0.0, Avg: 0.0, Max: 0.0, Diff: 0.0, Sum: 0.0]
      [Object Copy (ms): Min: 1.2, Avg: 1.3, Max: 1.4, Diff: 0.1, Sum: 13.2]
      [Termination (ms): Min: 0.0, Avg: 0.1, Max: 0.1, Diff: 0.1, Sum: 0.6]
         [Termination Attempts: Min: 1, Avg: 1.0, Max: 1, Diff: 0, Sum: 10]
      [GC Worker Other (ms): Min: 0.0, Avg: 0.0, Max: 0.0, Diff: 0.0, Sum: 0.1]
      [GC Worker Total (ms): Min: 2.1, Avg: 2.1, Max: 2.2, Diff: 0.1, Sum: 21.2]
      [GC Worker End (ms): Min: 870.3, Avg: 870.3, Max: 870.3, Diff: 0.0]
   [Code Root Fixup: 0.0 ms]
   [Code Root Purge: 0.0 ms]
   [Clear CT: 0.1 ms]
   [Other: 0.4 ms]
      [Choose CSet: 0.0 ms]
      [Ref Proc: 0.1 ms]
      [Ref Enq: 0.0 ms]
      [Redirty Cards: 0.1 ms]
      [Humongous Register: 0.1 ms]
      [Humongous Reclaim: 0.0 ms]
      [Free CSet: 0.0 ms]
   [Eden: 23.0M(23.0M)->0.0B(21.0M) Survivors: 2048.0K->4096.0K Heap: 405.2M(512.0M)->383.6M(512.0M)]
 [Times: user=0.00 sys=0.00, real=0.00 secs] 
2020-11-15T19:00:38.961+0800: 0.877: [GC pause (G1 Evacuation Pause) (mixed), 0.0062393 secs]
   [Parallel Time: 5.8 ms, GC Workers: 10]
      [GC Worker Start (ms): Min: 877.0, Avg: 877.0, Max: 877.0, Diff: 0.1]
      [Ext Root Scanning (ms): Min: 0.1, Avg: 0.1, Max: 0.2, Diff: 0.1, Sum: 1.2]
      [Update RS (ms): Min: 0.3, Avg: 0.4, Max: 0.4, Diff: 0.0, Sum: 3.6]
         [Processed Buffers: Min: 5, Avg: 5.4, Max: 7, Diff: 2, Sum: 54]
      [Scan RS (ms): Min: 0.0, Avg: 0.0, Max: 0.0, Diff: 0.0, Sum: 0.2]
      [Code Root Scanning (ms): Min: 0.0, Avg: 0.0, Max: 0.0, Diff: 0.0, Sum: 0.0]
      [Object Copy (ms): Min: 5.0, Avg: 5.1, Max: 5.2, Diff: 0.2, Sum: 50.7]
      [Termination (ms): Min: 0.0, Avg: 0.1, Max: 0.2, Diff: 0.2, Sum: 1.0]
         [Termination Attempts: Min: 1, Avg: 1.0, Max: 1, Diff: 0, Sum: 10]
      [GC Worker Other (ms): Min: 0.0, Avg: 0.0, Max: 0.0, Diff: 0.0, Sum: 0.1]
      [GC Worker Total (ms): Min: 5.6, Avg: 5.7, Max: 5.7, Diff: 0.1, Sum: 56.7]
      [GC Worker End (ms): Min: 882.7, Avg: 882.7, Max: 882.7, Diff: 0.0]
   [Code Root Fixup: 0.0 ms]
   [Code Root Purge: 0.0 ms]
   [Clear CT: 0.1 ms]
   [Other: 0.4 ms]
      [Choose CSet: 0.0 ms]
      [Ref Proc: 0.1 ms]
      [Ref Enq: 0.0 ms]
      [Redirty Cards: 0.1 ms]
      [Humongous Register: 0.1 ms]
      [Humongous Reclaim: 0.0 ms]
      [Free CSet: 0.1 ms]
   [Eden: 21.0M(21.0M)->0.0B(21.0M) Survivors: 4096.0K->4096.0K Heap: 410.0M(512.0M)->374.3M(512.0M)]
 [Times: user=0.16 sys=0.00, real=0.01 secs] 
2020-11-15T19:00:38.967+0800: 0.884: [GC pause (G1 Humongous Allocation) (young) (initial-mark), 0.0013853 secs]
   [Parallel Time: 1.1 ms, GC Workers: 10]
      [GC Worker Start (ms): Min: 883.7, Avg: 883.7, Max: 883.8, Diff: 0.0]
      [Ext Root Scanning (ms): Min: 0.1, Avg: 0.1, Max: 0.1, Diff: 0.0, Sum: 1.1]
      [Update RS (ms): Min: 0.0, Avg: 0.1, Max: 0.1, Diff: 0.1, Sum: 0.7]
         [Processed Buffers: Min: 1, Avg: 1.1, Max: 2, Diff: 1, Sum: 11]
      [Scan RS (ms): Min: 0.0, Avg: 0.0, Max: 0.0, Diff: 0.0, Sum: 0.0]
      [Code Root Scanning (ms): Min: 0.0, Avg: 0.0, Max: 0.0, Diff: 0.0, Sum: 0.0]
      [Object Copy (ms): Min: 0.6, Avg: 0.8, Max: 0.8, Diff: 0.2, Sum: 7.6]
      [Termination (ms): Min: 0.0, Avg: 0.1, Max: 0.1, Diff: 0.1, Sum: 0.5]
         [Termination Attempts: Min: 1, Avg: 1.0, Max: 1, Diff: 0, Sum: 10]
      [GC Worker Other (ms): Min: 0.0, Avg: 0.0, Max: 0.0, Diff: 0.0, Sum: 0.1]
      [GC Worker Total (ms): Min: 1.0, Avg: 1.0, Max: 1.0, Diff: 0.0, Sum: 10.0]
      [GC Worker End (ms): Min: 884.7, Avg: 884.7, Max: 884.7, Diff: 0.0]
   [Code Root Fixup: 0.0 ms]
   [Code Root Purge: 0.0 ms]
   [Clear CT: 0.1 ms]
   [Other: 0.3 ms]
      [Choose CSet: 0.0 ms]
      [Ref Proc: 0.1 ms]
      [Ref Enq: 0.0 ms]
      [Redirty Cards: 0.1 ms]
      [Humongous Register: 0.1 ms]
      [Humongous Reclaim: 0.0 ms]
      [Free CSet: 0.0 ms]
   [Eden: 3072.0K(21.0M)->0.0B(24.0M) Survivors: 4096.0K->1024.0K Heap: 377.2M(512.0M)->374.6M(512.0M)]
 [Times: user=0.00 sys=0.00, real=0.00 secs] 
2020-11-15T19:00:38.969+0800: 0.885: [GC concurrent-root-region-scan-start]
2020-11-15T19:00:38.969+0800: 0.885: [GC concurrent-root-region-scan-end, 0.0000433 secs]
2020-11-15T19:00:38.969+0800: 0.885: [GC concurrent-mark-start]
2020-11-15T19:00:38.970+0800: 0.887: [GC concurrent-mark-end, 0.0014927 secs]
2020-11-15T19:00:38.970+0800: 0.887: [GC remark 2020-11-15T19:00:38.970+0800: 0.887: [Finalize Marking, 0.0000819 secs] 2020-11-15T19:00:38.971+0800: 0.887: [GC ref-proc, 0.0000718 secs] 2020-11-15T19:00:38.971+0800: 0.887: [Unloading, 0.0003427 secs], 0.0010191 secs]
 [Times: user=0.00 sys=0.00, real=0.00 secs] 
2020-11-15T19:00:38.972+0800: 0.888: [GC cleanup 385M->385M(512M), 0.0004404 secs]
 [Times: user=0.00 sys=0.00, real=0.00 secs] 
2020-11-15T19:00:38.976+0800: 0.892: [GC pause (G1 Evacuation Pause) (young), 0.0027267 secs]
   [Parallel Time: 2.3 ms, GC Workers: 10]
      [GC Worker Start (ms): Min: 892.6, Avg: 892.6, Max: 892.7, Diff: 0.1]
      [Ext Root Scanning (ms): Min: 0.1, Avg: 0.1, Max: 0.1, Diff: 0.1, Sum: 1.2]
      [Update RS (ms): Min: 0.4, Avg: 0.5, Max: 0.5, Diff: 0.1, Sum: 4.7]
         [Processed Buffers: Min: 6, Avg: 7.0, Max: 8, Diff: 2, Sum: 70]
      [Scan RS (ms): Min: 0.0, Avg: 0.0, Max: 0.0, Diff: 0.0, Sum: 0.0]
      [Code Root Scanning (ms): Min: 0.0, Avg: 0.0, Max: 0.0, Diff: 0.0, Sum: 0.0]
      [Object Copy (ms): Min: 1.4, Avg: 1.5, Max: 1.6, Diff: 0.2, Sum: 14.6]
      [Termination (ms): Min: 0.0, Avg: 0.1, Max: 0.2, Diff: 0.2, Sum: 1.4]
         [Termination Attempts: Min: 1, Avg: 1.2, Max: 2, Diff: 1, Sum: 12]
      [GC Worker Other (ms): Min: 0.0, Avg: 0.0, Max: 0.0, Diff: 0.0, Sum: 0.1]
      [GC Worker Total (ms): Min: 2.2, Avg: 2.2, Max: 2.2, Diff: 0.1, Sum: 22.0]
      [GC Worker End (ms): Min: 894.8, Avg: 894.8, Max: 894.8, Diff: 0.0]
   [Code Root Fixup: 0.0 ms]
   [Code Root Purge: 0.0 ms]
   [Clear CT: 0.0 ms]
   [Other: 0.4 ms]
      [Choose CSet: 0.0 ms]
      [Ref Proc: 0.1 ms]
      [Ref Enq: 0.0 ms]
      [Redirty Cards: 0.1 ms]
      [Humongous Register: 0.2 ms]
      [Humongous Reclaim: 0.0 ms]
      [Free CSet: 0.0 ms]
   [Eden: 24.0M(24.0M)->0.0B(21.0M) Survivors: 1024.0K->4096.0K Heap: 405.9M(512.0M)->381.2M(512.0M)]
 [Times: user=0.00 sys=0.00, real=0.00 secs] 
2020-11-15T19:00:38.983+0800: 0.899: [GC pause (G1 Evacuation Pause) (mixed), 0.0063911 secs]
   [Parallel Time: 6.0 ms, GC Workers: 10]
      [GC Worker Start (ms): Min: 899.1, Avg: 899.1, Max: 899.1, Diff: 0.0]
      [Ext Root Scanning (ms): Min: 0.1, Avg: 0.1, Max: 0.1, Diff: 0.0, Sum: 1.0]
      [Update RS (ms): Min: 0.4, Avg: 0.4, Max: 0.5, Diff: 0.0, Sum: 4.3]
         [Processed Buffers: Min: 6, Avg: 6.9, Max: 9, Diff: 3, Sum: 69]
      [Scan RS (ms): Min: 0.0, Avg: 0.0, Max: 0.0, Diff: 0.0, Sum: 0.1]
      [Code Root Scanning (ms): Min: 0.0, Avg: 0.0, Max: 0.0, Diff: 0.0, Sum: 0.0]
      [Object Copy (ms): Min: 5.2, Avg: 5.3, Max: 5.4, Diff: 0.2, Sum: 52.6]
      [Termination (ms): Min: 0.0, Avg: 0.1, Max: 0.2, Diff: 0.2, Sum: 1.1]
         [Termination Attempts: Min: 1, Avg: 1.0, Max: 1, Diff: 0, Sum: 10]
      [GC Worker Other (ms): Min: 0.0, Avg: 0.0, Max: 0.0, Diff: 0.0, Sum: 0.1]
      [GC Worker Total (ms): Min: 5.9, Avg: 5.9, Max: 5.9, Diff: 0.1, Sum: 59.2]
      [GC Worker End (ms): Min: 905.0, Avg: 905.0, Max: 905.0, Diff: 0.0]
   [Code Root Fixup: 0.0 ms]
   [Code Root Purge: 0.0 ms]
   [Clear CT: 0.1 ms]
   [Other: 0.3 ms]
      [Choose CSet: 0.0 ms]
      [Ref Proc: 0.1 ms]
      [Ref Enq: 0.0 ms]
      [Redirty Cards: 0.1 ms]
      [Humongous Register: 0.1 ms]
      [Humongous Reclaim: 0.0 ms]
      [Free CSet: 0.0 ms]
   [Eden: 21.0M(21.0M)->0.0B(21.0M) Survivors: 4096.0K->4096.0K Heap: 409.4M(512.0M)->379.7M(512.0M)]
 [Times: user=0.00 sys=0.00, real=0.01 secs] 
2020-11-15T19:00:38.990+0800: 0.906: [GC pause (G1 Humongous Allocation) (young) (initial-mark), 0.0012277 secs]
   [Parallel Time: 0.9 ms, GC Workers: 10]
      [GC Worker Start (ms): Min: 906.0, Avg: 906.0, Max: 906.0, Diff: 0.0]
      [Ext Root Scanning (ms): Min: 0.1, Avg: 0.1, Max: 0.1, Diff: 0.0, Sum: 1.1]
      [Update RS (ms): Min: 0.0, Avg: 0.1, Max: 0.1, Diff: 0.1, Sum: 0.6]
         [Processed Buffers: Min: 1, Avg: 1.1, Max: 2, Diff: 1, Sum: 11]
      [Scan RS (ms): Min: 0.0, Avg: 0.0, Max: 0.0, Diff: 0.0, Sum: 0.0]
      [Code Root Scanning (ms): Min: 0.0, Avg: 0.0, Max: 0.0, Diff: 0.0, Sum: 0.0]
      [Object Copy (ms): Min: 0.5, Avg: 0.6, Max: 0.7, Diff: 0.2, Sum: 6.2]
      [Termination (ms): Min: 0.0, Avg: 0.1, Max: 0.2, Diff: 0.2, Sum: 0.8]
         [Termination Attempts: Min: 1, Avg: 1.0, Max: 1, Diff: 0, Sum: 10]
      [GC Worker Other (ms): Min: 0.0, Avg: 0.0, Max: 0.0, Diff: 0.0, Sum: 0.1]
      [GC Worker Total (ms): Min: 0.9, Avg: 0.9, Max: 0.9, Diff: 0.0, Sum: 8.8]
      [GC Worker End (ms): Min: 906.9, Avg: 906.9, Max: 906.9, Diff: 0.0]
   [Code Root Fixup: 0.0 ms]
   [Code Root Purge: 0.0 ms]
   [Clear CT: 0.0 ms]
   [Other: 0.2 ms]
      [Choose CSet: 0.0 ms]
      [Ref Proc: 0.1 ms]
      [Ref Enq: 0.0 ms]
      [Redirty Cards: 0.0 ms]
      [Humongous Register: 0.1 ms]
      [Humongous Reclaim: 0.0 ms]
      [Free CSet: 0.0 ms]
   [Eden: 3072.0K(21.0M)->0.0B(24.0M) Survivors: 4096.0K->1024.0K Heap: 381.9M(512.0M)->380.3M(512.0M)]
 [Times: user=0.00 sys=0.00, real=0.00 secs] 
2020-11-15T19:00:38.991+0800: 0.907: [GC concurrent-root-region-scan-start]
2020-11-15T19:00:38.991+0800: 0.907: [GC concurrent-root-region-scan-end, 0.0001430 secs]
2020-11-15T19:00:38.991+0800: 0.907: [GC concurrent-mark-start]
2020-11-15T19:00:38.993+0800: 0.910: [GC concurrent-mark-end, 0.0023015 secs]
2020-11-15T19:00:38.994+0800: 0.910: [GC remark 2020-11-15T19:00:38.994+0800: 0.910: [Finalize Marking, 0.0000943 secs] 2020-11-15T19:00:38.994+0800: 0.910: [GC ref-proc, 0.0000717 secs] 2020-11-15T19:00:38.994+0800: 0.910: [Unloading, 0.0004354 secs], 0.0011055 secs]
 [Times: user=0.00 sys=0.00, real=0.00 secs] 
2020-11-15T19:00:38.994+0800: 0.911: [GC cleanup 395M->395M(512M), 0.0003974 secs]
 [Times: user=0.00 sys=0.00, real=0.00 secs] 
2020-11-15T19:00:38.998+0800: 0.914: [GC pause (G1 Evacuation Pause) (young), 0.0026062 secs]
   [Parallel Time: 2.3 ms, GC Workers: 10]
      [GC Worker Start (ms): Min: 914.5, Avg: 914.5, Max: 914.5, Diff: 0.0]
      [Ext Root Scanning (ms): Min: 0.1, Avg: 0.1, Max: 0.1, Diff: 0.0, Sum: 1.1]
      [Update RS (ms): Min: 0.5, Avg: 0.5, Max: 0.5, Diff: 0.0, Sum: 5.0]
         [Processed Buffers: Min: 7, Avg: 7.8, Max: 11, Diff: 4, Sum: 78]
      [Scan RS (ms): Min: 0.0, Avg: 0.0, Max: 0.0, Diff: 0.0, Sum: 0.0]
      [Code Root Scanning (ms): Min: 0.0, Avg: 0.0, Max: 0.0, Diff: 0.0, Sum: 0.0]
      [Object Copy (ms): Min: 1.4, Avg: 1.5, Max: 1.6, Diff: 0.1, Sum: 15.0]
      [Termination (ms): Min: 0.0, Avg: 0.1, Max: 0.2, Diff: 0.2, Sum: 0.9]
         [Termination Attempts: Min: 1, Avg: 1.2, Max: 2, Diff: 1, Sum: 12]
      [GC Worker Other (ms): Min: 0.0, Avg: 0.0, Max: 0.0, Diff: 0.0, Sum: 0.1]
      [GC Worker Total (ms): Min: 2.2, Avg: 2.2, Max: 2.2, Diff: 0.0, Sum: 22.1]
      [GC Worker End (ms): Min: 916.7, Avg: 916.7, Max: 916.7, Diff: 0.0]
   [Code Root Fixup: 0.0 ms]
   [Code Root Purge: 0.0 ms]
   [Clear CT: 0.1 ms]
   [Other: 0.3 ms]
      [Choose CSet: 0.0 ms]
      [Ref Proc: 0.1 ms]
      [Ref Enq: 0.0 ms]
      [Redirty Cards: 0.1 ms]
      [Humongous Register: 0.1 ms]
      [Humongous Reclaim: 0.0 ms]
      [Free CSet: 0.0 ms]
   [Eden: 24.0M(24.0M)->0.0B(21.0M) Survivors: 1024.0K->4096.0K Heap: 412.7M(512.0M)->389.6M(512.0M)]
 [Times: user=0.00 sys=0.00, real=0.00 secs] 
2020-11-15T19:00:39.005+0800: 0.921: [GC pause (G1 Evacuation Pause) (mixed) (to-space exhausted), 0.0073741 secs]
   [Parallel Time: 6.6 ms, GC Workers: 10]
      [GC Worker Start (ms): Min: 921.3, Avg: 921.3, Max: 921.4, Diff: 0.0]
      [Ext Root Scanning (ms): Min: 0.1, Avg: 0.1, Max: 0.1, Diff: 0.0, Sum: 1.1]
      [Update RS (ms): Min: 0.3, Avg: 0.4, Max: 0.4, Diff: 0.1, Sum: 3.6]
         [Processed Buffers: Min: 5, Avg: 5.7, Max: 7, Diff: 2, Sum: 57]
      [Scan RS (ms): Min: 0.0, Avg: 0.0, Max: 0.1, Diff: 0.1, Sum: 0.4]
      [Code Root Scanning (ms): Min: 0.0, Avg: 0.0, Max: 0.0, Diff: 0.0, Sum: 0.0]
      [Object Copy (ms): Min: 5.8, Avg: 5.9, Max: 6.0, Diff: 0.2, Sum: 58.8]
      [Termination (ms): Min: 0.0, Avg: 0.1, Max: 0.2, Diff: 0.2, Sum: 1.1]
         [Termination Attempts: Min: 1, Avg: 1.0, Max: 1, Diff: 0, Sum: 10]
      [GC Worker Other (ms): Min: 0.0, Avg: 0.0, Max: 0.0, Diff: 0.0, Sum: 0.1]
      [GC Worker Total (ms): Min: 6.5, Avg: 6.5, Max: 6.5, Diff: 0.0, Sum: 65.2]
      [GC Worker End (ms): Min: 927.9, Avg: 927.9, Max: 927.9, Diff: 0.0]
   [Code Root Fixup: 0.0 ms]
   [Code Root Purge: 0.0 ms]
   [Clear CT: 0.1 ms]
   [Other: 0.7 ms]
      [Evacuation Failure: 0.1 ms]
      [Choose CSet: 0.0 ms]
      [Ref Proc: 0.1 ms]
      [Ref Enq: 0.0 ms]
      [Redirty Cards: 0.1 ms]
      [Humongous Register: 0.1 ms]
      [Humongous Reclaim: 0.0 ms]
      [Free CSet: 0.2 ms]
   [Eden: 21.0M(21.0M)->0.0B(21.0M) Survivors: 4096.0K->4096.0K Heap: 416.3M(512.0M)->395.9M(512.0M)]
 [Times: user=0.08 sys=0.00, real=0.01 secs] 
2020-11-15T19:00:39.013+0800: 0.929: [GC pause (G1 Humongous Allocation) (young) (initial-mark), 0.0011136 secs]
   [Parallel Time: 0.8 ms, GC Workers: 10]
      [GC Worker Start (ms): Min: 929.0, Avg: 929.0, Max: 929.0, Diff: 0.0]
      [Ext Root Scanning (ms): Min: 0.1, Avg: 0.1, Max: 0.1, Diff: 0.0, Sum: 1.0]
      [Update RS (ms): Min: 0.0, Avg: 0.1, Max: 0.2, Diff: 0.1, Sum: 0.8]
         [Processed Buffers: Min: 1, Avg: 2.0, Max: 6, Diff: 5, Sum: 20]
      [Scan RS (ms): Min: 0.0, Avg: 0.0, Max: 0.0, Diff: 0.0, Sum: 0.0]
      [Code Root Scanning (ms): Min: 0.0, Avg: 0.0, Max: 0.0, Diff: 0.0, Sum: 0.0]
      [Object Copy (ms): Min: 0.4, Avg: 0.5, Max: 0.6, Diff: 0.2, Sum: 5.2]
      [Termination (ms): Min: 0.0, Avg: 0.1, Max: 0.2, Diff: 0.2, Sum: 0.5]
         [Termination Attempts: Min: 1, Avg: 1.0, Max: 1, Diff: 0, Sum: 10]
      [GC Worker Other (ms): Min: 0.0, Avg: 0.0, Max: 0.0, Diff: 0.0, Sum: 0.1]
      [GC Worker Total (ms): Min: 0.7, Avg: 0.8, Max: 0.8, Diff: 0.0, Sum: 7.6]
      [GC Worker End (ms): Min: 929.7, Avg: 929.7, Max: 929.7, Diff: 0.0]
   [Code Root Fixup: 0.0 ms]
   [Code Root Purge: 0.0 ms]
   [Clear CT: 0.0 ms]
   [Other: 0.2 ms]
      [Choose CSet: 0.0 ms]
      [Ref Proc: 0.1 ms]
      [Ref Enq: 0.0 ms]
      [Redirty Cards: 0.0 ms]
      [Humongous Register: 0.1 ms]
      [Humongous Reclaim: 0.0 ms]
      [Free CSet: 0.0 ms]
   [Eden: 1024.0K(21.0M)->0.0B(25.0M) Survivors: 4096.0K->0.0B Heap: 396.5M(512.0M)->395.6M(512.0M)]
 [Times: user=0.00 sys=0.00, real=0.00 secs] 
2020-11-15T19:00:39.014+0800: 0.930: [GC concurrent-root-region-scan-start]
2020-11-15T19:00:39.014+0800: 0.930: [GC concurrent-root-region-scan-end, 0.0000054 secs]
2020-11-15T19:00:39.014+0800: 0.930: [GC concurrent-mark-start]
2020-11-15T19:00:39.015+0800: 0.932: [GC concurrent-mark-end, 0.0015529 secs]
2020-11-15T19:00:39.015+0800: 0.932: [GC remark 2020-11-15T19:00:39.015+0800: 0.932: [Finalize Marking, 0.0000735 secs] 2020-11-15T19:00:39.015+0800: 0.932: [GC ref-proc, 0.0000701 secs] 2020-11-15T19:00:39.015+0800: 0.932: [Unloading, 0.0003574 secs], 0.0009523 secs]
 [Times: user=0.00 sys=0.00, real=0.00 secs] 
2020-11-15T19:00:39.016+0800: 0.933: [GC cleanup 405M->405M(512M), 0.0003795 secs]
 [Times: user=0.00 sys=0.00, real=0.00 secs] 
2020-11-15T19:00:39.021+0800: 0.937: [GC pause (G1 Evacuation Pause) (young), 0.0023231 secs]
   [Parallel Time: 1.8 ms, GC Workers: 10]
      [GC Worker Start (ms): Min: 937.1, Avg: 937.1, Max: 937.1, Diff: 0.0]
      [Ext Root Scanning (ms): Min: 0.1, Avg: 0.1, Max: 0.1, Diff: 0.0, Sum: 1.1]
      [Update RS (ms): Min: 0.3, Avg: 0.4, Max: 0.4, Diff: 0.1, Sum: 3.5]
         [Processed Buffers: Min: 5, Avg: 5.4, Max: 7, Diff: 2, Sum: 54]
      [Scan RS (ms): Min: 0.0, Avg: 0.0, Max: 0.0, Diff: 0.0, Sum: 0.0]
      [Code Root Scanning (ms): Min: 0.0, Avg: 0.0, Max: 0.0, Diff: 0.0, Sum: 0.0]
      [Object Copy (ms): Min: 1.1, Avg: 1.2, Max: 1.3, Diff: 0.2, Sum: 12.2]
      [Termination (ms): Min: 0.0, Avg: 0.1, Max: 0.2, Diff: 0.2, Sum: 1.1]
         [Termination Attempts: Min: 1, Avg: 1.0, Max: 1, Diff: 0, Sum: 10]
      [GC Worker Other (ms): Min: 0.0, Avg: 0.0, Max: 0.0, Diff: 0.0, Sum: 0.1]
      [GC Worker Total (ms): Min: 1.8, Avg: 1.8, Max: 1.8, Diff: 0.0, Sum: 18.0]
      [GC Worker End (ms): Min: 938.9, Avg: 938.9, Max: 938.9, Diff: 0.0]
   [Code Root Fixup: 0.0 ms]
   [Code Root Purge: 0.0 ms]
   [Clear CT: 0.1 ms]
   [Other: 0.4 ms]
      [Choose CSet: 0.0 ms]
      [Ref Proc: 0.1 ms]
      [Ref Enq: 0.0 ms]
      [Redirty Cards: 0.1 ms]
      [Humongous Register: 0.1 ms]
      [Humongous Reclaim: 0.0 ms]
      [Free CSet: 0.1 ms]
   [Eden: 25.0M(25.0M)->0.0B(21.0M) Survivors: 0.0B->4096.0K Heap: 426.0M(512.0M)->401.9M(512.0M)]
 [Times: user=0.00 sys=0.00, real=0.00 secs] 
2020-11-15T19:00:39.027+0800: 0.943: [GC pause (G1 Evacuation Pause) (mixed) (to-space exhausted), 0.0052880 secs]
   [Parallel Time: 4.7 ms, GC Workers: 10]
      [GC Worker Start (ms): Min: 943.3, Avg: 943.4, Max: 943.4, Diff: 0.1]
      [Ext Root Scanning (ms): Min: 0.1, Avg: 0.1, Max: 0.1, Diff: 0.1, Sum: 1.1]
      [Update RS (ms): Min: 0.2, Avg: 0.3, Max: 0.3, Diff: 0.1, Sum: 2.5]
         [Processed Buffers: Min: 3, Avg: 4.0, Max: 5, Diff: 2, Sum: 40]
      [Scan RS (ms): Min: 0.0, Avg: 0.0, Max: 0.1, Diff: 0.1, Sum: 0.4]
      [Code Root Scanning (ms): Min: 0.0, Avg: 0.0, Max: 0.0, Diff: 0.0, Sum: 0.0]
      [Object Copy (ms): Min: 4.0, Avg: 4.1, Max: 4.2, Diff: 0.2, Sum: 41.0]
      [Termination (ms): Min: 0.0, Avg: 0.1, Max: 0.1, Diff: 0.1, Sum: 0.7]
         [Termination Attempts: Min: 1, Avg: 1.0, Max: 1, Diff: 0, Sum: 10]
      [GC Worker Other (ms): Min: 0.0, Avg: 0.0, Max: 0.0, Diff: 0.0, Sum: 0.1]
      [GC Worker Total (ms): Min: 4.6, Avg: 4.6, Max: 4.6, Diff: 0.0, Sum: 45.8]
      [GC Worker End (ms): Min: 947.9, Avg: 947.9, Max: 947.9, Diff: 0.0]
   [Code Root Fixup: 0.0 ms]
   [Code Root Purge: 0.0 ms]
   [Clear CT: 0.1 ms]
   [Other: 0.5 ms]
      [Evacuation Failure: 0.1 ms]
      [Choose CSet: 0.0 ms]
      [Ref Proc: 0.1 ms]
      [Ref Enq: 0.0 ms]
      [Redirty Cards: 0.1 ms]
      [Humongous Register: 0.1 ms]
      [Humongous Reclaim: 0.0 ms]
      [Free CSet: 0.1 ms]
   [Eden: 21.0M(21.0M)->0.0B(22.0M) Survivors: 4096.0K->3072.0K Heap: 426.5M(512.0M)->414.2M(512.0M)]
 [Times: user=0.16 sys=0.00, real=0.01 secs] 
2020-11-15T19:00:39.032+0800: 0.949: [GC pause (G1 Humongous Allocation) (young) (initial-mark), 0.0010998 secs]
   [Parallel Time: 0.8 ms, GC Workers: 10]
      [GC Worker Start (ms): Min: 949.2, Avg: 949.2, Max: 949.2, Diff: 0.0]
      [Ext Root Scanning (ms): Min: 0.1, Avg: 0.1, Max: 0.1, Diff: 0.0, Sum: 1.1]
      [Update RS (ms): Min: 0.1, Avg: 0.1, Max: 0.1, Diff: 0.1, Sum: 0.9]
         [Processed Buffers: Min: 1, Avg: 2.1, Max: 7, Diff: 6, Sum: 21]
      [Scan RS (ms): Min: 0.0, Avg: 0.0, Max: 0.0, Diff: 0.0, Sum: 0.0]
      [Code Root Scanning (ms): Min: 0.0, Avg: 0.0, Max: 0.0, Diff: 0.0, Sum: 0.0]
      [Object Copy (ms): Min: 0.3, Avg: 0.4, Max: 0.5, Diff: 0.2, Sum: 4.2]
      [Termination (ms): Min: 0.0, Avg: 0.1, Max: 0.1, Diff: 0.1, Sum: 0.8]
         [Termination Attempts: Min: 1, Avg: 1.1, Max: 2, Diff: 1, Sum: 11]
      [GC Worker Other (ms): Min: 0.0, Avg: 0.0, Max: 0.0, Diff: 0.0, Sum: 0.1]
      [GC Worker Total (ms): Min: 0.7, Avg: 0.7, Max: 0.7, Diff: 0.0, Sum: 7.0]
      [GC Worker End (ms): Min: 949.9, Avg: 949.9, Max: 949.9, Diff: 0.0]
   [Code Root Fixup: 0.0 ms]
   [Code Root Purge: 0.0 ms]
   [Clear CT: 0.1 ms]
   [Other: 0.3 ms]
      [Choose CSet: 0.0 ms]
      [Ref Proc: 0.1 ms]
      [Ref Enq: 0.0 ms]
      [Redirty Cards: 0.0 ms]
      [Humongous Register: 0.1 ms]
      [Humongous Reclaim: 0.0 ms]
      [Free CSet: 0.0 ms]
   [Eden: 3072.0K(22.0M)->0.0B(24.0M) Survivors: 3072.0K->1024.0K Heap: 416.6M(512.0M)->414.2M(512.0M)]
 [Times: user=0.00 sys=0.00, real=0.00 secs] 
2020-11-15T19:00:39.033+0800: 0.950: [GC concurrent-root-region-scan-start]
2020-11-15T19:00:39.033+0800: 0.950: [GC concurrent-root-region-scan-end, 0.0000426 secs]
2020-11-15T19:00:39.033+0800: 0.950: [GC concurrent-mark-start]
2020-11-15T19:00:39.035+0800: 0.952: [GC concurrent-mark-end, 0.0015311 secs]
2020-11-15T19:00:39.035+0800: 0.952: [GC remark 2020-11-15T19:00:39.035+0800: 0.952: [Finalize Marking, 0.0000744 secs] 2020-11-15T19:00:39.035+0800: 0.952: [GC ref-proc, 0.0000802 secs] 2020-11-15T19:00:39.035+0800: 0.952: [Unloading, 0.0003534 secs], 0.0009614 secs]
 [Times: user=0.00 sys=0.00, real=0.00 secs] 
2020-11-15T19:00:39.036+0800: 0.953: [GC cleanup 424M->424M(512M), 0.0003652 secs]
 [Times: user=0.00 sys=0.00, real=0.00 secs] 
2020-11-15T19:00:39.040+0800: 0.957: [GC pause (G1 Evacuation Pause) (young) (to-space exhausted), 0.0011016 secs]
   [Parallel Time: 0.7 ms, GC Workers: 10]
      [GC Worker Start (ms): Min: 956.8, Avg: 956.8, Max: 956.8, Diff: 0.0]
      [Ext Root Scanning (ms): Min: 0.1, Avg: 0.1, Max: 0.1, Diff: 0.0, Sum: 1.0]
      [Update RS (ms): Min: 0.4, Avg: 0.5, Max: 0.5, Diff: 0.0, Sum: 4.8]
         [Processed Buffers: Min: 7, Avg: 7.5, Max: 9, Diff: 2, Sum: 75]
      [Scan RS (ms): Min: 0.0, Avg: 0.0, Max: 0.0, Diff: 0.0, Sum: 0.0]
      [Code Root Scanning (ms): Min: 0.0, Avg: 0.0, Max: 0.0, Diff: 0.0, Sum: 0.0]
      [Object Copy (ms): Min: 0.0, Avg: 0.1, Max: 0.1, Diff: 0.0, Sum: 0.5]
      [Termination (ms): Min: 0.0, Avg: 0.0, Max: 0.0, Diff: 0.0, Sum: 0.2]
         [Termination Attempts: Min: 1, Avg: 1.0, Max: 1, Diff: 0, Sum: 10]
      [GC Worker Other (ms): Min: 0.0, Avg: 0.0, Max: 0.0, Diff: 0.0, Sum: 0.1]
      [GC Worker Total (ms): Min: 0.6, Avg: 0.7, Max: 0.7, Diff: 0.0, Sum: 6.5]
      [GC Worker End (ms): Min: 957.4, Avg: 957.4, Max: 957.4, Diff: 0.0]
   [Code Root Fixup: 0.0 ms]
   [Code Root Purge: 0.0 ms]
   [Clear CT: 0.1 ms]
   [Other: 0.3 ms]
      [Evacuation Failure: 0.1 ms]
      [Choose CSet: 0.0 ms]
      [Ref Proc: 0.1 ms]
      [Ref Enq: 0.0 ms]
      [Redirty Cards: 0.1 ms]
      [Humongous Register: 0.1 ms]
      [Humongous Reclaim: 0.0 ms]
      [Free CSet: 0.0 ms]
   [Eden: 23.0M(24.0M)->0.0B(25.0M) Survivors: 1024.0K->0.0B Heap: 445.2M(512.0M)->437.5M(512.0M)]
 [Times: user=0.00 sys=0.00, real=0.00 secs] 
2020-11-15T19:00:39.044+0800: 0.960: [GC pause (G1 Evacuation Pause) (mixed) (to-space exhausted), 0.0008675 secs]
   [Parallel Time: 0.4 ms, GC Workers: 10]
      [GC Worker Start (ms): Min: 960.5, Avg: 960.5, Max: 960.5, Diff: 0.1]
      [Ext Root Scanning (ms): Min: 0.1, Avg: 0.1, Max: 0.1, Diff: 0.0, Sum: 1.1]
      [Update RS (ms): Min: 0.1, Avg: 0.1, Max: 0.1, Diff: 0.1, Sum: 0.8]
         [Processed Buffers: Min: 1, Avg: 2.9, Max: 7, Diff: 6, Sum: 29]
      [Scan RS (ms): Min: 0.0, Avg: 0.0, Max: 0.0, Diff: 0.0, Sum: 0.2]
      [Code Root Scanning (ms): Min: 0.0, Avg: 0.0, Max: 0.0, Diff: 0.0, Sum: 0.0]
      [Object Copy (ms): Min: 0.1, Avg: 0.1, Max: 0.1, Diff: 0.0, Sum: 0.9]
      [Termination (ms): Min: 0.0, Avg: 0.0, Max: 0.0, Diff: 0.0, Sum: 0.1]
         [Termination Attempts: Min: 1, Avg: 1.1, Max: 2, Diff: 1, Sum: 11]
      [GC Worker Other (ms): Min: 0.0, Avg: 0.0, Max: 0.0, Diff: 0.0, Sum: 0.1]
      [GC Worker Total (ms): Min: 0.3, Avg: 0.3, Max: 0.3, Diff: 0.0, Sum: 3.2]
      [GC Worker End (ms): Min: 960.8, Avg: 960.8, Max: 960.8, Diff: 0.0]
   [Code Root Fixup: 0.0 ms]
   [Code Root Purge: 0.0 ms]
   [Clear CT: 0.1 ms]
   [Other: 0.4 ms]
      [Evacuation Failure: 0.2 ms]
      [Choose CSet: 0.0 ms]
      [Ref Proc: 0.1 ms]
      [Ref Enq: 0.0 ms]
      [Redirty Cards: 0.1 ms]
      [Humongous Register: 0.1 ms]
      [Humongous Reclaim: 0.0 ms]
      [Free CSet: 0.0 ms]
   [Eden: 11.0M(25.0M)->0.0B(25.0M) Survivors: 0.0B->0.0B Heap: 449.1M(512.0M)->446.2M(512.0M)]
 [Times: user=0.00 sys=0.00, real=0.00 secs] 
2020-11-15T19:00:39.046+0800: 0.962: [GC pause (G1 Evacuation Pause) (mixed) (to-space exhausted), 0.0007077 secs]
   [Parallel Time: 0.4 ms, GC Workers: 10]
      [GC Worker Start (ms): Min: 962.1, Avg: 962.1, Max: 962.1, Diff: 0.0]
      [Ext Root Scanning (ms): Min: 0.1, Avg: 0.1, Max: 0.1, Diff: 0.0, Sum: 1.0]
      [Update RS (ms): Min: 0.0, Avg: 0.1, Max: 0.1, Diff: 0.1, Sum: 0.8]
         [Processed Buffers: Min: 1, Avg: 3.0, Max: 4, Diff: 3, Sum: 30]
      [Scan RS (ms): Min: 0.0, Avg: 0.0, Max: 0.0, Diff: 0.0, Sum: 0.1]
      [Code Root Scanning (ms): Min: 0.0, Avg: 0.0, Max: 0.0, Diff: 0.0, Sum: 0.0]
      [Object Copy (ms): Min: 0.1, Avg: 0.1, Max: 0.1, Diff: 0.0, Sum: 0.9]
      [Termination (ms): Min: 0.0, Avg: 0.0, Max: 0.0, Diff: 0.0, Sum: 0.1]
         [Termination Attempts: Min: 1, Avg: 1.0, Max: 1, Diff: 0, Sum: 10]
      [GC Worker Other (ms): Min: 0.0, Avg: 0.0, Max: 0.0, Diff: 0.0, Sum: 0.0]
      [GC Worker Total (ms): Min: 0.3, Avg: 0.3, Max: 0.3, Diff: 0.0, Sum: 3.0]
      [GC Worker End (ms): Min: 962.4, Avg: 962.4, Max: 962.4, Diff: 0.0]
   [Code Root Fixup: 0.0 ms]
   [Code Root Purge: 0.0 ms]
   [Clear CT: 0.1 ms]
   [Other: 0.3 ms]
      [Evacuation Failure: 0.1 ms]
      [Choose CSet: 0.0 ms]
      [Ref Proc: 0.1 ms]
      [Ref Enq: 0.0 ms]
      [Redirty Cards: 0.1 ms]
      [Humongous Register: 0.1 ms]
      [Humongous Reclaim: 0.0 ms]
      [Free CSet: 0.0 ms]
   [Eden: 3072.0K(25.0M)->0.0B(25.0M) Survivors: 0.0B->0.0B Heap: 449.9M(512.0M)->449.2M(512.0M)]
 [Times: user=0.00 sys=0.00, real=0.00 secs] 
2020-11-15T19:00:39.047+0800: 0.963: [GC pause (G1 Evacuation Pause) (young) (to-space exhausted), 0.0004632 secs]
   [Parallel Time: 0.2 ms, GC Workers: 10]
      [GC Worker Start (ms): Min: 963.0, Avg: 963.0, Max: 963.0, Diff: 0.0]
      [Ext Root Scanning (ms): Min: 0.1, Avg: 0.1, Max: 0.1, Diff: 0.0, Sum: 0.9]
      [Update RS (ms): Min: 0.0, Avg: 0.0, Max: 0.0, Diff: 0.0, Sum: 0.3]
         [Processed Buffers: Min: 1, Avg: 2.6, Max: 5, Diff: 4, Sum: 26]
      [Scan RS (ms): Min: 0.0, Avg: 0.0, Max: 0.0, Diff: 0.0, Sum: 0.0]
      [Code Root Scanning (ms): Min: 0.0, Avg: 0.0, Max: 0.0, Diff: 0.0, Sum: 0.0]
      [Object Copy (ms): Min: 0.0, Avg: 0.0, Max: 0.0, Diff: 0.0, Sum: 0.0]
      [Termination (ms): Min: 0.0, Avg: 0.0, Max: 0.0, Diff: 0.0, Sum: 0.1]
         [Termination Attempts: Min: 1, Avg: 1.0, Max: 1, Diff: 0, Sum: 10]
      [GC Worker Other (ms): Min: 0.0, Avg: 0.0, Max: 0.0, Diff: 0.0, Sum: 0.0]
      [GC Worker Total (ms): Min: 0.1, Avg: 0.1, Max: 0.1, Diff: 0.0, Sum: 1.4]
      [GC Worker End (ms): Min: 963.1, Avg: 963.1, Max: 963.1, Diff: 0.0]
   [Code Root Fixup: 0.0 ms]
   [Code Root Purge: 0.0 ms]
   [Clear CT: 0.0 ms]
   [Other: 0.2 ms]
      [Evacuation Failure: 0.1 ms]
      [Choose CSet: 0.0 ms]
      [Ref Proc: 0.1 ms]
      [Ref Enq: 0.0 ms]
      [Redirty Cards: 0.0 ms]
      [Humongous Register: 0.0 ms]
      [Humongous Reclaim: 0.0 ms]
      [Free CSet: 0.0 ms]
   [Eden: 1024.0K(25.0M)->0.0B(25.0M) Survivors: 0.0B->0.0B Heap: 450.2M(512.0M)->450.2M(512.0M)]
 [Times: user=0.00 sys=0.00, real=0.00 secs] 
2020-11-15T19:00:39.047+0800: 0.963: [Full GC (Allocation Failure)  450M->338M(512M), 0.0504095 secs]
   [Eden: 0.0B(25.0M)->0.0B(25.0M) Survivors: 0.0B->0.0B Heap: 450.2M(512.0M)->338.6M(512.0M)], [Metaspace: 2638K->2638K(1056768K)]
 [Times: user=0.05 sys=0.00, real=0.05 secs] 
2020-11-15T19:00:39.099+0800: 1.015: [GC pause (G1 Humongous Allocation) (young) (initial-mark), 0.0026605 secs]
   [Parallel Time: 1.1 ms, GC Workers: 10]
      [GC Worker Start (ms): Min: 1015.2, Avg: 1015.3, Max: 1015.3, Diff: 0.1]
      [Ext Root Scanning (ms): Min: 0.1, Avg: 0.1, Max: 0.2, Diff: 0.1, Sum: 1.2]
      [Update RS (ms): Min: 0.0, Avg: 0.0, Max: 0.2, Diff: 0.2, Sum: 0.3]
         [Processed Buffers: Min: 0, Avg: 0.2, Max: 1, Diff: 1, Sum: 2]
      [Scan RS (ms): Min: 0.0, Avg: 0.0, Max: 0.0, Diff: 0.0, Sum: 0.0]
      [Code Root Scanning (ms): Min: 0.0, Avg: 0.0, Max: 0.0, Diff: 0.0, Sum: 0.0]
      [Object Copy (ms): Min: 0.1, Avg: 0.2, Max: 0.4, Diff: 0.2, Sum: 2.4]
      [Termination (ms): Min: 0.0, Avg: 0.2, Max: 0.3, Diff: 0.2, Sum: 1.7]
         [Termination Attempts: Min: 1, Avg: 4.4, Max: 6, Diff: 5, Sum: 44]
      [GC Worker Other (ms): Min: 0.0, Avg: 0.0, Max: 0.0, Diff: 0.0, Sum: 0.1]
      [GC Worker Total (ms): Min: 0.5, Avg: 0.6, Max: 0.6, Diff: 0.1, Sum: 5.7]
      [GC Worker End (ms): Min: 1015.8, Avg: 1015.8, Max: 1015.8, Diff: 0.0]
   [Code Root Fixup: 0.0 ms]
   [Code Root Purge: 0.0 ms]
   [Clear CT: 0.4 ms]
   [Other: 1.2 ms]
      [Choose CSet: 0.0 ms]
      [Ref Proc: 0.5 ms]
      [Ref Enq: 0.0 ms]
      [Redirty Cards: 0.5 ms]
      [Humongous Register: 0.0 ms]
      [Humongous Reclaim: 0.0 ms]
      [Free CSet: 0.0 ms]
   [Eden: 8192.0K(25.0M)->0.0B(22.0M) Survivors: 0.0B->4096.0K Heap: 346.1M(512.0M)->339.9M(512.0M)]
 [Times: user=0.00 sys=0.00, real=0.00 secs] 
2020-11-15T19:00:39.102+0800: 1.018: [GC concurrent-root-region-scan-start]
2020-11-15T19:00:39.102+0800: 1.018: [GC concurrent-root-region-scan-end, 0.0003653 secs]
2020-11-15T19:00:39.102+0800: 1.018: [GC concurrent-mark-start]
2020-11-15T19:00:39.104+0800: 1.020: [GC concurrent-mark-end, 0.0017365 secs]
2020-11-15T19:00:39.104+0800: 1.020: [GC remark 2020-11-15T19:00:39.104+0800: 1.020: [Finalize Marking, 0.0003618 secs] 2020-11-15T19:00:39.104+0800: 1.021: [GC ref-proc, 0.0001593 secs] 2020-11-15T19:00:39.105+0800: 1.021: [Unloading, 0.0006151 secs], 0.0017386 secs]
 [Times: user=0.16 sys=0.00, real=0.00 secs] 
2020-11-15T19:00:39.106+0800: 1.022: [GC cleanup 349M->349M(512M), 0.0010326 secs]
 [Times: user=0.00 sys=0.00, real=0.00 secs] 
2020-11-15T19:00:39.111+0800: 1.028: [GC pause (G1 Evacuation Pause) (young), 0.0046563 secs]
   [Parallel Time: 2.6 ms, GC Workers: 10]
      [GC Worker Start (ms): Min: 1027.7, Avg: 1027.8, Max: 1027.8, Diff: 0.1]
      [Ext Root Scanning (ms): Min: 0.1, Avg: 0.1, Max: 0.2, Diff: 0.1, Sum: 1.3]
      [Update RS (ms): Min: 0.3, Avg: 0.4, Max: 0.8, Diff: 0.5, Sum: 4.4]
         [Processed Buffers: Min: 4, Avg: 5.1, Max: 7, Diff: 3, Sum: 51]
      [Scan RS (ms): Min: 0.0, Avg: 0.0, Max: 0.0, Diff: 0.0, Sum: 0.0]
      [Code Root Scanning (ms): Min: 0.0, Avg: 0.0, Max: 0.0, Diff: 0.0, Sum: 0.0]
      [Object Copy (ms): Min: 1.0, Avg: 1.5, Max: 1.7, Diff: 0.7, Sum: 15.3]
      [Termination (ms): Min: 0.0, Avg: 0.1, Max: 0.3, Diff: 0.3, Sum: 1.4]
         [Termination Attempts: Min: 1, Avg: 1.0, Max: 1, Diff: 0, Sum: 10]
      [GC Worker Other (ms): Min: 0.0, Avg: 0.0, Max: 0.0, Diff: 0.0, Sum: 0.1]
      [GC Worker Total (ms): Min: 2.2, Avg: 2.2, Max: 2.3, Diff: 0.1, Sum: 22.4]
      [GC Worker End (ms): Min: 1030.0, Avg: 1030.0, Max: 1030.0, Diff: 0.0]
   [Code Root Fixup: 0.0 ms]
   [Code Root Purge: 0.0 ms]
   [Clear CT: 0.6 ms]
   [Other: 1.5 ms]
      [Choose CSet: 0.0 ms]
      [Ref Proc: 0.8 ms]
      [Ref Enq: 0.0 ms]
      [Redirty Cards: 0.4 ms]
      [Humongous Register: 0.1 ms]
      [Humongous Reclaim: 0.0 ms]
      [Free CSet: 0.0 ms]
   [Eden: 22.0M(22.0M)->0.0B(21.0M) Survivors: 4096.0K->4096.0K Heap: 367.0M(512.0M)->347.0M(512.0M)]
 [Times: user=0.00 sys=0.00, real=0.00 secs] 
2020-11-15T19:00:39.116+0800: 1.032: [GC pause (G1 Humongous Allocation) (young) (initial-mark), 0.0022287 secs]
   [Parallel Time: 1.2 ms, GC Workers: 10]
      [GC Worker Start (ms): Min: 1032.5, Avg: 1032.5, Max: 1032.6, Diff: 0.1]
      [Ext Root Scanning (ms): Min: 0.1, Avg: 0.1, Max: 0.2, Diff: 0.1, Sum: 1.2]
      [Update RS (ms): Min: 0.0, Avg: 0.0, Max: 0.2, Diff: 0.2, Sum: 0.4]
         [Processed Buffers: Min: 1, Avg: 1.1, Max: 2, Diff: 1, Sum: 11]
      [Scan RS (ms): Min: 0.0, Avg: 0.0, Max: 0.0, Diff: 0.0, Sum: 0.0]
      [Code Root Scanning (ms): Min: 0.0, Avg: 0.0, Max: 0.0, Diff: 0.0, Sum: 0.0]
      [Object Copy (ms): Min: 0.4, Avg: 0.5, Max: 0.5, Diff: 0.2, Sum: 4.5]
      [Termination (ms): Min: 0.0, Avg: 0.1, Max: 0.1, Diff: 0.1, Sum: 0.7]
         [Termination Attempts: Min: 1, Avg: 1.0, Max: 1, Diff: 0, Sum: 10]
      [GC Worker Other (ms): Min: 0.0, Avg: 0.0, Max: 0.0, Diff: 0.0, Sum: 0.1]
      [GC Worker Total (ms): Min: 0.6, Avg: 0.7, Max: 0.8, Diff: 0.1, Sum: 6.9]
      [GC Worker End (ms): Min: 1033.2, Avg: 1033.2, Max: 1033.2, Diff: 0.0]
   [Code Root Fixup: 0.0 ms]
   [Code Root Purge: 0.0 ms]
   [Clear CT: 0.3 ms]
   [Other: 0.7 ms]
      [Choose CSet: 0.0 ms]
      [Ref Proc: 0.4 ms]
      [Ref Enq: 0.0 ms]
      [Redirty Cards: 0.2 ms]
      [Humongous Register: 0.1 ms]
      [Humongous Reclaim: 0.0 ms]
      [Free CSet: 0.0 ms]
   [Eden: 1024.0K(21.0M)->0.0B(24.0M) Survivors: 4096.0K->1024.0K Heap: 347.6M(512.0M)->346.9M(512.0M)]
 [Times: user=0.00 sys=0.00, real=0.00 secs] 
2020-11-15T19:00:39.119+0800: 1.035: [GC concurrent-root-region-scan-start]
2020-11-15T19:00:39.119+0800: 1.035: [GC concurrent-root-region-scan-end, 0.0000723 secs]
2020-11-15T19:00:39.119+0800: 1.035: [GC concurrent-mark-start]
2020-11-15T19:00:39.120+0800: 1.036: [GC concurrent-mark-end, 0.0014023 secs]
2020-11-15T19:00:39.120+0800: 1.036: [GC remark 2020-11-15T19:00:39.120+0800: 1.036: [Finalize Marking, 0.0002844 secs] 2020-11-15T19:00:39.121+0800: 1.037: [GC ref-proc, 0.0000818 secs] 2020-11-15T19:00:39.121+0800: 1.037: [Unloading, 0.0004312 secs], 0.0013225 secs]
 [Times: user=0.01 sys=0.00, real=0.00 secs] 
2020-11-15T19:00:39.122+0800: 1.038: [GC cleanup 358M->358M(512M), 0.0008459 secs]
 [Times: user=0.00 sys=0.00, real=0.00 secs] 
2020-11-15T19:00:39.127+0800: 1.043: [GC pause (G1 Evacuation Pause) (young), 0.0035301 secs]
   [Parallel Time: 2.4 ms, GC Workers: 10]
      [GC Worker Start (ms): Min: 1043.2, Avg: 1043.3, Max: 1043.3, Diff: 0.1]
      [Ext Root Scanning (ms): Min: 0.1, Avg: 0.1, Max: 0.2, Diff: 0.1, Sum: 1.2]
      [Update RS (ms): Min: 0.5, Avg: 0.6, Max: 0.6, Diff: 0.1, Sum: 5.7]
         [Processed Buffers: Min: 7, Avg: 8.0, Max: 10, Diff: 3, Sum: 80]
      [Scan RS (ms): Min: 0.0, Avg: 0.0, Max: 0.0, Diff: 0.0, Sum: 0.0]
      [Code Root Scanning (ms): Min: 0.0, Avg: 0.0, Max: 0.0, Diff: 0.0, Sum: 0.0]
      [Object Copy (ms): Min: 1.2, Avg: 1.3, Max: 1.4, Diff: 0.2, Sum: 12.9]
      [Termination (ms): Min: 0.0, Avg: 0.1, Max: 0.1, Diff: 0.1, Sum: 0.6]
         [Termination Attempts: Min: 1, Avg: 1.0, Max: 1, Diff: 0, Sum: 10]
      [GC Worker Other (ms): Min: 0.0, Avg: 0.0, Max: 0.0, Diff: 0.0, Sum: 0.1]
      [GC Worker Total (ms): Min: 2.0, Avg: 2.1, Max: 2.1, Diff: 0.1, Sum: 20.5]
      [GC Worker End (ms): Min: 1045.3, Avg: 1045.3, Max: 1045.3, Diff: 0.0]
   [Code Root Fixup: 0.0 ms]
   [Code Root Purge: 0.0 ms]
   [Clear CT: 0.3 ms]
   [Other: 0.8 ms]
      [Choose CSet: 0.0 ms]
      [Ref Proc: 0.4 ms]
      [Ref Enq: 0.0 ms]
      [Redirty Cards: 0.2 ms]
      [Humongous Register: 0.1 ms]
      [Humongous Reclaim: 0.0 ms]
      [Free CSet: 0.0 ms]
   [Eden: 24.0M(24.0M)->0.0B(21.0M) Survivors: 1024.0K->4096.0K Heap: 379.7M(512.0M)->355.3M(512.0M)]
 [Times: user=0.00 sys=0.00, real=0.00 secs] 
2020-11-15T19:00:39.134+0800: 1.050: [GC pause (G1 Evacuation Pause) (mixed), 0.0045456 secs]
   [Parallel Time: 3.1 ms, GC Workers: 10]
      [GC Worker Start (ms): Min: 1050.4, Avg: 1050.5, Max: 1050.6, Diff: 0.1]
      [Ext Root Scanning (ms): Min: 0.0, Avg: 0.1, Max: 0.2, Diff: 0.2, Sum: 0.6]
      [Update RS (ms): Min: 0.5, Avg: 0.5, Max: 0.5, Diff: 0.0, Sum: 5.1]
         [Processed Buffers: Min: 7, Avg: 7.9, Max: 10, Diff: 3, Sum: 79]
      [Scan RS (ms): Min: 0.0, Avg: 0.0, Max: 0.0, Diff: 0.0, Sum: 0.0]
      [Code Root Scanning (ms): Min: 0.0, Avg: 0.0, Max: 0.0, Diff: 0.0, Sum: 0.0]
      [Object Copy (ms): Min: 2.0, Avg: 2.0, Max: 2.1, Diff: 0.1, Sum: 20.3]
      [Termination (ms): Min: 0.0, Avg: 0.1, Max: 0.1, Diff: 0.1, Sum: 0.5]
         [Termination Attempts: Min: 1, Avg: 1.0, Max: 1, Diff: 0, Sum: 10]
      [GC Worker Other (ms): Min: 0.0, Avg: 0.0, Max: 0.0, Diff: 0.0, Sum: 0.1]
      [GC Worker Total (ms): Min: 2.6, Avg: 2.7, Max: 2.8, Diff: 0.1, Sum: 26.6]
      [GC Worker End (ms): Min: 1053.2, Avg: 1053.2, Max: 1053.2, Diff: 0.0]
   [Code Root Fixup: 0.0 ms]
   [Code Root Purge: 0.0 ms]
   [Clear CT: 0.5 ms]
   [Other: 1.0 ms]
      [Choose CSet: 0.0 ms]
      [Ref Proc: 0.5 ms]
      [Ref Enq: 0.0 ms]
      [Redirty Cards: 0.3 ms]
      [Humongous Register: 0.1 ms]
      [Humongous Reclaim: 0.0 ms]
      [Free CSet: 0.0 ms]
   [Eden: 21.0M(21.0M)->0.0B(21.0M) Survivors: 4096.0K->4096.0K Heap: 384.8M(512.0M)->360.7M(512.0M)]
 [Times: user=0.06 sys=0.00, real=0.00 secs] 
2020-11-15T19:00:39.139+0800: 1.055: [GC pause (G1 Humongous Allocation) (young) (initial-mark), 0.0015044 secs]
   [Parallel Time: 1.1 ms, GC Workers: 10]
      [GC Worker Start (ms): Min: 1055.5, Avg: 1055.5, Max: 1055.5, Diff: 0.0]
      [Ext Root Scanning (ms): Min: 0.1, Avg: 0.1, Max: 0.1, Diff: 0.0, Sum: 1.1]
      [Update RS (ms): Min: 0.0, Avg: 0.0, Max: 0.2, Diff: 0.1, Sum: 0.5]
         [Processed Buffers: Min: 1, Avg: 1.1, Max: 2, Diff: 1, Sum: 11]
      [Scan RS (ms): Min: 0.0, Avg: 0.0, Max: 0.0, Diff: 0.0, Sum: 0.0]
      [Code Root Scanning (ms): Min: 0.0, Avg: 0.0, Max: 0.0, Diff: 0.0, Sum: 0.0]
      [Object Copy (ms): Min: 0.6, Avg: 0.7, Max: 0.8, Diff: 0.2, Sum: 7.3]
      [Termination (ms): Min: 0.0, Avg: 0.1, Max: 0.2, Diff: 0.2, Sum: 0.8]
         [Termination Attempts: Min: 1, Avg: 1.0, Max: 1, Diff: 0, Sum: 10]
      [GC Worker Other (ms): Min: 0.0, Avg: 0.0, Max: 0.0, Diff: 0.0, Sum: 0.1]
      [GC Worker Total (ms): Min: 0.9, Avg: 1.0, Max: 1.0, Diff: 0.0, Sum: 9.6]
      [GC Worker End (ms): Min: 1056.4, Avg: 1056.4, Max: 1056.4, Diff: 0.0]
   [Code Root Fixup: 0.0 ms]
   [Code Root Purge: 0.0 ms]
   [Clear CT: 0.1 ms]
   [Other: 0.3 ms]
      [Choose CSet: 0.0 ms]
      [Ref Proc: 0.1 ms]
      [Ref Enq: 0.0 ms]
      [Redirty Cards: 0.1 ms]
      [Humongous Register: 0.1 ms]
      [Humongous Reclaim: 0.0 ms]
      [Free CSet: 0.0 ms]
   [Eden: 3072.0K(21.0M)->0.0B(24.0M) Survivors: 4096.0K->1024.0K Heap: 363.4M(512.0M)->360.9M(512.0M)]
 [Times: user=0.00 sys=0.00, real=0.00 secs] 
2020-11-15T19:00:39.141+0800: 1.057: [GC concurrent-root-region-scan-start]
2020-11-15T19:00:39.141+0800: 1.057: [GC concurrent-root-region-scan-end, 0.0001027 secs]
2020-11-15T19:00:39.141+0800: 1.057: [GC concurrent-mark-start]
2020-11-15T19:00:39.143+0800: 1.059: [GC concurrent-mark-end, 0.0019586 secs]
2020-11-15T19:00:39.143+0800: 1.059: [GC remark 2020-11-15T19:00:39.143+0800: 1.059: [Finalize Marking, 0.0002016 secs] 2020-11-15T19:00:39.143+0800: 1.059: [GC ref-proc, 0.0000852 secs] 2020-11-15T19:00:39.143+0800: 1.059: [Unloading, 0.0005170 secs], 0.0014114 secs]
 [Times: user=0.00 sys=0.00, real=0.00 secs] 
2020-11-15T19:00:39.144+0800: 1.061: [GC cleanup 372M->372M(512M), 0.0005636 secs]
 [Times: user=0.00 sys=0.00, real=0.00 secs] 
2020-11-15T19:00:39.148+0800: 1.064: [GC pause (G1 Evacuation Pause) (young), 0.0043481 secs]
   [Parallel Time: 2.8 ms, GC Workers: 10]
      [GC Worker Start (ms): Min: 1064.4, Avg: 1064.4, Max: 1064.4, Diff: 0.1]
      [Ext Root Scanning (ms): Min: 0.1, Avg: 0.1, Max: 0.1, Diff: 0.1, Sum: 0.9]
      [Update RS (ms): Min: 0.5, Avg: 0.5, Max: 0.7, Diff: 0.2, Sum: 5.2]
         [Processed Buffers: Min: 7, Avg: 7.7, Max: 9, Diff: 2, Sum: 77]
      [Scan RS (ms): Min: 0.0, Avg: 0.0, Max: 0.0, Diff: 0.0, Sum: 0.0]
      [Code Root Scanning (ms): Min: 0.0, Avg: 0.0, Max: 0.0, Diff: 0.0, Sum: 0.0]
      [Object Copy (ms): Min: 1.5, Avg: 1.7, Max: 1.8, Diff: 0.3, Sum: 16.8]
      [Termination (ms): Min: 0.0, Avg: 0.1, Max: 0.1, Diff: 0.1, Sum: 0.8]
         [Termination Attempts: Min: 1, Avg: 1.0, Max: 1, Diff: 0, Sum: 10]
      [GC Worker Other (ms): Min: 0.0, Avg: 0.0, Max: 0.0, Diff: 0.0, Sum: 0.1]
      [GC Worker Total (ms): Min: 2.3, Avg: 2.4, Max: 2.4, Diff: 0.1, Sum: 23.8]
      [GC Worker End (ms): Min: 1066.8, Avg: 1066.8, Max: 1066.8, Diff: 0.0]
   [Code Root Fixup: 0.0 ms]
   [Code Root Purge: 0.0 ms]
   [Clear CT: 0.7 ms]
   [Other: 0.8 ms]
      [Choose CSet: 0.0 ms]
      [Ref Proc: 0.4 ms]
      [Ref Enq: 0.0 ms]
      [Redirty Cards: 0.3 ms]
      [Humongous Register: 0.1 ms]
      [Humongous Reclaim: 0.0 ms]
      [Free CSet: 0.0 ms]
   [Eden: 24.0M(24.0M)->0.0B(21.0M) Survivors: 1024.0K->4096.0K Heap: 393.4M(512.0M)->370.3M(512.0M)]
 [Times: user=0.00 sys=0.00, real=0.00 secs] 
Heap
 garbage-first heap   total 524288K, used 405641K [0x00000000e0000000, 0x00000000e0101000, 0x0000000100000000)
  region size 1024K, 25 young (25600K), 4 survivors (4096K)
 Metaspace       used 2645K, capacity 4486K, committed 4864K, reserved 1056768K
  class space    used 292K, capacity 386K, committed 512K, reserved 1048576K
