Java HotSpot(TM) 64-Bit Server VM (25.221-b11) for windows-amd64 JRE (1.8.0_221-b11), built on Jul  4 2019 04:39:29 by "java_re" with MS VC++ 10.0 (VS2010)
Memory: 4k page, physical 8191824k(2302956k free), swap 16224012k(3122000k free)
CommandLine flags: -XX:InitialHeapSize=1073741824 -XX:MaxHeapSize=1073741824 -XX:+PrintGC -XX:+PrintGCDateStamps -XX:+PrintGCDetails -XX:+PrintGCTimeStamps -XX:+UseCompressedClassPointers -XX:+UseCompressedOops -XX:+UseG1GC -XX:-UseLargePagesIndividualAllocation 
2020-11-15T19:00:39.365+0800: 0.111: [GC pause (G1 Evacuation Pause) (young), 0.0059353 secs]
   [Parallel Time: 4.1 ms, GC Workers: 10]
      [GC Worker Start (ms): Min: 110.7, Avg: 110.8, Max: 110.9, Diff: 0.1]
      [Ext Root Scanning (ms): Min: 0.1, Avg: 0.1, Max: 0.2, Diff: 0.1, Sum: 1.4]
      [Update RS (ms): Min: 0.0, Avg: 0.0, Max: 0.0, Diff: 0.0, Sum: 0.0]
         [Processed Buffers: Min: 0, Avg: 0.0, Max: 0, Diff: 0, Sum: 0]
      [Scan RS (ms): Min: 0.0, Avg: 0.0, Max: 0.0, Diff: 0.0, Sum: 0.0]
      [Code Root Scanning (ms): Min: 0.0, Avg: 0.0, Max: 0.0, Diff: 0.0, Sum: 0.0]
      [Object Copy (ms): Min: 3.1, Avg: 3.3, Max: 3.4, Diff: 0.3, Sum: 32.8]
      [Termination (ms): Min: 0.0, Avg: 0.1, Max: 0.3, Diff: 0.3, Sum: 1.2]
         [Termination Attempts: Min: 1, Avg: 1.0, Max: 1, Diff: 0, Sum: 10]
      [GC Worker Other (ms): Min: 0.0, Avg: 0.0, Max: 0.0, Diff: 0.0, Sum: 0.2]
      [GC Worker Total (ms): Min: 3.5, Avg: 3.6, Max: 3.7, Diff: 0.1, Sum: 35.8]
      [GC Worker End (ms): Min: 114.4, Avg: 114.4, Max: 114.4, Diff: 0.0]
   [Code Root Fixup: 0.0 ms]
   [Code Root Purge: 0.0 ms]
   [Clear CT: 0.8 ms]
   [Other: 1.0 ms]
      [Choose CSet: 0.0 ms]
      [Ref Proc: 0.5 ms]
      [Ref Enq: 0.0 ms]
      [Redirty Cards: 0.4 ms]
      [Humongous Register: 0.0 ms]
      [Humongous Reclaim: 0.0 ms]
      [Free CSet: 0.0 ms]
   [Eden: 51.0M(51.0M)->0.0B(44.0M) Survivors: 0.0B->7168.0K Heap: 67.0M(1024.0M)->29.8M(1024.0M)]
 [Times: user=0.00 sys=0.02, real=0.01 secs] 
2020-11-15T19:00:39.383+0800: 0.129: [GC pause (G1 Evacuation Pause) (young), 0.0056149 secs]
   [Parallel Time: 4.1 ms, GC Workers: 10]
      [GC Worker Start (ms): Min: 128.7, Avg: 128.7, Max: 128.8, Diff: 0.1]
      [Ext Root Scanning (ms): Min: 0.1, Avg: 0.1, Max: 0.2, Diff: 0.1, Sum: 1.1]
      [Update RS (ms): Min: 0.0, Avg: 0.0, Max: 0.2, Diff: 0.2, Sum: 0.2]
         [Processed Buffers: Min: 0, Avg: 0.8, Max: 2, Diff: 2, Sum: 8]
      [Scan RS (ms): Min: 0.0, Avg: 0.0, Max: 0.0, Diff: 0.0, Sum: 0.1]
      [Code Root Scanning (ms): Min: 0.0, Avg: 0.0, Max: 0.0, Diff: 0.0, Sum: 0.0]
      [Object Copy (ms): Min: 3.2, Avg: 3.3, Max: 3.4, Diff: 0.2, Sum: 32.7]
      [Termination (ms): Min: 0.0, Avg: 0.1, Max: 0.2, Diff: 0.2, Sum: 1.1]
         [Termination Attempts: Min: 1, Avg: 1.1, Max: 2, Diff: 1, Sum: 11]
      [GC Worker Other (ms): Min: 0.0, Avg: 0.0, Max: 0.0, Diff: 0.0, Sum: 0.1]
      [GC Worker Total (ms): Min: 3.5, Avg: 3.5, Max: 3.6, Diff: 0.1, Sum: 35.4]
      [GC Worker End (ms): Min: 132.3, Avg: 132.3, Max: 132.3, Diff: 0.0]
   [Code Root Fixup: 0.0 ms]
   [Code Root Purge: 0.0 ms]
   [Clear CT: 0.7 ms]
   [Other: 0.8 ms]
      [Choose CSet: 0.0 ms]
      [Ref Proc: 0.4 ms]
      [Ref Enq: 0.0 ms]
      [Redirty Cards: 0.2 ms]
      [Humongous Register: 0.0 ms]
      [Humongous Reclaim: 0.0 ms]
      [Free CSet: 0.0 ms]
   [Eden: 44.0M(44.0M)->0.0B(44.0M) Survivors: 7168.0K->7168.0K Heap: 86.9M(1024.0M)->48.2M(1024.0M)]
 [Times: user=0.00 sys=0.00, real=0.01 secs] 
2020-11-15T19:00:39.398+0800: 0.143: [GC pause (G1 Evacuation Pause) (young), 0.0054509 secs]
   [Parallel Time: 4.3 ms, GC Workers: 10]
      [GC Worker Start (ms): Min: 143.3, Avg: 143.4, Max: 143.5, Diff: 0.2]
      [Ext Root Scanning (ms): Min: 0.0, Avg: 0.1, Max: 0.2, Diff: 0.2, Sum: 0.6]
      [Update RS (ms): Min: 0.4, Avg: 0.4, Max: 0.4, Diff: 0.0, Sum: 3.8]
         [Processed Buffers: Min: 4, Avg: 6.2, Max: 8, Diff: 4, Sum: 62]
      [Scan RS (ms): Min: 0.0, Avg: 0.0, Max: 0.0, Diff: 0.0, Sum: 0.0]
      [Code Root Scanning (ms): Min: 0.0, Avg: 0.0, Max: 0.0, Diff: 0.0, Sum: 0.0]
      [Object Copy (ms): Min: 3.1, Avg: 3.2, Max: 3.4, Diff: 0.3, Sum: 32.2]
      [Termination (ms): Min: 0.0, Avg: 0.1, Max: 0.3, Diff: 0.3, Sum: 1.5]
         [Termination Attempts: Min: 1, Avg: 1.0, Max: 1, Diff: 0, Sum: 10]
      [GC Worker Other (ms): Min: 0.0, Avg: 0.0, Max: 0.0, Diff: 0.0, Sum: 0.1]
      [GC Worker Total (ms): Min: 3.8, Avg: 3.8, Max: 3.9, Diff: 0.2, Sum: 38.2]
      [GC Worker End (ms): Min: 147.2, Avg: 147.2, Max: 147.2, Diff: 0.0]
   [Code Root Fixup: 0.0 ms]
   [Code Root Purge: 0.0 ms]
   [Clear CT: 0.6 ms]
   [Other: 0.6 ms]
      [Choose CSet: 0.0 ms]
      [Ref Proc: 0.3 ms]
      [Ref Enq: 0.0 ms]
      [Redirty Cards: 0.2 ms]
      [Humongous Register: 0.0 ms]
      [Humongous Reclaim: 0.0 ms]
      [Free CSet: 0.0 ms]
   [Eden: 44.0M(44.0M)->0.0B(56.0M) Survivors: 7168.0K->7168.0K Heap: 99.7M(1024.0M)->63.1M(1024.0M)]
 [Times: user=0.00 sys=0.01, real=0.01 secs] 
2020-11-15T19:00:39.417+0800: 0.162: [GC pause (G1 Evacuation Pause) (young), 0.0055734 secs]
   [Parallel Time: 4.6 ms, GC Workers: 10]
      [GC Worker Start (ms): Min: 162.2, Avg: 162.3, Max: 162.4, Diff: 0.2]
      [Ext Root Scanning (ms): Min: 0.0, Avg: 0.1, Max: 0.2, Diff: 0.2, Sum: 0.5]
      [Update RS (ms): Min: 0.4, Avg: 0.4, Max: 0.4, Diff: 0.1, Sum: 4.0]
         [Processed Buffers: Min: 5, Avg: 6.8, Max: 10, Diff: 5, Sum: 68]
      [Scan RS (ms): Min: 0.0, Avg: 0.0, Max: 0.0, Diff: 0.0, Sum: 0.0]
      [Code Root Scanning (ms): Min: 0.0, Avg: 0.0, Max: 0.0, Diff: 0.0, Sum: 0.0]
      [Object Copy (ms): Min: 3.7, Avg: 3.8, Max: 3.9, Diff: 0.2, Sum: 38.1]
      [Termination (ms): Min: 0.0, Avg: 0.1, Max: 0.2, Diff: 0.2, Sum: 1.2]
         [Termination Attempts: Min: 1, Avg: 1.0, Max: 1, Diff: 0, Sum: 10]
      [GC Worker Other (ms): Min: 0.0, Avg: 0.0, Max: 0.0, Diff: 0.0, Sum: 0.1]
      [GC Worker Total (ms): Min: 4.3, Avg: 4.4, Max: 4.5, Diff: 0.2, Sum: 44.0]
      [GC Worker End (ms): Min: 166.7, Avg: 166.7, Max: 166.7, Diff: 0.0]
   [Code Root Fixup: 0.0 ms]
   [Code Root Purge: 0.0 ms]
   [Clear CT: 0.3 ms]
   [Other: 0.6 ms]
      [Choose CSet: 0.0 ms]
      [Ref Proc: 0.2 ms]
      [Ref Enq: 0.0 ms]
      [Redirty Cards: 0.3 ms]
      [Humongous Register: 0.0 ms]
      [Humongous Reclaim: 0.0 ms]
      [Free CSet: 0.0 ms]
   [Eden: 56.0M(56.0M)->0.0B(124.0M) Survivors: 7168.0K->8192.0K Heap: 128.2M(1024.0M)->82.8M(1024.0M)]
 [Times: user=0.03 sys=0.11, real=0.01 secs] 
2020-11-15T19:00:39.469+0800: 0.214: [GC pause (G1 Evacuation Pause) (young), 0.0100669 secs]
   [Parallel Time: 8.5 ms, GC Workers: 10]
      [GC Worker Start (ms): Min: 214.2, Avg: 214.2, Max: 214.3, Diff: 0.1]
      [Ext Root Scanning (ms): Min: 0.1, Avg: 0.1, Max: 0.2, Diff: 0.1, Sum: 1.2]
      [Update RS (ms): Min: 0.1, Avg: 0.1, Max: 0.2, Diff: 0.2, Sum: 1.1]
         [Processed Buffers: Min: 1, Avg: 1.5, Max: 2, Diff: 1, Sum: 15]
      [Scan RS (ms): Min: 0.0, Avg: 0.0, Max: 0.0, Diff: 0.0, Sum: 0.1]
      [Code Root Scanning (ms): Min: 0.0, Avg: 0.0, Max: 0.0, Diff: 0.0, Sum: 0.0]
      [Object Copy (ms): Min: 7.8, Avg: 7.9, Max: 8.1, Diff: 0.3, Sum: 79.1]
      [Termination (ms): Min: 0.0, Avg: 0.1, Max: 0.3, Diff: 0.3, Sum: 1.5]
         [Termination Attempts: Min: 1, Avg: 1.0, Max: 1, Diff: 0, Sum: 10]
      [GC Worker Other (ms): Min: 0.0, Avg: 0.0, Max: 0.0, Diff: 0.0, Sum: 0.2]
      [GC Worker Total (ms): Min: 8.3, Avg: 8.3, Max: 8.4, Diff: 0.1, Sum: 83.2]
      [GC Worker End (ms): Min: 222.6, Avg: 222.6, Max: 222.6, Diff: 0.0]
   [Code Root Fixup: 0.0 ms]
   [Code Root Purge: 0.0 ms]
   [Clear CT: 0.7 ms]
   [Other: 1.0 ms]
      [Choose CSet: 0.0 ms]
      [Ref Proc: 0.2 ms]
      [Ref Enq: 0.0 ms]
      [Redirty Cards: 0.5 ms]
      [Humongous Register: 0.0 ms]
      [Humongous Reclaim: 0.1 ms]
      [Free CSet: 0.1 ms]
   [Eden: 124.0M(124.0M)->0.0B(99.0M) Survivors: 8192.0K->17.0M Heap: 241.9M(1024.0M)->130.4M(1024.0M)]
 [Times: user=0.00 sys=0.00, real=0.01 secs] 
2020-11-15T19:00:39.499+0800: 0.244: [GC pause (G1 Evacuation Pause) (young), 0.0102353 secs]
   [Parallel Time: 8.9 ms, GC Workers: 10]
      [GC Worker Start (ms): Min: 244.6, Avg: 244.7, Max: 244.7, Diff: 0.1]
      [Ext Root Scanning (ms): Min: 0.0, Avg: 0.1, Max: 0.2, Diff: 0.1, Sum: 1.0]
      [Update RS (ms): Min: 0.1, Avg: 0.2, Max: 0.6, Diff: 0.6, Sum: 1.6]
         [Processed Buffers: Min: 0, Avg: 1.5, Max: 2, Diff: 2, Sum: 15]
      [Scan RS (ms): Min: 0.0, Avg: 0.0, Max: 0.0, Diff: 0.0, Sum: 0.1]
      [Code Root Scanning (ms): Min: 0.0, Avg: 0.0, Max: 0.0, Diff: 0.0, Sum: 0.0]
      [Object Copy (ms): Min: 7.8, Avg: 8.3, Max: 8.5, Diff: 0.7, Sum: 83.0]
      [Termination (ms): Min: 0.0, Avg: 0.1, Max: 0.2, Diff: 0.2, Sum: 1.3]
         [Termination Attempts: Min: 1, Avg: 1.0, Max: 1, Diff: 0, Sum: 10]
      [GC Worker Other (ms): Min: 0.0, Avg: 0.0, Max: 0.0, Diff: 0.0, Sum: 0.1]
      [GC Worker Total (ms): Min: 8.6, Avg: 8.7, Max: 8.8, Diff: 0.1, Sum: 87.0]
      [GC Worker End (ms): Min: 253.4, Avg: 253.4, Max: 253.4, Diff: 0.0]
   [Code Root Fixup: 0.0 ms]
   [Code Root Purge: 0.0 ms]
   [Clear CT: 0.6 ms]
   [Other: 0.8 ms]
      [Choose CSet: 0.0 ms]
      [Ref Proc: 0.1 ms]
      [Ref Enq: 0.0 ms]
      [Redirty Cards: 0.3 ms]
      [Humongous Register: 0.1 ms]
      [Humongous Reclaim: 0.1 ms]
      [Free CSet: 0.1 ms]
   [Eden: 99.0M(99.0M)->0.0B(148.0M) Survivors: 17.0M->15.0M Heap: 248.3M(1024.0M)->164.6M(1024.0M)]
 [Times: user=0.00 sys=0.00, real=0.01 secs] 
2020-11-15T19:00:39.547+0800: 0.293: [GC pause (G1 Evacuation Pause) (young), 0.0120658 secs]
   [Parallel Time: 10.9 ms, GC Workers: 10]
      [GC Worker Start (ms): Min: 292.8, Avg: 292.8, Max: 292.8, Diff: 0.1]
      [Ext Root Scanning (ms): Min: 0.1, Avg: 0.1, Max: 0.1, Diff: 0.1, Sum: 0.9]
      [Update RS (ms): Min: 0.1, Avg: 0.1, Max: 0.3, Diff: 0.2, Sum: 1.2]
         [Processed Buffers: Min: 0, Avg: 1.6, Max: 2, Diff: 2, Sum: 16]
      [Scan RS (ms): Min: 0.0, Avg: 0.0, Max: 0.0, Diff: 0.0, Sum: 0.1]
      [Code Root Scanning (ms): Min: 0.0, Avg: 0.0, Max: 0.0, Diff: 0.0, Sum: 0.0]
      [Object Copy (ms): Min: 10.4, Avg: 10.5, Max: 10.6, Diff: 0.2, Sum: 105.2]
      [Termination (ms): Min: 0.0, Avg: 0.1, Max: 0.2, Diff: 0.2, Sum: 0.9]
         [Termination Attempts: Min: 1, Avg: 1.0, Max: 1, Diff: 0, Sum: 10]
      [GC Worker Other (ms): Min: 0.0, Avg: 0.0, Max: 0.0, Diff: 0.0, Sum: 0.2]
      [GC Worker Total (ms): Min: 10.8, Avg: 10.9, Max: 10.9, Diff: 0.1, Sum: 108.6]
      [GC Worker End (ms): Min: 303.6, Avg: 303.7, Max: 303.7, Diff: 0.0]
   [Code Root Fixup: 0.0 ms]
   [Code Root Purge: 0.0 ms]
   [Clear CT: 0.3 ms]
   [Other: 0.8 ms]
      [Choose CSet: 0.0 ms]
      [Ref Proc: 0.2 ms]
      [Ref Enq: 0.0 ms]
      [Redirty Cards: 0.1 ms]
      [Humongous Register: 0.1 ms]
      [Humongous Reclaim: 0.1 ms]
      [Free CSet: 0.2 ms]
   [Eden: 148.0M(148.0M)->0.0B(173.0M) Survivors: 15.0M->21.0M Heap: 355.6M(1024.0M)->215.5M(1024.0M)]
 [Times: user=0.03 sys=0.00, real=0.01 secs] 
2020-11-15T19:00:39.598+0800: 0.343: [GC pause (G1 Evacuation Pause) (young), 0.0157410 secs]
   [Parallel Time: 14.2 ms, GC Workers: 10]
      [GC Worker Start (ms): Min: 343.4, Avg: 343.5, Max: 343.5, Diff: 0.2]
      [Ext Root Scanning (ms): Min: 0.0, Avg: 0.1, Max: 0.2, Diff: 0.2, Sum: 0.6]
      [Update RS (ms): Min: 0.1, Avg: 0.2, Max: 0.3, Diff: 0.1, Sum: 1.6]
         [Processed Buffers: Min: 0, Avg: 2.2, Max: 4, Diff: 4, Sum: 22]
      [Scan RS (ms): Min: 0.0, Avg: 0.0, Max: 0.0, Diff: 0.0, Sum: 0.2]
      [Code Root Scanning (ms): Min: 0.0, Avg: 0.0, Max: 0.0, Diff: 0.0, Sum: 0.0]
      [Object Copy (ms): Min: 13.2, Avg: 13.3, Max: 13.6, Diff: 0.5, Sum: 133.3]
      [Termination (ms): Min: 0.0, Avg: 0.3, Max: 0.5, Diff: 0.5, Sum: 2.8]
         [Termination Attempts: Min: 1, Avg: 1.0, Max: 1, Diff: 0, Sum: 10]
      [GC Worker Other (ms): Min: 0.0, Avg: 0.0, Max: 0.0, Diff: 0.0, Sum: 0.2]
      [GC Worker Total (ms): Min: 13.8, Avg: 13.9, Max: 14.0, Diff: 0.2, Sum: 138.8]
      [GC Worker End (ms): Min: 357.3, Avg: 357.3, Max: 357.4, Diff: 0.0]
   [Code Root Fixup: 0.0 ms]
   [Code Root Purge: 0.0 ms]
   [Clear CT: 0.3 ms]
   [Other: 1.3 ms]
      [Choose CSet: 0.0 ms]
      [Ref Proc: 0.2 ms]
      [Ref Enq: 0.0 ms]
      [Redirty Cards: 0.7 ms]
      [Humongous Register: 0.1 ms]
      [Humongous Reclaim: 0.1 ms]
      [Free CSet: 0.1 ms]
   [Eden: 173.0M(173.0M)->0.0B(193.0M) Survivors: 21.0M->25.0M Heap: 434.0M(1024.0M)->274.5M(1024.0M)]
 [Times: user=0.16 sys=0.00, real=0.02 secs] 
2020-11-15T19:00:39.656+0800: 0.402: [GC pause (G1 Evacuation Pause) (young), 0.0239596 secs]
   [Parallel Time: 23.1 ms, GC Workers: 10]
      [GC Worker Start (ms): Min: 402.1, Avg: 402.2, Max: 402.2, Diff: 0.1]
      [Ext Root Scanning (ms): Min: 0.1, Avg: 0.1, Max: 0.2, Diff: 0.1, Sum: 0.9]
      [Update RS (ms): Min: 0.1, Avg: 0.2, Max: 0.8, Diff: 0.6, Sum: 2.0]
         [Processed Buffers: Min: 0, Avg: 2.0, Max: 3, Diff: 3, Sum: 20]
      [Scan RS (ms): Min: 0.0, Avg: 0.0, Max: 0.0, Diff: 0.0, Sum: 0.2]
      [Code Root Scanning (ms): Min: 0.0, Avg: 0.0, Max: 0.0, Diff: 0.0, Sum: 0.0]
      [Object Copy (ms): Min: 21.6, Avg: 22.4, Max: 22.7, Diff: 1.1, Sum: 224.1]
      [Termination (ms): Min: 0.0, Avg: 0.2, Max: 0.5, Diff: 0.5, Sum: 2.0]
         [Termination Attempts: Min: 1, Avg: 1.0, Max: 1, Diff: 0, Sum: 10]
      [GC Worker Other (ms): Min: 0.0, Avg: 0.0, Max: 0.1, Diff: 0.0, Sum: 0.4]
      [GC Worker Total (ms): Min: 22.9, Avg: 23.0, Max: 23.0, Diff: 0.1, Sum: 229.6]
      [GC Worker End (ms): Min: 425.1, Avg: 425.1, Max: 425.2, Diff: 0.0]
   [Code Root Fixup: 0.0 ms]
   [Code Root Purge: 0.0 ms]
   [Clear CT: 0.1 ms]
   [Other: 0.7 ms]
      [Choose CSet: 0.0 ms]
      [Ref Proc: 0.2 ms]
      [Ref Enq: 0.0 ms]
      [Redirty Cards: 0.1 ms]
      [Humongous Register: 0.1 ms]
      [Humongous Reclaim: 0.1 ms]
      [Free CSet: 0.1 ms]
   [Eden: 193.0M(193.0M)->0.0B(405.0M) Survivors: 25.0M->28.0M Heap: 519.8M(1024.0M)->340.3M(1024.0M)]
 [Times: user=0.09 sys=0.06, real=0.02 secs] 
2020-11-15T19:00:39.750+0800: 0.495: [GC pause (G1 Humongous Allocation) (young) (initial-mark), 0.0272970 secs]
   [Parallel Time: 25.5 ms, GC Workers: 10]
      [GC Worker Start (ms): Min: 495.5, Avg: 495.5, Max: 495.6, Diff: 0.1]
      [Ext Root Scanning (ms): Min: 0.1, Avg: 0.1, Max: 0.1, Diff: 0.1, Sum: 1.0]
      [Update RS (ms): Min: 0.1, Avg: 0.2, Max: 0.6, Diff: 0.5, Sum: 1.7]
         [Processed Buffers: Min: 0, Avg: 1.9, Max: 3, Diff: 3, Sum: 19]
      [Scan RS (ms): Min: 0.0, Avg: 0.0, Max: 0.1, Diff: 0.1, Sum: 0.2]
      [Code Root Scanning (ms): Min: 0.0, Avg: 0.0, Max: 0.0, Diff: 0.0, Sum: 0.0]
      [Object Copy (ms): Min: 24.5, Avg: 24.7, Max: 25.0, Diff: 0.5, Sum: 247.4]
      [Termination (ms): Min: 0.0, Avg: 0.2, Max: 0.4, Diff: 0.4, Sum: 2.4]
         [Termination Attempts: Min: 1, Avg: 1.4, Max: 2, Diff: 1, Sum: 14]
      [GC Worker Other (ms): Min: 0.0, Avg: 0.0, Max: 0.1, Diff: 0.1, Sum: 0.4]
      [GC Worker Total (ms): Min: 25.3, Avg: 25.3, Max: 25.4, Diff: 0.1, Sum: 252.9]
      [GC Worker End (ms): Min: 520.8, Avg: 520.8, Max: 520.9, Diff: 0.1]
   [Code Root Fixup: 0.0 ms]
   [Code Root Purge: 0.0 ms]
   [Clear CT: 0.6 ms]
   [Other: 1.2 ms]
      [Choose CSet: 0.0 ms]
      [Ref Proc: 0.2 ms]
      [Ref Enq: 0.0 ms]
      [Redirty Cards: 0.5 ms]
      [Humongous Register: 0.1 ms]
      [Humongous Reclaim: 0.1 ms]
      [Free CSet: 0.1 ms]
   [Eden: 251.0M(405.0M)->0.0B(236.0M) Survivors: 28.0M->55.0M Heap: 661.2M(1024.0M)->421.0M(1024.0M)]
 [Times: user=0.05 sys=0.11, real=0.03 secs] 
2020-11-15T19:00:39.777+0800: 0.523: [GC concurrent-root-region-scan-start]
2020-11-15T19:00:39.778+0800: 0.523: [GC concurrent-root-region-scan-end, 0.0001784 secs]
2020-11-15T19:00:39.778+0800: 0.523: [GC concurrent-mark-start]
2020-11-15T19:00:39.779+0800: 0.524: [GC concurrent-mark-end, 0.0015163 secs]
2020-11-15T19:00:39.779+0800: 0.525: [GC remark 2020-11-15T19:00:39.779+0800: 0.525: [Finalize Marking, 0.0000924 secs] 2020-11-15T19:00:39.779+0800: 0.525: [GC ref-proc, 0.0001333 secs] 2020-11-15T19:00:39.780+0800: 0.525: [Unloading, 0.0003810 secs], 0.0010358 secs]
 [Times: user=0.00 sys=0.00, real=0.00 secs] 
2020-11-15T19:00:39.780+0800: 0.526: [GC cleanup 430M->418M(1024M), 0.0005019 secs]
 [Times: user=0.00 sys=0.00, real=0.00 secs] 
2020-11-15T19:00:39.781+0800: 0.526: [GC concurrent-cleanup-start]
2020-11-15T19:00:39.781+0800: 0.526: [GC concurrent-cleanup-end, 0.0000129 secs]
2020-11-15T19:00:39.834+0800: 0.580: [GC pause (G1 Evacuation Pause) (young), 0.0287507 secs]
   [Parallel Time: 27.4 ms, GC Workers: 10]
      [GC Worker Start (ms): Min: 579.8, Avg: 579.9, Max: 579.9, Diff: 0.1]
      [Ext Root Scanning (ms): Min: 0.1, Avg: 0.1, Max: 0.1, Diff: 0.1, Sum: 1.0]
      [Update RS (ms): Min: 0.2, Avg: 0.2, Max: 0.8, Diff: 0.6, Sum: 2.4]
         [Processed Buffers: Min: 0, Avg: 2.5, Max: 4, Diff: 4, Sum: 25]
      [Scan RS (ms): Min: 0.0, Avg: 0.0, Max: 0.0, Diff: 0.0, Sum: 0.2]
      [Code Root Scanning (ms): Min: 0.0, Avg: 0.0, Max: 0.0, Diff: 0.0, Sum: 0.0]
      [Object Copy (ms): Min: 26.0, Avg: 26.6, Max: 26.9, Diff: 0.9, Sum: 265.9]
      [Termination (ms): Min: 0.0, Avg: 0.3, Max: 0.4, Diff: 0.4, Sum: 2.5]
         [Termination Attempts: Min: 1, Avg: 1.5, Max: 2, Diff: 1, Sum: 15]
      [GC Worker Other (ms): Min: 0.0, Avg: 0.0, Max: 0.0, Diff: 0.0, Sum: 0.3]
      [GC Worker Total (ms): Min: 27.2, Avg: 27.2, Max: 27.3, Diff: 0.1, Sum: 272.3]
      [GC Worker End (ms): Min: 607.1, Avg: 607.1, Max: 607.1, Diff: 0.0]
   [Code Root Fixup: 0.0 ms]
   [Code Root Purge: 0.0 ms]
   [Clear CT: 0.4 ms]
   [Other: 1.0 ms]
      [Choose CSet: 0.0 ms]
      [Ref Proc: 0.1 ms]
      [Ref Enq: 0.0 ms]
      [Redirty Cards: 0.3 ms]
      [Humongous Register: 0.1 ms]
      [Humongous Reclaim: 0.2 ms]
      [Free CSet: 0.2 ms]
   [Eden: 236.0M(236.0M)->0.0B(14.0M) Survivors: 55.0M->37.0M Heap: 708.9M(1024.0M)->476.5M(1024.0M)]
 [Times: user=0.16 sys=0.16, real=0.03 secs] 
2020-11-15T19:00:39.866+0800: 0.612: [GC pause (G1 Evacuation Pause) (mixed), 0.0129715 secs]
   [Parallel Time: 12.1 ms, GC Workers: 10]
      [GC Worker Start (ms): Min: 611.8, Avg: 611.8, Max: 611.9, Diff: 0.1]
      [Ext Root Scanning (ms): Min: 0.0, Avg: 0.1, Max: 0.2, Diff: 0.1, Sum: 1.2]
      [Update RS (ms): Min: 0.1, Avg: 0.2, Max: 0.6, Diff: 0.5, Sum: 2.0]
         [Processed Buffers: Min: 0, Avg: 2.1, Max: 3, Diff: 3, Sum: 21]
      [Scan RS (ms): Min: 0.0, Avg: 0.0, Max: 0.1, Diff: 0.1, Sum: 0.3]
      [Code Root Scanning (ms): Min: 0.0, Avg: 0.0, Max: 0.0, Diff: 0.0, Sum: 0.0]
      [Object Copy (ms): Min: 11.1, Avg: 11.5, Max: 11.6, Diff: 0.5, Sum: 114.8]
      [Termination (ms): Min: 0.0, Avg: 0.1, Max: 0.2, Diff: 0.2, Sum: 0.9]
         [Termination Attempts: Min: 1, Avg: 1.6, Max: 4, Diff: 3, Sum: 16]
      [GC Worker Other (ms): Min: 0.0, Avg: 0.0, Max: 0.0, Diff: 0.0, Sum: 0.1]
      [GC Worker Total (ms): Min: 11.9, Avg: 11.9, Max: 12.0, Diff: 0.1, Sum: 119.3]
      [GC Worker End (ms): Min: 623.8, Avg: 623.8, Max: 623.8, Diff: 0.0]
   [Code Root Fixup: 0.0 ms]
   [Code Root Purge: 0.0 ms]
   [Clear CT: 0.2 ms]
   [Other: 0.7 ms]
      [Choose CSet: 0.0 ms]
      [Ref Proc: 0.1 ms]
      [Ref Enq: 0.0 ms]
      [Redirty Cards: 0.1 ms]
      [Humongous Register: 0.1 ms]
      [Humongous Reclaim: 0.1 ms]
      [Free CSet: 0.2 ms]
   [Eden: 14.0M(14.0M)->0.0B(346.0M) Survivors: 37.0M->6144.0K Heap: 493.0M(1024.0M)->408.4M(1024.0M)]
 [Times: user=0.13 sys=0.03, real=0.01 secs] 
2020-11-15T19:00:39.881+0800: 0.626: [GC pause (G1 Humongous Allocation) (young) (initial-mark), 0.0021041 secs]
   [Parallel Time: 1.5 ms, GC Workers: 10]
      [GC Worker Start (ms): Min: 626.3, Avg: 626.4, Max: 626.4, Diff: 0.1]
      [Ext Root Scanning (ms): Min: 0.1, Avg: 0.1, Max: 0.2, Diff: 0.1, Sum: 1.0]
      [Update RS (ms): Min: 0.1, Avg: 0.1, Max: 0.3, Diff: 0.2, Sum: 1.5]
         [Processed Buffers: Min: 1, Avg: 2.0, Max: 3, Diff: 2, Sum: 20]
      [Scan RS (ms): Min: 0.0, Avg: 0.0, Max: 0.0, Diff: 0.0, Sum: 0.0]
      [Code Root Scanning (ms): Min: 0.0, Avg: 0.0, Max: 0.0, Diff: 0.0, Sum: 0.0]
      [Object Copy (ms): Min: 0.8, Avg: 1.0, Max: 1.1, Diff: 0.3, Sum: 9.7]
      [Termination (ms): Min: 0.0, Avg: 0.1, Max: 0.2, Diff: 0.2, Sum: 1.1]
         [Termination Attempts: Min: 1, Avg: 1.0, Max: 1, Diff: 0, Sum: 10]
      [GC Worker Other (ms): Min: 0.0, Avg: 0.0, Max: 0.0, Diff: 0.0, Sum: 0.1]
      [GC Worker Total (ms): Min: 1.3, Avg: 1.3, Max: 1.4, Diff: 0.1, Sum: 13.4]
      [GC Worker End (ms): Min: 627.7, Avg: 627.7, Max: 627.7, Diff: 0.0]
   [Code Root Fixup: 0.0 ms]
   [Code Root Purge: 0.0 ms]
   [Clear CT: 0.2 ms]
   [Other: 0.4 ms]
      [Choose CSet: 0.0 ms]
      [Ref Proc: 0.1 ms]
      [Ref Enq: 0.0 ms]
      [Redirty Cards: 0.1 ms]
      [Humongous Register: 0.1 ms]
      [Humongous Reclaim: 0.0 ms]
      [Free CSet: 0.0 ms]
   [Eden: 7168.0K(346.0M)->0.0B(312.0M) Survivors: 6144.0K->8192.0K Heap: 415.7M(1024.0M)->409.3M(1024.0M)]
 [Times: user=0.00 sys=0.00, real=0.00 secs] 
2020-11-15T19:00:39.883+0800: 0.628: [GC concurrent-root-region-scan-start]
2020-11-15T19:00:39.883+0800: 0.628: [GC concurrent-root-region-scan-end, 0.0000561 secs]
2020-11-15T19:00:39.883+0800: 0.628: [GC concurrent-mark-start]
2020-11-15T19:00:39.885+0800: 0.630: [GC concurrent-mark-end, 0.0013180 secs]
2020-11-15T19:00:39.885+0800: 0.630: [GC remark 2020-11-15T19:00:39.885+0800: 0.630: [Finalize Marking, 0.0001494 secs] 2020-11-15T19:00:39.885+0800: 0.630: [GC ref-proc, 0.0000811 secs] 2020-11-15T19:00:39.885+0800: 0.630: [Unloading, 0.0004142 secs], 0.0011783 secs]
 [Times: user=0.00 sys=0.00, real=0.00 secs] 
2020-11-15T19:00:39.886+0800: 0.631: [GC cleanup 416M->411M(1024M), 0.0006003 secs]
 [Times: user=0.00 sys=0.00, real=0.00 secs] 
2020-11-15T19:00:39.886+0800: 0.632: [GC concurrent-cleanup-start]
2020-11-15T19:00:39.886+0800: 0.632: [GC concurrent-cleanup-end, 0.0000085 secs]
2020-11-15T19:00:39.951+0800: 0.696: [GC pause (G1 Evacuation Pause) (young), 0.0259410 secs]
   [Parallel Time: 24.5 ms, GC Workers: 10]
      [GC Worker Start (ms): Min: 696.7, Avg: 696.8, Max: 696.8, Diff: 0.2]
      [Ext Root Scanning (ms): Min: 0.0, Avg: 0.1, Max: 0.2, Diff: 0.2, Sum: 0.9]
      [Update RS (ms): Min: 0.1, Avg: 0.3, Max: 2.0, Diff: 1.9, Sum: 3.4]
         [Processed Buffers: Min: 0, Avg: 2.2, Max: 4, Diff: 4, Sum: 22]
      [Scan RS (ms): Min: 0.0, Avg: 0.0, Max: 0.0, Diff: 0.0, Sum: 0.4]
      [Code Root Scanning (ms): Min: 0.0, Avg: 0.0, Max: 0.0, Diff: 0.0, Sum: 0.0]
      [Object Copy (ms): Min: 22.2, Avg: 23.7, Max: 24.0, Diff: 1.9, Sum: 236.7]
      [Termination (ms): Min: 0.0, Avg: 0.2, Max: 0.3, Diff: 0.3, Sum: 1.9]
         [Termination Attempts: Min: 1, Avg: 1.4, Max: 2, Diff: 1, Sum: 14]
      [GC Worker Other (ms): Min: 0.0, Avg: 0.0, Max: 0.1, Diff: 0.0, Sum: 0.3]
      [GC Worker Total (ms): Min: 24.3, Avg: 24.4, Max: 24.4, Diff: 0.2, Sum: 243.5]
      [GC Worker End (ms): Min: 721.1, Avg: 721.1, Max: 721.1, Diff: 0.0]
   [Code Root Fixup: 0.0 ms]
   [Code Root Purge: 0.0 ms]
   [Clear CT: 0.1 ms]
   [Other: 1.3 ms]
      [Choose CSet: 0.0 ms]
      [Ref Proc: 0.1 ms]
      [Ref Enq: 0.0 ms]
      [Redirty Cards: 0.0 ms]
      [Humongous Register: 0.1 ms]
      [Humongous Reclaim: 0.4 ms]
      [Free CSet: 0.5 ms]
   [Eden: 312.0M(312.0M)->0.0B(11.0M) Survivors: 8192.0K->40.0M Heap: 790.1M(1024.0M)->488.3M(1024.0M)]
 [Times: user=0.03 sys=0.11, real=0.03 secs] 
2020-11-15T19:00:39.980+0800: 0.725: [GC pause (G1 Evacuation Pause) (mixed), 0.0122526 secs]
   [Parallel Time: 11.4 ms, GC Workers: 10]
      [GC Worker Start (ms): Min: 725.2, Avg: 725.3, Max: 725.3, Diff: 0.1]
      [Ext Root Scanning (ms): Min: 0.0, Avg: 0.1, Max: 0.2, Diff: 0.1, Sum: 0.7]
      [Update RS (ms): Min: 0.1, Avg: 0.2, Max: 0.5, Diff: 0.4, Sum: 2.0]
         [Processed Buffers: Min: 0, Avg: 2.5, Max: 3, Diff: 3, Sum: 25]
      [Scan RS (ms): Min: 0.0, Avg: 0.0, Max: 0.2, Diff: 0.2, Sum: 0.3]
      [Code Root Scanning (ms): Min: 0.0, Avg: 0.0, Max: 0.0, Diff: 0.0, Sum: 0.0]
      [Object Copy (ms): Min: 10.4, Avg: 10.7, Max: 10.9, Diff: 0.5, Sum: 107.5]
      [Termination (ms): Min: 0.0, Avg: 0.1, Max: 0.3, Diff: 0.3, Sum: 1.3]
         [Termination Attempts: Min: 1, Avg: 1.0, Max: 1, Diff: 0, Sum: 10]
      [GC Worker Other (ms): Min: 0.0, Avg: 0.0, Max: 0.0, Diff: 0.0, Sum: 0.1]
      [GC Worker Total (ms): Min: 11.1, Avg: 11.2, Max: 11.3, Diff: 0.1, Sum: 111.9]
      [GC Worker End (ms): Min: 736.5, Avg: 736.5, Max: 736.5, Diff: 0.0]
   [Code Root Fixup: 0.0 ms]
   [Code Root Purge: 0.0 ms]
   [Clear CT: 0.1 ms]
   [Other: 0.7 ms]
      [Choose CSet: 0.0 ms]
      [Ref Proc: 0.2 ms]
      [Ref Enq: 0.0 ms]
      [Redirty Cards: 0.2 ms]
      [Humongous Register: 0.1 ms]
      [Humongous Reclaim: 0.0 ms]
      [Free CSet: 0.1 ms]
   [Eden: 11.0M(11.0M)->0.0B(292.0M) Survivors: 40.0M->5120.0K Heap: 502.5M(1024.0M)->448.8M(1024.0M)]
 [Times: user=0.14 sys=0.02, real=0.01 secs] 
2020-11-15T19:00:39.992+0800: 0.738: [GC pause (G1 Humongous Allocation) (young) (initial-mark), 0.0014582 secs]
   [Parallel Time: 1.0 ms, GC Workers: 10]
      [GC Worker Start (ms): Min: 737.9, Avg: 737.9, Max: 737.9, Diff: 0.0]
      [Ext Root Scanning (ms): Min: 0.1, Avg: 0.1, Max: 0.1, Diff: 0.0, Sum: 1.1]
      [Update RS (ms): Min: 0.0, Avg: 0.1, Max: 0.2, Diff: 0.1, Sum: 0.9]
         [Processed Buffers: Min: 1, Avg: 1.1, Max: 2, Diff: 1, Sum: 11]
      [Scan RS (ms): Min: 0.0, Avg: 0.0, Max: 0.0, Diff: 0.0, Sum: 0.0]
      [Code Root Scanning (ms): Min: 0.0, Avg: 0.0, Max: 0.0, Diff: 0.0, Sum: 0.0]
      [Object Copy (ms): Min: 0.4, Avg: 0.6, Max: 0.7, Diff: 0.3, Sum: 5.8]
      [Termination (ms): Min: 0.0, Avg: 0.1, Max: 0.3, Diff: 0.3, Sum: 0.8]
         [Termination Attempts: Min: 1, Avg: 1.0, Max: 1, Diff: 0, Sum: 10]
      [GC Worker Other (ms): Min: 0.0, Avg: 0.0, Max: 0.0, Diff: 0.0, Sum: 0.1]
      [GC Worker Total (ms): Min: 0.8, Avg: 0.9, Max: 0.9, Diff: 0.0, Sum: 8.7]
      [GC Worker End (ms): Min: 738.8, Avg: 738.8, Max: 738.8, Diff: 0.0]
   [Code Root Fixup: 0.0 ms]
   [Code Root Purge: 0.0 ms]
   [Clear CT: 0.1 ms]
   [Other: 0.4 ms]
      [Choose CSet: 0.0 ms]
      [Ref Proc: 0.1 ms]
      [Ref Enq: 0.0 ms]
      [Redirty Cards: 0.1 ms]
      [Humongous Register: 0.1 ms]
      [Humongous Reclaim: 0.0 ms]
      [Free CSet: 0.0 ms]
   [Eden: 1024.0K(292.0M)->0.0B(304.0M) Survivors: 5120.0K->5120.0K Heap: 449.6M(1024.0M)->448.4M(1024.0M)]
 [Times: user=0.00 sys=0.00, real=0.00 secs] 
2020-11-15T19:00:39.994+0800: 0.739: [GC concurrent-root-region-scan-start]
2020-11-15T19:00:39.994+0800: 0.739: [GC concurrent-root-region-scan-end, 0.0001389 secs]
2020-11-15T19:00:39.994+0800: 0.739: [GC concurrent-mark-start]
2020-11-15T19:00:39.996+0800: 0.741: [GC concurrent-mark-end, 0.0018197 secs]
2020-11-15T19:00:39.996+0800: 0.741: [GC remark 2020-11-15T19:00:39.996+0800: 0.741: [Finalize Marking, 0.0000942 secs] 2020-11-15T19:00:39.996+0800: 0.741: [GC ref-proc, 0.0000764 secs] 2020-11-15T19:00:39.996+0800: 0.741: [Unloading, 0.0003734 secs], 0.0010403 secs]
 [Times: user=0.08 sys=0.00, real=0.00 secs] 
2020-11-15T19:00:39.997+0800: 0.742: [GC cleanup 461M->457M(1024M), 0.0004696 secs]
 [Times: user=0.00 sys=0.00, real=0.00 secs] 
2020-11-15T19:00:39.998+0800: 0.743: [GC concurrent-cleanup-start]
2020-11-15T19:00:39.998+0800: 0.743: [GC concurrent-cleanup-end, 0.0000086 secs]
2020-11-15T19:00:40.061+0800: 0.806: [GC pause (G1 Evacuation Pause) (young), 0.0202038 secs]
   [Parallel Time: 19.0 ms, GC Workers: 10]
      [GC Worker Start (ms): Min: 806.6, Avg: 806.6, Max: 806.7, Diff: 0.1]
      [Ext Root Scanning (ms): Min: 0.1, Avg: 0.1, Max: 0.2, Diff: 0.1, Sum: 1.2]
      [Update RS (ms): Min: 0.2, Avg: 0.4, Max: 2.0, Diff: 1.8, Sum: 3.8]
         [Processed Buffers: Min: 0, Avg: 2.6, Max: 4, Diff: 4, Sum: 26]
      [Scan RS (ms): Min: 0.0, Avg: 0.0, Max: 0.1, Diff: 0.1, Sum: 0.3]
      [Code Root Scanning (ms): Min: 0.0, Avg: 0.0, Max: 0.0, Diff: 0.0, Sum: 0.0]
      [Object Copy (ms): Min: 16.7, Avg: 18.2, Max: 18.5, Diff: 1.8, Sum: 181.9]
      [Termination (ms): Min: 0.0, Avg: 0.1, Max: 0.2, Diff: 0.2, Sum: 1.1]
         [Termination Attempts: Min: 1, Avg: 1.5, Max: 2, Diff: 1, Sum: 15]
      [GC Worker Other (ms): Min: 0.0, Avg: 0.0, Max: 0.1, Diff: 0.0, Sum: 0.3]
      [GC Worker Total (ms): Min: 18.8, Avg: 18.9, Max: 18.9, Diff: 0.1, Sum: 188.7]
      [GC Worker End (ms): Min: 825.5, Avg: 825.5, Max: 825.5, Diff: 0.1]
   [Code Root Fixup: 0.0 ms]
   [Code Root Purge: 0.0 ms]
   [Clear CT: 0.3 ms]
   [Other: 0.9 ms]
      [Choose CSet: 0.0 ms]
      [Ref Proc: 0.2 ms]
      [Ref Enq: 0.0 ms]
      [Redirty Cards: 0.1 ms]
      [Humongous Register: 0.3 ms]
      [Humongous Reclaim: 0.2 ms]
      [Free CSet: 0.2 ms]
   [Eden: 304.0M(304.0M)->0.0B(12.0M) Survivors: 5120.0K->39.0M Heap: 830.9M(1024.0M)->536.1M(1024.0M)]
 [Times: user=0.05 sys=0.11, real=0.02 secs] 
2020-11-15T19:00:40.084+0800: 0.829: [GC pause (G1 Evacuation Pause) (mixed), 0.0148174 secs]
   [Parallel Time: 13.7 ms, GC Workers: 10]
      [GC Worker Start (ms): Min: 829.4, Avg: 829.5, Max: 829.5, Diff: 0.1]
      [Ext Root Scanning (ms): Min: 0.1, Avg: 0.1, Max: 0.2, Diff: 0.1, Sum: 1.2]
      [Update RS (ms): Min: 0.1, Avg: 0.2, Max: 0.3, Diff: 0.1, Sum: 1.5]
         [Processed Buffers: Min: 1, Avg: 2.2, Max: 4, Diff: 3, Sum: 22]
      [Scan RS (ms): Min: 0.0, Avg: 0.1, Max: 0.2, Diff: 0.2, Sum: 0.5]
      [Code Root Scanning (ms): Min: 0.0, Avg: 0.0, Max: 0.0, Diff: 0.0, Sum: 0.0]
      [Object Copy (ms): Min: 12.7, Avg: 12.9, Max: 13.1, Diff: 0.3, Sum: 129.2]
      [Termination (ms): Min: 0.0, Avg: 0.1, Max: 0.2, Diff: 0.2, Sum: 1.3]
         [Termination Attempts: Min: 1, Avg: 1.0, Max: 1, Diff: 0, Sum: 10]
      [GC Worker Other (ms): Min: 0.0, Avg: 0.1, Max: 0.2, Diff: 0.2, Sum: 1.0]
      [GC Worker Total (ms): Min: 13.4, Avg: 13.5, Max: 13.6, Diff: 0.3, Sum: 134.8]
      [GC Worker End (ms): Min: 842.9, Avg: 842.9, Max: 843.1, Diff: 0.2]
   [Code Root Fixup: 0.0 ms]
   [Code Root Purge: 0.0 ms]
   [Clear CT: 0.2 ms]
   [Other: 0.9 ms]
      [Choose CSet: 0.1 ms]
      [Ref Proc: 0.1 ms]
      [Ref Enq: 0.0 ms]
      [Redirty Cards: 0.2 ms]
      [Humongous Register: 0.2 ms]
      [Humongous Reclaim: 0.0 ms]
      [Free CSet: 0.2 ms]
   [Eden: 12.0M(12.0M)->0.0B(291.0M) Survivors: 39.0M->5120.0K Heap: 549.4M(1024.0M)->464.8M(1024.0M)]
 [Times: user=0.16 sys=0.00, real=0.01 secs] 
2020-11-15T19:00:40.099+0800: 0.844: [GC pause (G1 Humongous Allocation) (young) (initial-mark), 0.0013982 secs]
   [Parallel Time: 0.9 ms, GC Workers: 10]
      [GC Worker Start (ms): Min: 844.5, Avg: 844.6, Max: 844.6, Diff: 0.1]
      [Ext Root Scanning (ms): Min: 0.1, Avg: 0.1, Max: 0.2, Diff: 0.1, Sum: 1.1]
      [Update RS (ms): Min: 0.0, Avg: 0.1, Max: 0.4, Diff: 0.4, Sum: 1.3]
         [Processed Buffers: Min: 1, Avg: 1.1, Max: 2, Diff: 1, Sum: 11]
      [Scan RS (ms): Min: 0.0, Avg: 0.0, Max: 0.0, Diff: 0.0, Sum: 0.0]
      [Code Root Scanning (ms): Min: 0.0, Avg: 0.0, Max: 0.0, Diff: 0.0, Sum: 0.0]
      [Object Copy (ms): Min: 0.3, Avg: 0.5, Max: 0.7, Diff: 0.4, Sum: 4.9]
      [Termination (ms): Min: 0.0, Avg: 0.1, Max: 0.2, Diff: 0.2, Sum: 1.0]
         [Termination Attempts: Min: 1, Avg: 1.0, Max: 1, Diff: 0, Sum: 10]
      [GC Worker Other (ms): Min: 0.0, Avg: 0.0, Max: 0.0, Diff: 0.0, Sum: 0.1]
      [GC Worker Total (ms): Min: 0.8, Avg: 0.8, Max: 0.9, Diff: 0.1, Sum: 8.4]
      [GC Worker End (ms): Min: 845.4, Avg: 845.4, Max: 845.4, Diff: 0.0]
   [Code Root Fixup: 0.0 ms]
   [Code Root Purge: 0.0 ms]
   [Clear CT: 0.1 ms]
   [Other: 0.4 ms]
      [Choose CSet: 0.0 ms]
      [Ref Proc: 0.1 ms]
      [Ref Enq: 0.0 ms]
      [Redirty Cards: 0.1 ms]
      [Humongous Register: 0.1 ms]
      [Humongous Reclaim: 0.0 ms]
      [Free CSet: 0.0 ms]
   [Eden: 2048.0K(291.0M)->0.0B(303.0M) Survivors: 5120.0K->5120.0K Heap: 466.4M(1024.0M)->465.2M(1024.0M)]
 [Times: user=0.00 sys=0.00, real=0.00 secs] 
2020-11-15T19:00:40.100+0800: 0.846: [GC concurrent-root-region-scan-start]
2020-11-15T19:00:40.101+0800: 0.846: [GC concurrent-root-region-scan-end, 0.0000792 secs]
2020-11-15T19:00:40.101+0800: 0.846: [GC concurrent-mark-start]
2020-11-15T19:00:40.102+0800: 0.847: [GC concurrent-mark-end, 0.0014063 secs]
2020-11-15T19:00:40.102+0800: 0.848: [GC remark 2020-11-15T19:00:40.102+0800: 0.848: [Finalize Marking, 0.0001044 secs] 2020-11-15T19:00:40.102+0800: 0.848: [GC ref-proc, 0.0000713 secs] 2020-11-15T19:00:40.102+0800: 0.848: [Unloading, 0.0004565 secs], 0.0011998 secs]
 [Times: user=0.00 sys=0.00, real=0.00 secs] 
2020-11-15T19:00:40.103+0800: 0.849: [GC cleanup 475M->469M(1024M), 0.0005951 secs]
 [Times: user=0.00 sys=0.00, real=0.00 secs] 
2020-11-15T19:00:40.104+0800: 0.849: [GC concurrent-cleanup-start]
2020-11-15T19:00:40.104+0800: 0.849: [GC concurrent-cleanup-end, 0.0000090 secs]
2020-11-15T19:00:40.165+0800: 0.910: [GC pause (G1 Evacuation Pause) (young) (to-space exhausted), 0.0160249 secs]
   [Parallel Time: 14.9 ms, GC Workers: 10]
      [GC Worker Start (ms): Min: 910.2, Avg: 910.2, Max: 910.3, Diff: 0.1]
      [Ext Root Scanning (ms): Min: 0.0, Avg: 0.1, Max: 0.2, Diff: 0.1, Sum: 0.9]
      [Update RS (ms): Min: 0.2, Avg: 0.3, Max: 1.6, Diff: 1.4, Sum: 3.3]
         [Processed Buffers: Min: 0, Avg: 2.9, Max: 4, Diff: 4, Sum: 29]
      [Scan RS (ms): Min: 0.0, Avg: 0.0, Max: 0.0, Diff: 0.0, Sum: 0.2]
      [Code Root Scanning (ms): Min: 0.0, Avg: 0.0, Max: 0.0, Diff: 0.0, Sum: 0.0]
      [Object Copy (ms): Min: 12.8, Avg: 14.0, Max: 14.3, Diff: 1.5, Sum: 140.2]
      [Termination (ms): Min: 0.0, Avg: 0.1, Max: 0.2, Diff: 0.2, Sum: 1.1]
         [Termination Attempts: Min: 1, Avg: 1.0, Max: 1, Diff: 0, Sum: 10]
      [GC Worker Other (ms): Min: 0.0, Avg: 0.1, Max: 0.2, Diff: 0.2, Sum: 0.9]
      [GC Worker Total (ms): Min: 14.5, Avg: 14.6, Max: 14.9, Diff: 0.3, Sum: 146.5]
      [GC Worker End (ms): Min: 924.8, Avg: 924.9, Max: 925.0, Diff: 0.2]
   [Code Root Fixup: 0.0 ms]
   [Code Root Purge: 0.0 ms]
   [Clear CT: 0.2 ms]
   [Other: 1.0 ms]
      [Evacuation Failure: 0.2 ms]
      [Choose CSet: 0.0 ms]
      [Ref Proc: 0.1 ms]
      [Ref Enq: 0.0 ms]
      [Redirty Cards: 0.1 ms]
      [Humongous Register: 0.1 ms]
      [Humongous Reclaim: 0.2 ms]
      [Free CSet: 0.2 ms]
   [Eden: 303.0M(303.0M)->0.0B(12.0M) Survivors: 5120.0K->39.0M Heap: 837.8M(1024.0M)->576.7M(1024.0M)]
 [Times: user=0.16 sys=0.00, real=0.02 secs] 
2020-11-15T19:00:40.183+0800: 0.929: [GC pause (G1 Evacuation Pause) (mixed), 0.0135581 secs]
   [Parallel Time: 12.6 ms, GC Workers: 10]
      [GC Worker Start (ms): Min: 928.7, Avg: 928.8, Max: 928.9, Diff: 0.1]
      [Ext Root Scanning (ms): Min: 0.0, Avg: 0.1, Max: 0.2, Diff: 0.1, Sum: 0.8]
      [Update RS (ms): Min: 0.2, Avg: 0.3, Max: 0.3, Diff: 0.0, Sum: 2.6]
         [Processed Buffers: Min: 3, Avg: 4.0, Max: 6, Diff: 3, Sum: 40]
      [Scan RS (ms): Min: 0.0, Avg: 0.0, Max: 0.0, Diff: 0.0, Sum: 0.2]
      [Code Root Scanning (ms): Min: 0.0, Avg: 0.0, Max: 0.0, Diff: 0.0, Sum: 0.0]
      [Object Copy (ms): Min: 11.7, Avg: 11.9, Max: 12.0, Diff: 0.2, Sum: 118.7]
      [Termination (ms): Min: 0.0, Avg: 0.1, Max: 0.2, Diff: 0.2, Sum: 1.1]
         [Termination Attempts: Min: 1, Avg: 1.0, Max: 1, Diff: 0, Sum: 10]
      [GC Worker Other (ms): Min: 0.0, Avg: 0.0, Max: 0.0, Diff: 0.0, Sum: 0.2]
      [GC Worker Total (ms): Min: 12.3, Avg: 12.4, Max: 12.4, Diff: 0.1, Sum: 123.8]
      [GC Worker End (ms): Min: 941.2, Avg: 941.2, Max: 941.2, Diff: 0.0]
   [Code Root Fixup: 0.0 ms]
   [Code Root Purge: 0.0 ms]
   [Clear CT: 0.1 ms]
   [Other: 0.9 ms]
      [Choose CSet: 0.0 ms]
      [Ref Proc: 0.2 ms]
      [Ref Enq: 0.0 ms]
      [Redirty Cards: 0.3 ms]
      [Humongous Register: 0.1 ms]
      [Humongous Reclaim: 0.0 ms]
      [Free CSet: 0.1 ms]
   [Eden: 12.0M(12.0M)->0.0B(262.0M) Survivors: 39.0M->4096.0K Heap: 592.1M(1024.0M)->510.4M(1024.0M)]
 [Times: user=0.02 sys=0.00, real=0.01 secs] 
2020-11-15T19:00:40.197+0800: 0.942: [GC pause (G1 Humongous Allocation) (young) (initial-mark), 0.0015391 secs]
   [Parallel Time: 0.9 ms, GC Workers: 10]
      [GC Worker Start (ms): Min: 942.6, Avg: 942.7, Max: 942.8, Diff: 0.1]
      [Ext Root Scanning (ms): Min: 0.0, Avg: 0.1, Max: 0.2, Diff: 0.1, Sum: 0.7]
      [Update RS (ms): Min: 0.0, Avg: 0.1, Max: 0.4, Diff: 0.4, Sum: 1.3]
         [Processed Buffers: Min: 1, Avg: 1.1, Max: 2, Diff: 1, Sum: 11]
      [Scan RS (ms): Min: 0.0, Avg: 0.0, Max: 0.0, Diff: 0.0, Sum: 0.0]
      [Code Root Scanning (ms): Min: 0.0, Avg: 0.0, Max: 0.0, Diff: 0.0, Sum: 0.0]
      [Object Copy (ms): Min: 0.0, Avg: 0.4, Max: 0.5, Diff: 0.5, Sum: 4.0]
      [Termination (ms): Min: 0.0, Avg: 0.1, Max: 0.2, Diff: 0.2, Sum: 0.7]
         [Termination Attempts: Min: 1, Avg: 1.0, Max: 1, Diff: 0, Sum: 10]
      [GC Worker Other (ms): Min: 0.0, Avg: 0.0, Max: 0.0, Diff: 0.0, Sum: 0.1]
      [GC Worker Total (ms): Min: 0.6, Avg: 0.7, Max: 0.8, Diff: 0.1, Sum: 6.8]
      [GC Worker End (ms): Min: 943.4, Avg: 943.4, Max: 943.4, Diff: 0.0]
   [Code Root Fixup: 0.0 ms]
   [Code Root Purge: 0.0 ms]
   [Clear CT: 0.2 ms]
   [Other: 0.4 ms]
      [Choose CSet: 0.0 ms]
      [Ref Proc: 0.1 ms]
      [Ref Enq: 0.0 ms]
      [Redirty Cards: 0.1 ms]
      [Humongous Register: 0.1 ms]
      [Humongous Reclaim: 0.0 ms]
      [Free CSet: 0.0 ms]
   [Eden: 2048.0K(262.0M)->0.0B(274.0M) Survivors: 4096.0K->4096.0K Heap: 511.8M(1024.0M)->510.4M(1024.0M)]
 [Times: user=0.00 sys=0.00, real=0.00 secs] 
2020-11-15T19:00:40.198+0800: 0.944: [GC concurrent-root-region-scan-start]
2020-11-15T19:00:40.199+0800: 0.944: [GC concurrent-root-region-scan-end, 0.0001902 secs]
2020-11-15T19:00:40.199+0800: 0.944: [GC concurrent-mark-start]
2020-11-15T19:00:40.200+0800: 0.946: [GC concurrent-mark-end, 0.0015045 secs]
2020-11-15T19:00:40.200+0800: 0.946: [GC remark 2020-11-15T19:00:40.200+0800: 0.946: [Finalize Marking, 0.0001922 secs] 2020-11-15T19:00:40.200+0800: 0.946: [GC ref-proc, 0.0000704 secs] 2020-11-15T19:00:40.200+0800: 0.946: [Unloading, 0.0003846 secs], 0.0012062 secs]
 [Times: user=0.00 sys=0.00, real=0.00 secs] 
2020-11-15T19:00:40.201+0800: 0.947: [GC cleanup 524M->521M(1024M), 0.0006190 secs]
 [Times: user=0.00 sys=0.00, real=0.00 secs] 
2020-11-15T19:00:40.202+0800: 0.948: [GC concurrent-cleanup-start]
2020-11-15T19:00:40.202+0800: 0.948: [GC concurrent-cleanup-end, 0.0000075 secs]
2020-11-15T19:00:40.258+0800: 1.004: [GC pause (G1 Evacuation Pause) (young) (to-space exhausted), 0.0150508 secs]
   [Parallel Time: 13.0 ms, GC Workers: 10]
      [GC Worker Start (ms): Min: 1004.3, Avg: 1004.4, Max: 1004.6, Diff: 0.2]
      [Ext Root Scanning (ms): Min: 0.0, Avg: 0.1, Max: 0.2, Diff: 0.2, Sum: 1.5]
      [Update RS (ms): Min: 0.2, Avg: 0.4, Max: 2.4, Diff: 2.2, Sum: 4.4]
         [Processed Buffers: Min: 0, Avg: 3.2, Max: 4, Diff: 4, Sum: 32]
      [Scan RS (ms): Min: 0.0, Avg: 0.0, Max: 0.0, Diff: 0.0, Sum: 0.4]
      [Code Root Scanning (ms): Min: 0.0, Avg: 0.0, Max: 0.0, Diff: 0.0, Sum: 0.0]
      [Object Copy (ms): Min: 10.1, Avg: 12.1, Max: 12.3, Diff: 2.2, Sum: 120.7]
      [Termination (ms): Min: 0.0, Avg: 0.1, Max: 0.1, Diff: 0.1, Sum: 0.6]
         [Termination Attempts: Min: 1, Avg: 1.0, Max: 1, Diff: 0, Sum: 10]
      [GC Worker Other (ms): Min: 0.0, Avg: 0.0, Max: 0.1, Diff: 0.1, Sum: 0.4]
      [GC Worker Total (ms): Min: 12.6, Avg: 12.8, Max: 12.9, Diff: 0.3, Sum: 127.9]
      [GC Worker End (ms): Min: 1017.2, Avg: 1017.2, Max: 1017.3, Diff: 0.1]
   [Code Root Fixup: 0.0 ms]
   [Code Root Purge: 0.0 ms]
   [Clear CT: 0.3 ms]
   [Other: 1.8 ms]
      [Evacuation Failure: 0.4 ms]
      [Choose CSet: 0.0 ms]
      [Ref Proc: 0.4 ms]
      [Ref Enq: 0.0 ms]
      [Redirty Cards: 0.5 ms]
      [Humongous Register: 0.2 ms]
      [Humongous Reclaim: 0.1 ms]
      [Free CSet: 0.1 ms]
   [Eden: 274.0M(274.0M)->0.0B(16.0M) Survivors: 4096.0K->35.0M Heap: 845.9M(1024.0M)->633.4M(1024.0M)]
 [Times: user=0.14 sys=0.00, real=0.02 secs] 
2020-11-15T19:00:40.277+0800: 1.022: [GC pause (G1 Evacuation Pause) (mixed), 0.0136820 secs]
   [Parallel Time: 12.0 ms, GC Workers: 10]
      [GC Worker Start (ms): Min: 1022.4, Avg: 1022.5, Max: 1022.5, Diff: 0.1]
      [Ext Root Scanning (ms): Min: 0.1, Avg: 0.1, Max: 0.2, Diff: 0.1, Sum: 1.2]
      [Update RS (ms): Min: 0.1, Avg: 0.2, Max: 0.3, Diff: 0.1, Sum: 2.4]
         [Processed Buffers: Min: 2, Avg: 2.7, Max: 4, Diff: 2, Sum: 27]
      [Scan RS (ms): Min: 0.0, Avg: 0.1, Max: 0.2, Diff: 0.1, Sum: 0.5]
      [Code Root Scanning (ms): Min: 0.0, Avg: 0.0, Max: 0.0, Diff: 0.0, Sum: 0.0]
      [Object Copy (ms): Min: 11.2, Avg: 11.3, Max: 11.4, Diff: 0.2, Sum: 112.9]
      [Termination (ms): Min: 0.0, Avg: 0.1, Max: 0.2, Diff: 0.2, Sum: 0.9]
         [Termination Attempts: Min: 1, Avg: 1.1, Max: 2, Diff: 1, Sum: 11]
      [GC Worker Other (ms): Min: 0.0, Avg: 0.0, Max: 0.0, Diff: 0.0, Sum: 0.1]
      [GC Worker Total (ms): Min: 11.8, Avg: 11.8, Max: 11.9, Diff: 0.1, Sum: 118.0]
      [GC Worker End (ms): Min: 1034.3, Avg: 1034.3, Max: 1034.3, Diff: 0.0]
   [Code Root Fixup: 0.0 ms]
   [Code Root Purge: 0.0 ms]
   [Clear CT: 0.8 ms]
   [Other: 0.9 ms]
      [Choose CSet: 0.0 ms]
      [Ref Proc: 0.1 ms]
      [Ref Enq: 0.0 ms]
      [Redirty Cards: 0.4 ms]
      [Humongous Register: 0.2 ms]
      [Humongous Reclaim: 0.0 ms]
      [Free CSet: 0.1 ms]
   [Eden: 16.0M(16.0M)->0.0B(46.0M) Survivors: 35.0M->5120.0K Heap: 651.2M(1024.0M)->561.6M(1024.0M)]
 [Times: user=0.13 sys=0.00, real=0.01 secs] 
2020-11-15T19:00:40.300+0800: 1.045: [GC pause (G1 Evacuation Pause) (mixed), 0.0075547 secs]
   [Parallel Time: 6.2 ms, GC Workers: 10]
      [GC Worker Start (ms): Min: 1045.5, Avg: 1045.6, Max: 1045.7, Diff: 0.1]
      [Ext Root Scanning (ms): Min: 0.0, Avg: 0.1, Max: 0.2, Diff: 0.1, Sum: 0.9]
      [Update RS (ms): Min: 0.3, Avg: 0.3, Max: 0.4, Diff: 0.1, Sum: 3.3]
         [Processed Buffers: Min: 0, Avg: 4.6, Max: 7, Diff: 7, Sum: 46]
      [Scan RS (ms): Min: 0.0, Avg: 0.0, Max: 0.1, Diff: 0.1, Sum: 0.2]
      [Code Root Scanning (ms): Min: 0.0, Avg: 0.0, Max: 0.0, Diff: 0.0, Sum: 0.0]
      [Object Copy (ms): Min: 5.4, Avg: 5.6, Max: 5.6, Diff: 0.2, Sum: 55.6]
      [Termination (ms): Min: 0.0, Avg: 0.1, Max: 0.2, Diff: 0.2, Sum: 0.7]
         [Termination Attempts: Min: 1, Avg: 1.0, Max: 1, Diff: 0, Sum: 10]
      [GC Worker Other (ms): Min: 0.0, Avg: 0.0, Max: 0.0, Diff: 0.0, Sum: 0.1]
      [GC Worker Total (ms): Min: 6.0, Avg: 6.1, Max: 6.2, Diff: 0.1, Sum: 60.8]
      [GC Worker End (ms): Min: 1051.7, Avg: 1051.7, Max: 1051.7, Diff: 0.0]
   [Code Root Fixup: 0.0 ms]
   [Code Root Purge: 0.0 ms]
   [Clear CT: 0.5 ms]
   [Other: 0.9 ms]
      [Choose CSet: 0.0 ms]
      [Ref Proc: 0.3 ms]
      [Ref Enq: 0.0 ms]
      [Redirty Cards: 0.3 ms]
      [Humongous Register: 0.1 ms]
      [Humongous Reclaim: 0.0 ms]
      [Free CSet: 0.0 ms]
   [Eden: 46.0M(46.0M)->0.0B(233.0M) Survivors: 5120.0K->7168.0K Heap: 620.4M(1024.0M)->556.9M(1024.0M)]
 [Times: user=0.00 sys=0.00, real=0.01 secs] 
2020-11-15T19:00:40.308+0800: 1.053: [GC pause (G1 Humongous Allocation) (young) (initial-mark), 0.0020350 secs]
   [Parallel Time: 1.5 ms, GC Workers: 10]
      [GC Worker Start (ms): Min: 1053.4, Avg: 1053.5, Max: 1053.5, Diff: 0.1]
      [Ext Root Scanning (ms): Min: 0.0, Avg: 0.1, Max: 0.2, Diff: 0.1, Sum: 0.7]
      [Update RS (ms): Min: 0.0, Avg: 0.1, Max: 0.2, Diff: 0.2, Sum: 0.9]
         [Processed Buffers: Min: 1, Avg: 1.1, Max: 2, Diff: 1, Sum: 11]
      [Scan RS (ms): Min: 0.0, Avg: 0.0, Max: 0.0, Diff: 0.0, Sum: 0.0]
      [Code Root Scanning (ms): Min: 0.0, Avg: 0.0, Max: 0.0, Diff: 0.0, Sum: 0.0]
      [Object Copy (ms): Min: 1.0, Avg: 1.2, Max: 1.3, Diff: 0.3, Sum: 11.5]
      [Termination (ms): Min: 0.0, Avg: 0.1, Max: 0.2, Diff: 0.2, Sum: 0.7]
         [Termination Attempts: Min: 1, Avg: 1.0, Max: 1, Diff: 0, Sum: 10]
      [GC Worker Other (ms): Min: 0.0, Avg: 0.0, Max: 0.0, Diff: 0.0, Sum: 0.1]
      [GC Worker Total (ms): Min: 1.4, Avg: 1.4, Max: 1.5, Diff: 0.1, Sum: 14.0]
      [GC Worker End (ms): Min: 1054.9, Avg: 1054.9, Max: 1054.9, Diff: 0.0]
   [Code Root Fixup: 0.0 ms]
   [Code Root Purge: 0.0 ms]
   [Clear CT: 0.1 ms]
   [Other: 0.5 ms]
      [Choose CSet: 0.0 ms]
      [Ref Proc: 0.1 ms]
      [Ref Enq: 0.0 ms]
      [Redirty Cards: 0.2 ms]
      [Humongous Register: 0.1 ms]
      [Humongous Reclaim: 0.0 ms]
      [Free CSet: 0.0 ms]
   [Eden: 2048.0K(233.0M)->0.0B(226.0M) Survivors: 7168.0K->8192.0K Heap: 558.5M(1024.0M)->557.2M(1024.0M)]
 [Times: user=0.16 sys=0.00, real=0.00 secs] 
2020-11-15T19:00:40.310+0800: 1.055: [GC concurrent-root-region-scan-start]
2020-11-15T19:00:40.310+0800: 1.056: [GC concurrent-root-region-scan-end, 0.0002054 secs]
2020-11-15T19:00:40.310+0800: 1.056: [GC concurrent-mark-start]
2020-11-15T19:00:40.312+0800: 1.058: [GC concurrent-mark-end, 0.0023118 secs]
2020-11-15T19:00:40.313+0800: 1.058: [GC remark 2020-11-15T19:00:40.313+0800: 1.058: [Finalize Marking, 0.0003686 secs] 2020-11-15T19:00:40.313+0800: 1.059: [GC ref-proc, 0.0000741 secs] 2020-11-15T19:00:40.313+0800: 1.059: [Unloading, 0.0005519 secs], 0.0015026 secs]
 [Times: user=0.00 sys=0.00, real=0.00 secs] 
2020-11-15T19:00:40.314+0800: 1.060: [GC cleanup 569M->560M(1024M), 0.0007423 secs]
 [Times: user=0.00 sys=0.00, real=0.00 secs] 
2020-11-15T19:00:40.315+0800: 1.060: [GC concurrent-cleanup-start]
2020-11-15T19:00:40.315+0800: 1.060: [GC concurrent-cleanup-end, 0.0000129 secs]
Heap
 garbage-first heap   total 1048576K, used 683451K [0x00000000c0000000, 0x00000000c0102000, 0x0000000100000000)
  region size 1024K, 104 young (106496K), 8 survivors (8192K)
 Metaspace       used 2645K, capacity 4486K, committed 4864K, reserved 1056768K
  class space    used 292K, capacity 386K, committed 512K, reserved 1048576K
