Java HotSpot(TM) 64-Bit Server VM (25.221-b11) for windows-amd64 JRE (1.8.0_221-b11), built on Jul  4 2019 04:39:29 by "java_re" with MS VC++ 10.0 (VS2010)
Memory: 4k page, physical 8191824k(2149412k free), swap 16087708k(3201944k free)
CommandLine flags: -XX:InitialHeapSize=536870912 -XX:MaxHeapSize=536870912 -XX:+PrintGC -XX:+PrintGCDateStamps -XX:+PrintGCDetails -XX:+PrintGCTimeStamps -XX:+UseCompressedClassPointers -XX:+UseCompressedOops -XX:-UseLargePagesIndividualAllocation -XX:+UseSerialGC 
2020-11-15T18:44:35.537+0800: 0.120: [GC (Allocation Failure) 2020-11-15T18:44:35.537+0800: 0.121: [DefNew: 139776K->17471K(157248K), 0.0166166 secs] 139776K->43153K(506816K), 0.0167654 secs] [Times: user=0.00 sys=0.02, real=0.02 secs] 
2020-11-15T18:44:35.576+0800: 0.159: [GC (Allocation Failure) 2020-11-15T18:44:35.576+0800: 0.159: [DefNew: 157247K->17471K(157248K), 0.0252602 secs] 182929K->89728K(506816K), 0.0253048 secs] [Times: user=0.00 sys=0.01, real=0.03 secs] 
2020-11-15T18:44:35.624+0800: 0.208: [GC (Allocation Failure) 2020-11-15T18:44:35.624+0800: 0.208: [DefNew: 157247K->17471K(157248K), 0.0206156 secs] 229504K->136728K(506816K), 0.0206644 secs] [Times: user=0.00 sys=0.02, real=0.02 secs] 
2020-11-15T18:44:35.667+0800: 0.250: [GC (Allocation Failure) 2020-11-15T18:44:35.667+0800: 0.250: [DefNew: 157247K->17471K(157248K), 0.0216135 secs] 276504K->187019K(506816K), 0.0216675 secs] [Times: user=0.02 sys=0.01, real=0.02 secs] 
2020-11-15T18:44:35.709+0800: 0.292: [GC (Allocation Failure) 2020-11-15T18:44:35.709+0800: 0.292: [DefNew: 157247K->17470K(157248K), 0.0197548 secs] 326795K->230486K(506816K), 0.0198228 secs] [Times: user=0.02 sys=0.00, real=0.02 secs] 
2020-11-15T18:44:35.749+0800: 0.333: [GC (Allocation Failure) 2020-11-15T18:44:35.749+0800: 0.333: [DefNew: 157246K->17471K(157248K), 0.0204550 secs] 370262K->275521K(506816K), 0.0205251 secs] [Times: user=0.00 sys=0.02, real=0.02 secs] 
2020-11-15T18:44:35.789+0800: 0.373: [GC (Allocation Failure) 2020-11-15T18:44:35.790+0800: 0.373: [DefNew: 157247K->17470K(157248K), 0.0204385 secs] 415297K->321513K(506816K), 0.0205005 secs] [Times: user=0.02 sys=0.02, real=0.02 secs] 
2020-11-15T18:44:35.831+0800: 0.414: [GC (Allocation Failure) 2020-11-15T18:44:35.831+0800: 0.414: [DefNew: 157246K->157246K(157248K), 0.0000123 secs]2020-11-15T18:44:35.831+0800: 0.414: [Tenured: 304043K->272577K(349568K), 0.0444003 secs] 461289K->272577K(506816K), [Metaspace: 2638K->2638K(1056768K)], 0.0444803 secs] [Times: user=0.05 sys=0.00, real=0.04 secs] 
2020-11-15T18:44:35.895+0800: 0.478: [GC (Allocation Failure) 2020-11-15T18:44:35.895+0800: 0.478: [DefNew: 139673K->17471K(157248K), 0.0099464 secs] 412250K->322729K(506816K), 0.0099952 secs] [Times: user=0.02 sys=0.00, real=0.01 secs] 
2020-11-15T18:44:35.926+0800: 0.510: [GC (Allocation Failure) 2020-11-15T18:44:35.927+0800: 0.510: [DefNew: 157247K->157247K(157248K), 0.0000267 secs]2020-11-15T18:44:35.927+0800: 0.510: [Tenured: 305258K->298788K(349568K), 0.0504046 secs] 462505K->298788K(506816K), [Metaspace: 2638K->2638K(1056768K)], 0.0505427 secs] [Times: user=0.05 sys=0.00, real=0.05 secs] 
2020-11-15T18:44:36.002+0800: 0.585: [GC (Allocation Failure) 2020-11-15T18:44:36.002+0800: 0.585: [DefNew: 139776K->17471K(157248K), 0.0131248 secs] 438564K->344038K(506816K), 0.0131927 secs] [Times: user=0.02 sys=0.00, real=0.01 secs] 
2020-11-15T18:44:36.035+0800: 0.617: [GC (Allocation Failure) 2020-11-15T18:44:36.035+0800: 0.618: [DefNew: 156758K->156758K(157248K), 0.0000146 secs]2020-11-15T18:44:36.035+0800: 0.618: [Tenured: 326566K->324010K(349568K), 0.0539467 secs] 483324K->324010K(506816K), [Metaspace: 2638K->2638K(1056768K)], 0.0540216 secs] [Times: user=0.05 sys=0.00, real=0.05 secs] 
2020-11-15T18:44:36.109+0800: 0.692: [GC (Allocation Failure) 2020-11-15T18:44:36.109+0800: 0.692: [DefNew: 139776K->139776K(157248K), 0.0000162 secs]2020-11-15T18:44:36.109+0800: 0.692: [Tenured: 324010K->313723K(349568K), 0.0564018 secs] 463786K->313723K(506816K), [Metaspace: 2638K->2638K(1056768K)], 0.0564953 secs] [Times: user=0.05 sys=0.00, real=0.06 secs] 
2020-11-15T18:44:36.184+0800: 0.767: [GC (Allocation Failure) 2020-11-15T18:44:36.184+0800: 0.767: [DefNew: 139776K->139776K(157248K), 0.0000160 secs]2020-11-15T18:44:36.184+0800: 0.767: [Tenured: 313723K->341146K(349568K), 0.0391309 secs] 453499K->341146K(506816K), [Metaspace: 2638K->2638K(1056768K)], 0.0392133 secs] [Times: user=0.03 sys=0.00, real=0.04 secs] 
2020-11-15T18:44:36.241+0800: 0.825: [GC (Allocation Failure) 2020-11-15T18:44:36.241+0800: 0.825: [DefNew: 139776K->139776K(157248K), 0.0000115 secs]2020-11-15T18:44:36.241+0800: 0.825: [Tenured: 341146K->347858K(349568K), 0.0501180 secs] 480922K->347858K(506816K), [Metaspace: 2638K->2638K(1056768K)], 0.0501918 secs] [Times: user=0.05 sys=0.00, real=0.05 secs] 
2020-11-15T18:44:36.312+0800: 0.895: [GC (Allocation Failure) 2020-11-15T18:44:36.312+0800: 0.895: [DefNew: 139776K->139776K(157248K), 0.0000115 secs]2020-11-15T18:44:36.312+0800: 0.895: [Tenured: 347858K->349244K(349568K), 0.0554803 secs] 487634K->351412K(506816K), [Metaspace: 2638K->2638K(1056768K)], 0.0555407 secs] [Times: user=0.05 sys=0.00, real=0.06 secs] 
2020-11-15T18:44:36.390+0800: 0.973: [Full GC (Allocation Failure) 2020-11-15T18:44:36.390+0800: 0.973: [Tenured: 349552K->338038K(349568K), 0.0601209 secs] 506800K->338038K(506816K), [Metaspace: 2638K->2638K(1056768K)], 0.0601742 secs] [Times: user=0.06 sys=0.00, real=0.06 secs] 
2020-11-15T18:44:36.470+0800: 1.053: [GC (Allocation Failure) 2020-11-15T18:44:36.470+0800: 1.053: [DefNew: 139776K->139776K(157248K), 0.0000120 secs]2020-11-15T18:44:36.470+0800: 1.053: [Tenured: 338038K->349187K(349568K), 0.0409537 secs] 477814K->351035K(506816K), [Metaspace: 2638K->2638K(1056768K)], 0.0410305 secs] [Times: user=0.03 sys=0.00, real=0.04 secs] 
Heap
 def new generation   total 157248K, used 7812K [0x00000000e0000000, 0x00000000eaaa0000, 0x00000000eaaa0000)
  eden space 139776K,   5% used [0x00000000e0000000, 0x00000000e07a12d0, 0x00000000e8880000)
  from space 17472K,   0% used [0x00000000e9990000, 0x00000000e9990000, 0x00000000eaaa0000)
  to   space 17472K,   0% used [0x00000000e8880000, 0x00000000e8880000, 0x00000000e9990000)
 tenured generation   total 349568K, used 349187K [0x00000000eaaa0000, 0x0000000100000000, 0x0000000100000000)
   the space 349568K,  99% used [0x00000000eaaa0000, 0x00000000fffa0df0, 0x00000000fffa0e00, 0x0000000100000000)
 Metaspace       used 2645K, capacity 4486K, committed 4864K, reserved 1056768K
  class space    used 292K, capacity 386K, committed 512K, reserved 1048576K
