Java HotSpot(TM) 64-Bit Server VM (25.221-b11) for windows-amd64 JRE (1.8.0_221-b11), built on Jul  4 2019 04:39:29 by "java_re" with MS VC++ 10.0 (VS2010)
Memory: 4k page, physical 8191824k(742000k free), swap 16056144k(3731300k free)
CommandLine flags: -XX:InitialHeapSize=131069184 -XX:MaxHeapSize=2097106944 -XX:+PrintGC -XX:+PrintGCDetails -XX:+PrintGCTimeStamps -XX:+UseCompressedClassPointers -XX:+UseCompressedOops -XX:-UseLargePagesIndividualAllocation -XX:+UseParallelOldGC 
0.302: [GC (Allocation Failure) [PSYoungGen: 32768K->3303K(37888K)] 32768K->3319K(123904K), 0.0023169 secs] [Times: user=0.00 sys=0.00, real=0.00 secs] 
0.412: [GC (Allocation Failure) [PSYoungGen: 36071K->3743K(37888K)] 36087K->3786K(123904K), 0.0031098 secs] [Times: user=0.00 sys=0.00, real=0.01 secs] 
0.495: [GC (Allocation Failure) [PSYoungGen: 36511K->4896K(37888K)] 36554K->4947K(123904K), 0.0034486 secs] [Times: user=0.00 sys=0.00, real=0.00 secs] 
0.554: [GC (GCLocker Initiated GC) [PSYoungGen: 37664K->4586K(70656K)] 37715K->4645K(156672K), 0.0032110 secs] [Times: user=0.00 sys=0.00, real=0.00 secs] 
0.680: [GC (Allocation Failure) [PSYoungGen: 70122K->5114K(70656K)] 70188K->7520K(156672K), 0.0060380 secs] [Times: user=0.00 sys=0.00, real=0.01 secs] 
0.800: [GC (Metadata GC Threshold) [PSYoungGen: 58814K->7661K(137216K)] 61220K->10761K(223232K), 0.0059635 secs] [Times: user=0.00 sys=0.00, real=0.01 secs] 
0.806: [Full GC (Metadata GC Threshold) [PSYoungGen: 7661K->0K(137216K)] [ParOldGen: 3099K->7987K(54784K)] 10761K->7987K(192000K), [Metaspace: 20439K->20439K(1067008K)], 0.0175906 secs] [Times: user=0.02 sys=0.00, real=0.02 secs] 
1.258: [GC (Allocation Failure) [PSYoungGen: 129536K->6721K(138752K)] 137523K->14781K(193536K), 0.0043843 secs] [Times: user=0.00 sys=0.00, real=0.01 secs] 
1.927: [GC (Allocation Failure) [PSYoungGen: 136257K->9197K(208896K)] 144317K->20857K(263680K), 0.0073617 secs] [Times: user=0.00 sys=0.00, real=0.01 secs] 
2.734: [GC (Metadata GC Threshold) [PSYoungGen: 184101K->11840K(211968K)] 195761K->23508K(266752K), 0.0077239 secs] [Times: user=0.00 sys=0.00, real=0.01 secs] 
2.742: [Full GC (Metadata GC Threshold) [PSYoungGen: 11840K->0K(211968K)] [ParOldGen: 11668K->16498K(88064K)] 23508K->16498K(300032K), [Metaspace: 33861K->33861K(1079296K)], 0.0492820 secs] [Times: user=0.23 sys=0.00, real=0.05 secs] 
Heap
 PSYoungGen      total 211968K, used 15789K [0x00000000d6580000, 0x00000000e7e00000, 0x0000000100000000)
  eden space 199680K, 7% used [0x00000000d6580000,0x00000000d74eb430,0x00000000e2880000)
  from space 12288K, 0% used [0x00000000e2880000,0x00000000e2880000,0x00000000e3480000)
  to   space 13824K, 0% used [0x00000000e7080000,0x00000000e7080000,0x00000000e7e00000)
 ParOldGen       total 88064K, used 16498K [0x0000000083000000, 0x0000000088600000, 0x00000000d6580000)
  object space 88064K, 18% used [0x0000000083000000,0x000000008401cbd8,0x0000000088600000)
 Metaspace       used 33870K, capacity 35441K, committed 35752K, reserved 1081344K
  class space    used 4415K, capacity 4702K, committed 4776K, reserved 1048576K
