Java HotSpot(TM) 64-Bit Server VM (25.221-b11) for windows-amd64 JRE (1.8.0_221-b11), built on Jul  4 2019 04:39:29 by "java_re" with MS VC++ 10.0 (VS2010)
Memory: 4k page, physical 8191824k(2345428k free), swap 16642604k(3629760k free)
CommandLine flags: -XX:InitialHeapSize=4294967296 -XX:MaxHeapSize=4294967296 -XX:MaxNewSize=872415232 -XX:MaxTenuringThreshold=6 -XX:NewSize=872415232 -XX:OldPLABSize=16 -XX:OldSize=1744830464 -XX:+PrintGC -XX:+PrintGCDateStamps -XX:+PrintGCDetails -XX:+PrintGCTimeStamps -XX:+UseCompressedClassPointers -XX:+UseCompressedOops -XX:+UseConcMarkSweepGC -XX:-UseLargePagesIndividualAllocation -XX:+UseParNewGC 
2020-11-15T18:54:44.734+0800: 0.411: [GC (Allocation Failure) 2020-11-15T18:54:44.734+0800: 0.412: [ParNew: 681600K->85184K(766784K), 0.0353265 secs] 681600K->171391K(4109120K), 0.0354578 secs] [Times: user=0.20 sys=0.11, real=0.04 secs] 
2020-11-15T18:54:44.865+0800: 0.542: [GC (Allocation Failure) 2020-11-15T18:54:44.865+0800: 0.542: [ParNew: 766784K->85184K(766784K), 0.0468401 secs] 852991K->308399K(4109120K), 0.0469202 secs] [Times: user=0.14 sys=0.30, real=0.05 secs] 
2020-11-15T18:54:45.008+0800: 0.685: [GC (Allocation Failure) 2020-11-15T18:54:45.008+0800: 0.685: [ParNew: 766784K->85184K(766784K), 0.0627074 secs] 989999K->450514K(4109120K), 0.0627985 secs] [Times: user=0.51 sys=0.05, real=0.06 secs] 
2020-11-15T18:54:45.162+0800: 0.839: [GC (Allocation Failure) 2020-11-15T18:54:45.162+0800: 0.839: [ParNew: 766784K->85183K(766784K), 0.0664849 secs] 1132114K->598735K(4109120K), 0.0665398 secs] [Times: user=0.61 sys=0.01, real=0.07 secs] 
2020-11-15T18:54:45.330+0800: 1.007: [GC (Allocation Failure) 2020-11-15T18:54:45.330+0800: 1.007: [ParNew: 766783K->85183K(766784K), 0.0648141 secs] 1280335K->741014K(4109120K), 0.0648761 secs] [Times: user=0.59 sys=0.03, real=0.07 secs] 
2020-11-15T18:54:45.485+0800: 1.162: [GC (Allocation Failure) 2020-11-15T18:54:45.486+0800: 1.162: [ParNew: 766783K->85183K(766784K), 0.0688723 secs] 1422614K->884521K(4109120K), 0.0689960 secs] [Times: user=0.63 sys=0.00, real=0.07 secs] 
Heap
 par new generation   total 766784K, used 112485K [0x00000006c0000000, 0x00000006f4000000, 0x00000006f4000000)
  eden space 681600K,   4% used [0x00000006c0000000, 0x00000006c1aa98c0, 0x00000006e99a0000)
  from space 85184K,  99% used [0x00000006e99a0000, 0x00000006eeccfea0, 0x00000006eecd0000)
  to   space 85184K,   0% used [0x00000006eecd0000, 0x00000006eecd0000, 0x00000006f4000000)
 concurrent mark-sweep generation total 3342336K, used 799338K [0x00000006f4000000, 0x00000007c0000000, 0x00000007c0000000)
 Metaspace       used 2645K, capacity 4486K, committed 4864K, reserved 1056768K
  class space    used 292K, capacity 386K, committed 512K, reserved 1048576K
