Java HotSpot(TM) 64-Bit Server VM (25.221-b11) for windows-amd64 JRE (1.8.0_221-b11), built on Jul  4 2019 04:39:29 by "java_re" with MS VC++ 10.0 (VS2010)
Memory: 4k page, physical 8191824k(2145028k free), swap 16087708k(3204608k free)
CommandLine flags: -XX:InitialHeapSize=1073741824 -XX:MaxHeapSize=1073741824 -XX:+PrintGC -XX:+PrintGCDateStamps -XX:+PrintGCDetails -XX:+PrintGCTimeStamps -XX:+UseCompressedClassPointers -XX:+UseCompressedOops -XX:-UseLargePagesIndividualAllocation -XX:+UseSerialGC 
2020-11-15T18:44:36.775+0800: 0.164: [GC (Allocation Failure) 2020-11-15T18:44:36.775+0800: 0.164: [DefNew: 279616K->34943K(314560K), 0.0257041 secs] 279616K->77655K(1013632K), 0.0258401 secs] [Times: user=0.02 sys=0.01, real=0.03 secs] 
2020-11-15T18:44:36.846+0800: 0.234: [GC (Allocation Failure) 2020-11-15T18:44:36.846+0800: 0.234: [DefNew: 314559K->34943K(314560K), 0.0419545 secs] 357271K->163287K(1013632K), 0.0420440 secs] [Times: user=0.02 sys=0.03, real=0.04 secs] 
2020-11-15T18:44:36.928+0800: 0.316: [GC (Allocation Failure) 2020-11-15T18:44:36.928+0800: 0.316: [DefNew: 314559K->34944K(314560K), 0.0358201 secs] 442903K->244340K(1013632K), 0.0358746 secs] [Times: user=0.03 sys=0.00, real=0.04 secs] 
2020-11-15T18:44:37.001+0800: 0.390: [GC (Allocation Failure) 2020-11-15T18:44:37.001+0800: 0.390: [DefNew: 314560K->34943K(314560K), 0.0372873 secs] 523956K->329310K(1013632K), 0.0373447 secs] [Times: user=0.02 sys=0.02, real=0.04 secs] 
2020-11-15T18:44:37.080+0800: 0.467: [GC (Allocation Failure) 2020-11-15T18:44:37.080+0800: 0.467: [DefNew: 314559K->34941K(314560K), 0.0331774 secs] 608926K->403404K(1013632K), 0.0332544 secs] [Times: user=0.02 sys=0.02, real=0.03 secs] 
2020-11-15T18:44:37.152+0800: 0.540: [GC (Allocation Failure) 2020-11-15T18:44:37.152+0800: 0.540: [DefNew: 314557K->34944K(314560K), 0.0346378 secs] 683020K->480180K(1013632K), 0.0346926 secs] [Times: user=0.05 sys=0.00, real=0.04 secs] 
2020-11-15T18:44:37.226+0800: 0.614: [GC (Allocation Failure) 2020-11-15T18:44:37.226+0800: 0.614: [DefNew: 314560K->34943K(314560K), 0.0360226 secs] 759796K->560125K(1013632K), 0.0360809 secs] [Times: user=0.03 sys=0.00, real=0.04 secs] 
2020-11-15T18:44:37.302+0800: 0.691: [GC (Allocation Failure) 2020-11-15T18:44:37.303+0800: 0.691: [DefNew: 314559K->34943K(314560K), 0.0379028 secs] 839741K->644914K(1013632K), 0.0380168 secs] [Times: user=0.03 sys=0.02, real=0.04 secs] 
2020-11-15T18:44:37.382+0800: 0.770: [GC (Allocation Failure) 2020-11-15T18:44:37.382+0800: 0.770: [DefNew: 314559K->314559K(314560K), 0.0000119 secs]2020-11-15T18:44:37.382+0800: 0.770: [Tenured: 609970K->384394K(699072K), 0.0609846 secs] 924530K->384394K(1013632K), [Metaspace: 2638K->2638K(1056768K)], 0.0610589 secs] [Times: user=0.06 sys=0.00, real=0.06 secs] 
2020-11-15T18:44:37.485+0800: 0.872: [GC (Allocation Failure) 2020-11-15T18:44:37.485+0800: 0.872: [DefNew: 279616K->34943K(314560K), 0.0156601 secs] 664010K->470149K(1013632K), 0.0157135 secs] [Times: user=0.02 sys=0.00, real=0.02 secs] 
2020-11-15T18:44:37.543+0800: 0.931: [GC (Allocation Failure) 2020-11-15T18:44:37.543+0800: 0.931: [DefNew: 314494K->34943K(314560K), 0.0198823 secs] 749699K->543082K(1013632K), 0.0199390 secs] [Times: user=0.03 sys=0.00, real=0.02 secs] 
2020-11-15T18:44:37.602+0800: 0.990: [GC (Allocation Failure) 2020-11-15T18:44:37.602+0800: 0.990: [DefNew: 314559K->34943K(314560K), 0.0207683 secs] 822698K->620604K(1013632K), 0.0208240 secs] [Times: user=0.03 sys=0.00, real=0.02 secs] 
2020-11-15T18:44:37.664+0800: 1.052: [GC (Allocation Failure) 2020-11-15T18:44:37.664+0800: 1.052: [DefNew: 314490K->34943K(314560K), 0.0289426 secs] 900151K->695408K(1013632K), 0.0289962 secs] [Times: user=0.02 sys=0.01, real=0.03 secs] 
Heap
 def new generation   total 314560K, used 46427K [0x00000000c0000000, 0x00000000d5550000, 0x00000000d5550000)
  eden space 279616K,   4% used [0x00000000c0000000, 0x00000000c0b36cf8, 0x00000000d1110000)
  from space 34944K,  99% used [0x00000000d1110000, 0x00000000d332ff28, 0x00000000d3330000)
  to   space 34944K,   0% used [0x00000000d3330000, 0x00000000d3330000, 0x00000000d5550000)
 tenured generation   total 699072K, used 660465K [0x00000000d5550000, 0x0000000100000000, 0x0000000100000000)
   the space 699072K,  94% used [0x00000000d5550000, 0x00000000fda4c4b0, 0x00000000fda4c600, 0x0000000100000000)
 Metaspace       used 2645K, capacity 4486K, committed 4864K, reserved 1056768K
  class space    used 292K, capacity 386K, committed 512K, reserved 1048576K
