Java HotSpot(TM) 64-Bit Server VM (25.221-b11) for windows-amd64 JRE (1.8.0_221-b11), built on Jul  4 2019 04:39:29 by "java_re" with MS VC++ 10.0 (VS2010)
Memory: 4k page, physical 8191824k(2158352k free), swap 16087708k(3201412k free)
CommandLine flags: -XX:InitialHeapSize=134217728 -XX:MaxHeapSize=134217728 -XX:+PrintGC -XX:+PrintGCDateStamps -XX:+PrintGCDetails -XX:+PrintGCTimeStamps -XX:+UseCompressedClassPointers -XX:+UseCompressedOops -XX:-UseLargePagesIndividualAllocation -XX:+UseSerialGC 
2020-11-15T18:44:35.056+0800: 0.081: [GC (Allocation Failure) 2020-11-15T18:44:35.056+0800: 0.081: [DefNew: 34543K->4351K(39296K), 0.0047193 secs] 34543K->10143K(126720K), 0.0048533 secs] [Times: user=0.00 sys=0.02, real=0.01 secs] 
2020-11-15T18:44:35.071+0800: 0.095: [GC (Allocation Failure) 2020-11-15T18:44:35.071+0800: 0.095: [DefNew: 38572K->4346K(39296K), 0.0060699 secs] 44363K->20580K(126720K), 0.0061335 secs] [Times: user=0.00 sys=0.02, real=0.01 secs] 
2020-11-15T18:44:35.085+0800: 0.109: [GC (Allocation Failure) 2020-11-15T18:44:35.085+0800: 0.109: [DefNew: 39290K->4351K(39296K), 0.0048522 secs] 55524K->31456K(126720K), 0.0048959 secs] [Times: user=0.00 sys=0.01, real=0.00 secs] 
2020-11-15T18:44:35.097+0800: 0.121: [GC (Allocation Failure) 2020-11-15T18:44:35.097+0800: 0.121: [DefNew: 39273K->4349K(39296K), 0.0047965 secs] 66378K->40450K(126720K), 0.0048636 secs] [Times: user=0.00 sys=0.00, real=0.01 secs] 
2020-11-15T18:44:35.108+0800: 0.132: [GC (Allocation Failure) 2020-11-15T18:44:35.108+0800: 0.132: [DefNew: 38980K->4321K(39296K), 0.0046811 secs] 75080K->49811K(126720K), 0.0047322 secs] [Times: user=0.00 sys=0.00, real=0.00 secs] 
2020-11-15T18:44:35.118+0800: 0.143: [GC (Allocation Failure) 2020-11-15T18:44:35.118+0800: 0.143: [DefNew: 39265K->4349K(39296K), 0.0057112 secs] 84755K->61970K(126720K), 0.0057607 secs] [Times: user=0.00 sys=0.02, real=0.01 secs] 
2020-11-15T18:44:35.131+0800: 0.155: [GC (Allocation Failure) 2020-11-15T18:44:35.131+0800: 0.155: [DefNew: 39293K->4351K(39296K), 0.0054654 secs] 96914K->74398K(126720K), 0.0055361 secs] [Times: user=0.00 sys=0.00, real=0.00 secs] 
2020-11-15T18:44:35.143+0800: 0.167: [GC (Allocation Failure) 2020-11-15T18:44:35.143+0800: 0.167: [DefNew: 39188K->4351K(39296K), 0.0055059 secs] 109236K->84203K(126720K), 0.0055531 secs] [Times: user=0.00 sys=0.00, real=0.01 secs] 
2020-11-15T18:44:35.153+0800: 0.177: [GC (Allocation Failure) 2020-11-15T18:44:35.153+0800: 0.178: [DefNew: 39190K->39190K(39296K), 0.0000107 secs]2020-11-15T18:44:35.153+0800: 0.178: [Tenured: 79851K->87386K(87424K), 0.0151334 secs] 119042K->89461K(126720K), [Metaspace: 2638K->2638K(1056768K)], 0.0152072 secs] [Times: user=0.00 sys=0.01, real=0.01 secs] 
2020-11-15T18:44:35.174+0800: 0.198: [Full GC (Allocation Failure) 2020-11-15T18:44:35.174+0800: 0.198: [Tenured: 87386K->87061K(87424K), 0.0142333 secs] 126593K->100160K(126720K), [Metaspace: 2638K->2638K(1056768K)], 0.0142947 secs] [Times: user=0.02 sys=0.00, real=0.01 secs] 
2020-11-15T18:44:35.192+0800: 0.216: [Full GC (Allocation Failure) 2020-11-15T18:44:35.192+0800: 0.216: [Tenured: 87061K->87271K(87424K), 0.0146444 secs] 125776K->106029K(126720K), [Metaspace: 2638K->2638K(1056768K)], 0.0146897 secs] [Times: user=0.02 sys=0.00, real=0.01 secs] 
2020-11-15T18:44:35.210+0800: 0.234: [Full GC (Allocation Failure) 2020-11-15T18:44:35.210+0800: 0.234: [Tenured: 87397K->87324K(87424K), 0.0200669 secs] 126677K->107449K(126720K), [Metaspace: 2638K->2638K(1056768K)], 0.0201151 secs] [Times: user=0.02 sys=0.00, real=0.02 secs] 
2020-11-15T18:44:35.233+0800: 0.257: [Full GC (Allocation Failure) 2020-11-15T18:44:35.233+0800: 0.257: [Tenured: 87392K->87392K(87424K), 0.0027394 secs] 126686K->115762K(126720K), [Metaspace: 2638K->2638K(1056768K)], 0.0027798 secs] [Times: user=0.00 sys=0.00, real=0.00 secs] 
2020-11-15T18:44:35.237+0800: 0.261: [Full GC (Allocation Failure) 2020-11-15T18:44:35.237+0800: 0.261: [Tenured: 87392K->87392K(87424K), 0.0017228 secs] 126682K->120894K(126720K), [Metaspace: 2638K->2638K(1056768K)], 0.0017501 secs] [Times: user=0.00 sys=0.00, real=0.00 secs] 
2020-11-15T18:44:35.239+0800: 0.264: [Full GC (Allocation Failure) 2020-11-15T18:44:35.239+0800: 0.264: [Tenured: 87392K->87392K(87424K), 0.0047064 secs] 126662K->121592K(126720K), [Metaspace: 2638K->2638K(1056768K)], 0.0047531 secs] [Times: user=0.00 sys=0.00, real=0.01 secs] 
2020-11-15T18:44:35.245+0800: 0.270: [Full GC (Allocation Failure) 2020-11-15T18:44:35.245+0800: 0.270: [Tenured: 87392K->86857K(87424K), 0.0195910 secs] 126515K->118901K(126720K), [Metaspace: 2638K->2638K(1056768K)], 0.0196347 secs] [Times: user=0.03 sys=0.00, real=0.02 secs] 
2020-11-15T18:44:35.266+0800: 0.290: [Full GC (Allocation Failure) 2020-11-15T18:44:35.266+0800: 0.290: [Tenured: 87283K->87283K(87424K), 0.0036619 secs] 126492K->121731K(126720K), [Metaspace: 2638K->2638K(1056768K)], 0.0036905 secs] [Times: user=0.00 sys=0.00, real=0.00 secs] 
2020-11-15T18:44:35.271+0800: 0.295: [Full GC (Allocation Failure) 2020-11-15T18:44:35.271+0800: 0.295: [Tenured: 87283K->87283K(87424K), 0.0050951 secs] 126440K->122945K(126720K), [Metaspace: 2638K->2638K(1056768K)], 0.0051227 secs] [Times: user=0.00 sys=0.00, real=0.00 secs] 
2020-11-15T18:44:35.276+0800: 0.301: [Full GC (Allocation Failure) 2020-11-15T18:44:35.276+0800: 0.301: [Tenured: 87283K->87283K(87424K), 0.0027126 secs] 126329K->124250K(126720K), [Metaspace: 2638K->2638K(1056768K)], 0.0027501 secs] [Times: user=0.02 sys=0.00, real=0.00 secs] 
2020-11-15T18:44:35.279+0800: 0.304: [Full GC (Allocation Failure) 2020-11-15T18:44:35.280+0800: 0.304: [Tenured: 87355K->86901K(87424K), 0.0171228 secs] 126651K->124235K(126720K), [Metaspace: 2638K->2638K(1056768K)], 0.0171670 secs] [Times: user=0.01 sys=0.00, real=0.02 secs] 
2020-11-15T18:44:35.297+0800: 0.321: [Full GC (Allocation Failure) 2020-11-15T18:44:35.297+0800: 0.321: [Tenured: 87271K->87271K(87424K), 0.0016312 secs] 126454K->124837K(126720K), [Metaspace: 2638K->2638K(1056768K)], 0.0016602 secs] [Times: user=0.00 sys=0.00, real=0.00 secs] 
2020-11-15T18:44:35.299+0800: 0.323: [Full GC (Allocation Failure) 2020-11-15T18:44:35.299+0800: 0.323: [Tenured: 87271K->87271K(87424K), 0.0028835 secs] 126298K->125626K(126720K), [Metaspace: 2638K->2638K(1056768K)], 0.0029097 secs] [Times: user=0.00 sys=0.00, real=0.00 secs] 
2020-11-15T18:44:35.303+0800: 0.326: [Full GC (Allocation Failure) 2020-11-15T18:44:35.303+0800: 0.326: [Tenured: 87271K->87271K(87424K), 0.0009516 secs] 126555K->125626K(126720K), [Metaspace: 2638K->2638K(1056768K)], 0.0009726 secs] [Times: user=0.00 sys=0.00, real=0.00 secs] 
2020-11-15T18:44:35.304+0800: 0.328: [Full GC (Allocation Failure) 2020-11-15T18:44:35.304+0800: 0.328: [Tenured: 87271K->86832K(87424K), 0.0193488 secs] 126427K->124717K(126720K), [Metaspace: 2638K->2638K(1056768K)], 0.0193938 secs] [Times: user=0.02 sys=0.00, real=0.02 secs] 
2020-11-15T18:44:35.323+0800: 0.347: [Full GC (Allocation Failure) 2020-11-15T18:44:35.323+0800: 0.347: [Tenured: 87303K->87303K(87424K), 0.0014579 secs] 126526K->125516K(126720K), [Metaspace: 2638K->2638K(1056768K)], 0.0014893 secs] [Times: user=0.02 sys=0.00, real=0.00 secs] 
2020-11-15T18:44:35.325+0800: 0.349: [Full GC (Allocation Failure) 2020-11-15T18:44:35.325+0800: 0.349: [Tenured: 87375K->87375K(87424K), 0.0010570 secs] 126561K->126217K(126720K), [Metaspace: 2638K->2638K(1056768K)], 0.0010811 secs] [Times: user=0.00 sys=0.00, real=0.00 secs] 
2020-11-15T18:44:35.326+0800: 0.350: [Full GC (Allocation Failure) 2020-11-15T18:44:35.326+0800: 0.350: [Tenured: 87375K->87375K(87424K), 0.0008818 secs] 126653K->126505K(126720K), [Metaspace: 2638K->2638K(1056768K)], 0.0009018 secs] [Times: user=0.00 sys=0.00, real=0.00 secs] 
2020-11-15T18:44:35.327+0800: 0.351: [Full GC (Allocation Failure) 2020-11-15T18:44:35.327+0800: 0.351: [Tenured: 87375K->87160K(87424K), 0.0134697 secs] 126505K->126291K(126720K), [Metaspace: 2638K->2638K(1056768K)], 0.0135035 secs] [Times: user=0.02 sys=0.00, real=0.01 secs] 
2020-11-15T18:44:35.341+0800: 0.365: [Full GC (Allocation Failure) 2020-11-15T18:44:35.341+0800: 0.365: [Tenured: 87350K->87350K(87424K), 0.0021196 secs] 126481K->126115K(126720K), [Metaspace: 2638K->2638K(1056768K)], 0.0021916 secs] [Times: user=0.00 sys=0.00, real=0.00 secs] 
2020-11-15T18:44:35.343+0800: 0.367: [Full GC (Allocation Failure) 2020-11-15T18:44:35.343+0800: 0.367: [Tenured: 87350K->87350K(87424K), 0.0011758 secs] 126359K->126115K(126720K), [Metaspace: 2638K->2638K(1056768K)], 0.0011999 secs] [Times: user=0.00 sys=0.00, real=0.00 secs] 
2020-11-15T18:44:35.344+0800: 0.369: [Full GC (Allocation Failure) 2020-11-15T18:44:35.344+0800: 0.369: [Tenured: 87413K->87413K(87424K), 0.0009314 secs] 126656K->126178K(126720K), [Metaspace: 2638K->2638K(1056768K)], 0.0009523 secs] [Times: user=0.00 sys=0.00, real=0.00 secs] 
2020-11-15T18:44:35.346+0800: 0.370: [Full GC (Allocation Failure) 2020-11-15T18:44:35.346+0800: 0.370: [Tenured: 87413K->87413K(87424K), 0.0011333 secs] 126556K->126250K(126720K), [Metaspace: 2638K->2638K(1056768K)], 0.0011689 secs] [Times: user=0.00 sys=0.00, real=0.00 secs] 
2020-11-15T18:44:35.347+0800: 0.371: [Full GC (Allocation Failure) 2020-11-15T18:44:35.347+0800: 0.371: [Tenured: 87413K->87413K(87424K), 0.0009889 secs] 126501K->126275K(126720K), [Metaspace: 2638K->2638K(1056768K)], 0.0010135 secs] [Times: user=0.00 sys=0.00, real=0.00 secs] 
2020-11-15T18:44:35.348+0800: 0.372: [Full GC (Allocation Failure) 2020-11-15T18:44:35.348+0800: 0.372: [Tenured: 87413K->87413K(87424K), 0.0009502 secs] 126275K->126275K(126720K), [Metaspace: 2638K->2638K(1056768K)], 0.0009682 secs] [Times: user=0.00 sys=0.00, real=0.00 secs] 
Heap
 def new generation   total 39296K, used 39087K [0x00000000f8000000, 0x00000000faaa0000, 0x00000000faaa0000)
  eden space 34944K, 100% used [0x00000000f8000000, 0x00000000fa220000, 0x00000000fa220000)
  from space 4352K,  95% used [0x00000000fa220000, 0x00000000fa62bf78, 0x00000000fa660000)
  to   space 4352K,   0% used [0x00000000fa660000, 0x00000000fa660000, 0x00000000faaa0000)
 tenured generation   total 87424K, used 87413K [0x00000000faaa0000, 0x0000000100000000, 0x0000000100000000)
   the space 87424K,  99% used [0x00000000faaa0000, 0x00000000ffffd610, 0x00000000ffffd800, 0x0000000100000000)
 Metaspace       used 2668K, capacity 4486K, committed 4864K, reserved 1056768K
  class space    used 295K, capacity 386K, committed 512K, reserved 1048576K
